Archive member included to satisfy reference by file (symbol)

C:/NXP/S32DS.3.4/S32DS/build_tools/gcc_v6.3/gcc-6.3-arm32-eabi/arm-none-eabi/newlib/lib/thumb/v7e-m/fpv4-sp/hard\libc_nano.a(lib_a-exit.o)
                              C:/NXP/S32DS.3.4/S32DS/build_tools/gcc_v6.3/gcc-6.3-arm32-eabi/arm-none-eabi/newlib/lib/thumb/v7e-m/fpv4-sp/hard/crt0.o (exit)
C:/NXP/S32DS.3.4/S32DS/build_tools/gcc_v6.3/gcc-6.3-arm32-eabi/arm-none-eabi/newlib/lib/thumb/v7e-m/fpv4-sp/hard\libc_nano.a(lib_a-impure.o)
                              C:/NXP/S32DS.3.4/S32DS/build_tools/gcc_v6.3/gcc-6.3-arm32-eabi/arm-none-eabi/newlib/lib/thumb/v7e-m/fpv4-sp/hard\libc_nano.a(lib_a-exit.o) (_global_impure_ptr)
C:/NXP/S32DS.3.4/S32DS/build_tools/gcc_v6.3/gcc-6.3-arm32-eabi/arm-none-eabi/newlib/lib/thumb/v7e-m/fpv4-sp/hard\libc_nano.a(lib_a-init.o)
                              C:/NXP/S32DS.3.4/S32DS/build_tools/gcc_v6.3/gcc-6.3-arm32-eabi/arm-none-eabi/newlib/lib/thumb/v7e-m/fpv4-sp/hard/crt0.o (__libc_init_array)
C:/NXP/S32DS.3.4/S32DS/build_tools/gcc_v6.3/gcc-6.3-arm32-eabi/arm-none-eabi/newlib/lib/thumb/v7e-m/fpv4-sp/hard\libc_nano.a(lib_a-memset.o)
                              C:/NXP/S32DS.3.4/S32DS/build_tools/gcc_v6.3/gcc-6.3-arm32-eabi/arm-none-eabi/newlib/lib/thumb/v7e-m/fpv4-sp/hard/crt0.o (memset)
C:/NXP/S32DS.3.4/S32DS/build_tools/gcc_v6.3/gcc-6.3-arm32-eabi/arm-none-eabi/newlib/lib/thumb/v7e-m/fpv4-sp/hard\libnosys.a(_exit.o)
                              C:/NXP/S32DS.3.4/S32DS/build_tools/gcc_v6.3/gcc-6.3-arm32-eabi/arm-none-eabi/newlib/lib/thumb/v7e-m/fpv4-sp/hard\libc_nano.a(lib_a-exit.o) (_exit)

Discarded input sections

 .text          0x00000000        0x0 c:/nxp/s32ds.3.4/s32ds/build_tools/gcc_v6.3/gcc-6.3-arm32-eabi/bin/../lib/gcc/arm-none-eabi/6.3.1/thumb/v7e-m/fpv4-sp/hard/crti.o
 .data          0x00000000        0x0 c:/nxp/s32ds.3.4/s32ds/build_tools/gcc_v6.3/gcc-6.3-arm32-eabi/bin/../lib/gcc/arm-none-eabi/6.3.1/thumb/v7e-m/fpv4-sp/hard/crti.o
 .bss           0x00000000        0x0 c:/nxp/s32ds.3.4/s32ds/build_tools/gcc_v6.3/gcc-6.3-arm32-eabi/bin/../lib/gcc/arm-none-eabi/6.3.1/thumb/v7e-m/fpv4-sp/hard/crti.o
 .text          0x00000000       0xa4 c:/nxp/s32ds.3.4/s32ds/build_tools/gcc_v6.3/gcc-6.3-arm32-eabi/bin/../lib/gcc/arm-none-eabi/6.3.1/thumb/v7e-m/fpv4-sp/hard/crtbegin.o
 .data          0x00000000        0x4 c:/nxp/s32ds.3.4/s32ds/build_tools/gcc_v6.3/gcc-6.3-arm32-eabi/bin/../lib/gcc/arm-none-eabi/6.3.1/thumb/v7e-m/fpv4-sp/hard/crtbegin.o
 .bss           0x00000000       0x1c c:/nxp/s32ds.3.4/s32ds/build_tools/gcc_v6.3/gcc-6.3-arm32-eabi/bin/../lib/gcc/arm-none-eabi/6.3.1/thumb/v7e-m/fpv4-sp/hard/crtbegin.o
 .init_array    0x00000000        0x4 c:/nxp/s32ds.3.4/s32ds/build_tools/gcc_v6.3/gcc-6.3-arm32-eabi/bin/../lib/gcc/arm-none-eabi/6.3.1/thumb/v7e-m/fpv4-sp/hard/crtbegin.o
 .fini_array    0x00000000        0x4 c:/nxp/s32ds.3.4/s32ds/build_tools/gcc_v6.3/gcc-6.3-arm32-eabi/bin/../lib/gcc/arm-none-eabi/6.3.1/thumb/v7e-m/fpv4-sp/hard/crtbegin.o
 .eh_frame      0x00000000        0x0 c:/nxp/s32ds.3.4/s32ds/build_tools/gcc_v6.3/gcc-6.3-arm32-eabi/bin/../lib/gcc/arm-none-eabi/6.3.1/thumb/v7e-m/fpv4-sp/hard/crtbegin.o
 .jcr           0x00000000        0x0 c:/nxp/s32ds.3.4/s32ds/build_tools/gcc_v6.3/gcc-6.3-arm32-eabi/bin/../lib/gcc/arm-none-eabi/6.3.1/thumb/v7e-m/fpv4-sp/hard/crtbegin.o
 .tm_clone_table
                0x00000000        0x0 c:/nxp/s32ds.3.4/s32ds/build_tools/gcc_v6.3/gcc-6.3-arm32-eabi/bin/../lib/gcc/arm-none-eabi/6.3.1/thumb/v7e-m/fpv4-sp/hard/crtbegin.o
 .comment       0x00000000       0xa1 c:/nxp/s32ds.3.4/s32ds/build_tools/gcc_v6.3/gcc-6.3-arm32-eabi/bin/../lib/gcc/arm-none-eabi/6.3.1/thumb/v7e-m/fpv4-sp/hard/crtbegin.o
 .ARM.attributes
                0x00000000       0x34 c:/nxp/s32ds.3.4/s32ds/build_tools/gcc_v6.3/gcc-6.3-arm32-eabi/bin/../lib/gcc/arm-none-eabi/6.3.1/thumb/v7e-m/fpv4-sp/hard/crtbegin.o
 .text          0x00000000       0x74 C:/NXP/S32DS.3.4/S32DS/build_tools/gcc_v6.3/gcc-6.3-arm32-eabi/arm-none-eabi/newlib/lib/thumb/v7e-m/fpv4-sp/hard/crt0.o
 .data          0x00000000        0x0 C:/NXP/S32DS.3.4/S32DS/build_tools/gcc_v6.3/gcc-6.3-arm32-eabi/arm-none-eabi/newlib/lib/thumb/v7e-m/fpv4-sp/hard/crt0.o
 .bss           0x00000000        0x0 C:/NXP/S32DS.3.4/S32DS/build_tools/gcc_v6.3/gcc-6.3-arm32-eabi/arm-none-eabi/newlib/lib/thumb/v7e-m/fpv4-sp/hard/crt0.o
 .ARM.extab     0x00000000        0x0 C:/NXP/S32DS.3.4/S32DS/build_tools/gcc_v6.3/gcc-6.3-arm32-eabi/arm-none-eabi/newlib/lib/thumb/v7e-m/fpv4-sp/hard/crt0.o
 .ARM.exidx     0x00000000        0x8 C:/NXP/S32DS.3.4/S32DS/build_tools/gcc_v6.3/gcc-6.3-arm32-eabi/arm-none-eabi/newlib/lib/thumb/v7e-m/fpv4-sp/hard/crt0.o
 .ARM.attributes
                0x00000000       0x20 C:/NXP/S32DS.3.4/S32DS/build_tools/gcc_v6.3/gcc-6.3-arm32-eabi/arm-none-eabi/newlib/lib/thumb/v7e-m/fpv4-sp/hard/crt0.o
 .data          0x00000000        0x0 ./Project_Settings/Startup_Code/startup_S32K144.o
[...]
Memory Configuration

Name             Origin             Length             Attributes
m_interrupts     0x00000000         0x00000400         xr
m_flash_config   0x00000400         0x00000010         xr
m_text           0x00000410         0x0007fbf0         xr
m_data           0x1fff8000         0x00008000         rw
m_data_2         0x20000000         0x00007000         rw
*default*        0x00000000         0xffffffff

Linker script and memory map

LOAD c:/nxp/s32ds.3.4/s32ds/build_tools/gcc_v6.3/gcc-6.3-arm32-eabi/bin/../lib/gcc/arm-none-eabi/6.3.1/thumb/v7e-m/fpv4-sp/hard/crti.o
LOAD c:/nxp/s32ds.3.4/s32ds/build_tools/gcc_v6.3/gcc-6.3-arm32-eabi/bin/../lib/gcc/arm-none-eabi/6.3.1/thumb/v7e-m/fpv4-sp/hard/crtbegin.o
LOAD C:/NXP/S32DS.3.4/S32DS/build_tools/gcc_v6.3/gcc-6.3-arm32-eabi/arm-none-eabi/newlib/lib/thumb/v7e-m/fpv4-sp/hard/crt0.o
LOAD ./Project_Settings/Startup_Code/startup_S32K144.o
LOAD ./SDK/platform/devices/S32K144/startup/system_S32K144.o
LOAD ./SDK/platform/devices/startup.o
LOAD ./SDK/platform/drivers/src/adc/adc_driver.o
LOAD ./SDK/platform/drivers/src/clock/S32K1xx/clock_S32K1xx.o
LOAD ./SDK/platform/drivers/src/edma/edma_driver.o
LOAD ./SDK/platform/drivers/src/edma/edma_hw_access.o
LOAD ./SDK/platform/drivers/src/edma/edma_irq.o
LOAD ./SDK/platform/drivers/src/interrupt/interrupt_manager.o
LOAD ./SDK/platform/drivers/src/lpi2c/lpi2c_driver.o
LOAD ./SDK/platform/drivers/src/lpi2c/lpi2c_hw_access.o
LOAD ./SDK/platform/drivers/src/lpi2c/lpi2c_irq.o
LOAD ./SDK/platform/drivers/src/lpspi/lpspi_hw_access.o
LOAD ./SDK/platform/drivers/src/lpspi/lpspi_irq.o
LOAD ./SDK/platform/drivers/src/lpspi/lpspi_master_driver.o
LOAD ./SDK/platform/drivers/src/lpspi/lpspi_shared_function.o
LOAD ./SDK/platform/drivers/src/lpspi/lpspi_slave_driver.o
LOAD ./SDK/platform/drivers/src/pins/pins_driver.o
LOAD ./SDK/platform/drivers/src/pins/pins_port_hw_access.o
LOAD ./SDK/rtos/osif/osif_baremetal.o
LOAD ./board/clock_config.o
LOAD ./board/peripherals_adc_config_1.o
LOAD ./board/peripherals_edma_config_1.o
LOAD ./board/peripherals_lpi2c_config_1.o
LOAD ./board/peripherals_lpspi_1.o
LOAD ./board/pin_mux.o
LOAD ./src/main.o
START GROUP
LOAD c:/nxp/s32ds.3.4/s32ds/build_tools/gcc_v6.3/gcc-6.3-arm32-eabi/bin/../lib/gcc/arm-none-eabi/6.3.1/thumb/v7e-m/fpv4-sp/hard\libgcc.a
LOAD C:/NXP/S32DS.3.4/S32DS/build_tools/gcc_v6.3/gcc-6.3-arm32-eabi/arm-none-eabi/newlib/lib/thumb/v7e-m/fpv4-sp/hard\libc_nano.a
END GROUP
START GROUP
LOAD c:/nxp/s32ds.3.4/s32ds/build_tools/gcc_v6.3/gcc-6.3-arm32-eabi/bin/../lib/gcc/arm-none-eabi/6.3.1/thumb/v7e-m/fpv4-sp/hard\libgcc.a
LOAD C:/NXP/S32DS.3.4/S32DS/build_tools/gcc_v6.3/gcc-6.3-arm32-eabi/arm-none-eabi/newlib/lib/thumb/v7e-m/fpv4-sp/hard\libc_nano.a
LOAD C:/NXP/S32DS.3.4/S32DS/build_tools/gcc_v6.3/gcc-6.3-arm32-eabi/arm-none-eabi/newlib/lib/thumb/v7e-m/fpv4-sp/hard\libnosys.a
END GROUP
START GROUP
LOAD c:/nxp/s32ds.3.4/s32ds/build_tools/gcc_v6.3/gcc-6.3-arm32-eabi/bin/../lib/gcc/arm-none-eabi/6.3.1/thumb/v7e-m/fpv4-sp/hard\libgcc.a
LOAD C:/NXP/S32DS.3.4/S32DS/build_tools/gcc_v6.3/gcc-6.3-arm32-eabi/arm-none-eabi/newlib/lib/thumb/v7e-m/fpv4-sp/hard\libc_nano.a
LOAD C:/NXP/S32DS.3.4/S32DS/build_tools/gcc_v6.3/gcc-6.3-arm32-eabi/arm-none-eabi/newlib/lib/thumb/v7e-m/fpv4-sp/hard\libnosys.a
END GROUP
LOAD c:/nxp/s32ds.3.4/s32ds/build_tools/gcc_v6.3/gcc-6.3-arm32-eabi/bin/../lib/gcc/arm-none-eabi/6.3.1/thumb/v7e-m/fpv4-sp/hard/crtend.o
LOAD c:/nxp/s32ds.3.4/s32ds/build_tools/gcc_v6.3/gcc-6.3-arm32-eabi/bin/../lib/gcc/arm-none-eabi/6.3.1/thumb/v7e-m/fpv4-sp/hard/crtn.o
                0x00000400                HEAP_SIZE = DEFINED (__heap_size__)?__heap_size__:0x400
                0x00000400                STACK_SIZE = DEFINED (__stack_size__)?__stack_size__:0x400
                0x00000400                M_VECTOR_RAM_SIZE = DEFINED (__flash_vector_table__)?0x0:0x400

.interrupts     0x00000000      0x400
                0x00000000                __VECTOR_TABLE = .
                0x00000000                __interrupts_start__ = .
                0x00000000                . = ALIGN (0x4)
 *(.isr_vector)
 .isr_vector    0x00000000      0x400 ./Project_Settings/Startup_Code/startup_S32K144.o
                0x00000000                __isr_vector
                0x00000400                __interrupts_end__ = .
                0x00000400                . = ALIGN (0x4)

.flash_config   0x00000400       0x10
                0x00000400                . = ALIGN (0x4)
 *(.FlashConfig)
 .FlashConfig   0x00000400       0x10 ./Project_Settings/Startup_Code/startup_S32K144.o
                0x00000410                . = ALIGN (0x4)

.text           0x00000410     0x3408
                0x00000410                . = ALIGN (0x4)
 *(.text)
 .text          0x00000410       0x4c ./Project_Settings/Startup_Code/startup_S32K144.o
                0x00000410                Reset_Handler
                0x00000458                DebugMon_Handler
                0x00000458                Reserved88_IRQHandler
                0x00000458                CAN0_ORed_IRQHandler
                0x00000458                HardFault_Handler
                0x00000458                Reserved86_IRQHandler
                0x00000458                Reserved103_IRQHandler
                0x00000458                FTM2_Ovf_Reload_IRQHandler
                0x00000458                Reserved50_IRQHandler
                0x00000458                FTFC_Fault_IRQHandler
                0x00000458                FTM0_Ch6_Ch7_IRQHandler
                0x00000458                Reserved114_IRQHandler
                0x00000458                PendSV_Handler
                0x00000458                NMI_Handler
                0x00000458                Reserved89_IRQHandler
                0x00000458                ERM_double_fault_IRQHandler
                0x00000458                Reserved59_IRQHandler
                0x00000458                LPIT0_Ch0_IRQHandler
                0x00000458                Reserved99_IRQHandler
                0x00000458                FTM3_Ch6_Ch7_IRQHandler
                0x00000458                CAN2_ORed_0_15_MB_IRQHandler
                0x00000458                LPIT0_Ch3_IRQHandler
                0x00000458                Reserved92_IRQHandler
                0x00000458                FTM0_Ch4_Ch5_IRQHandler
                0x00000458                CAN1_Error_IRQHandler
                0x00000458                FTM3_Ch0_Ch1_IRQHandler
                0x00000458                SWI_IRQHandler
                0x00000458                ADC0_IRQHandler
                0x00000458                FTM2_Ch4_Ch5_IRQHandler
                0x00000458                UsageFault_Handler
                0x00000458                FTM0_Ovf_Reload_IRQHandler
                0x00000458                DefaultISR
                0x00000458                Reserved58_IRQHandler
                0x00000458                CAN1_ORed_0_15_MB_IRQHandler
                0x00000458                FTM1_Ch2_Ch3_IRQHandler
                0x00000458                Reserved82_IRQHandler
                0x00000458                CAN0_ORed_16_31_MB_IRQHandler
                0x00000458                Reserved71_IRQHandler
                0x00000458                PORTD_IRQHandler
                0x00000458                Reserved69_IRQHandler
                0x00000458                PORTB_IRQHandler
                0x00000458                Reserved70_IRQHandler
                0x00000458                ADC1_IRQHandler
                0x00000458                FTM2_Ch2_Ch3_IRQHandler
                0x00000458                Reserved53_IRQHandler
                0x00000458                RTC_IRQHandler
                0x00000458                PDB0_IRQHandler
                0x00000458                Reserved54_IRQHandler
                0x00000458                FTM2_Ch6_Ch7_IRQHandler
                0x00000458                FTM3_Ch2_Ch3_IRQHandler
                0x00000458                FTM2_Ch0_Ch1_IRQHandler
                0x00000458                LPUART1_RxTx_IRQHandler
                0x00000458                RTC_Seconds_IRQHandler
                0x00000458                CAN2_ORed_IRQHandler
                0x00000458                Reserved72_IRQHandler
                0x00000458                Reserved110_IRQHandler
                0x00000458                Reserved107_IRQHandler
                0x00000458                Read_Collision_IRQHandler
                0x00000458                CAN2_Error_IRQHandler
                0x00000458                FTFC_IRQHandler
                0x00000458                FTM1_Ch6_Ch7_IRQHandler
                0x00000458                Reserved105_IRQHandler
                0x00000458                LPIT0_Ch1_IRQHandler
                0x00000458                FTM1_Ch4_Ch5_IRQHandler
                0x00000458                FTM3_Ovf_Reload_IRQHandler
                0x00000458                LPUART2_RxTx_IRQHandler
                0x00000458                WDOG_EWM_IRQHandler
                0x00000458                MemManage_Handler
                0x00000458                Reserved90_IRQHandler
                0x00000458                Reserved83_IRQHandler
                0x00000458                FTM0_Fault_IRQHandler
                0x00000458                Reserved48_IRQHandler
                0x00000458                SVC_Handler
                0x00000458                ERM_single_fault_IRQHandler
                0x00000458                FTM2_Fault_IRQHandler
                0x00000458                FTM0_Ch2_Ch3_IRQHandler
                0x00000458                FTM0_Ch0_Ch1_IRQHandler
                0x00000458                FTM3_Fault_IRQHandler
                0x00000458                RCM_IRQHandler
                0x00000458                Reserved100_IRQHandler
                0x00000458                Reserved91_IRQHandler
                0x00000458                CAN1_ORed_IRQHandler
                0x00000458                SCG_IRQHandler
                0x00000458                PDB1_IRQHandler
                0x00000458                Reserved81_IRQHandler
                0x00000458                Reserved46_IRQHandler
                0x00000458                Reserved45_IRQHandler
                0x00000458                CAN0_Error_IRQHandler
                0x00000458                Reserved112_IRQHandler
                0x00000458                FTM1_Fault_IRQHandler
                0x00000458                Reserved106_IRQHandler
                0x00000458                LVD_LVW_IRQHandler
                0x00000458                LPIT0_Ch2_IRQHandler
                0x00000458                PORTA_IRQHandler
                0x00000458                MCM_IRQHandler
                0x00000458                FTM3_Ch4_Ch5_IRQHandler
                0x00000458                CAN0_ORed_0_15_MB_IRQHandler
                0x00000458                PORTE_IRQHandler
                0x00000458                LPUART0_RxTx_IRQHandler
                0x00000458                LPTMR0_IRQHandler
                0x00000458                BusFault_Handler
                0x00000458                Reserved87_IRQHandler
                0x00000458                FTM1_Ovf_Reload_IRQHandler
                0x00000458                Reserved93_IRQHandler
                0x00000458                CAN0_Wake_Up_IRQHandler
                0x00000458                CMP0_IRQHandler
                0x00000458                Reserved52_IRQHandler
                0x00000458                PORTC_IRQHandler
                0x00000458                FTM1_Ch0_Ch1_IRQHandler
                0x00000458                FLEXIO_IRQHandler
                0x00000458                Reserved113_IRQHandler
 *(.text*)
 .text.SystemInit
                0x0000045c       0x3c ./SDK/platform/devices/S32K144/startup/system_S32K144.o
                0x0000045c                SystemInit
 .text.init_data_bss
                0x00000498       0xd8 ./SDK/platform/devices/startup.o
                0x00000498                init_data_bss
 .text.ADC_DRV_ConfigConverter
                0x00000570      0x188 ./SDK/platform/drivers/src/adc/adc_driver.o
                0x00000570                ADC_DRV_ConfigConverter
 .text.ADC_DRV_ConfigChan
                0x000006f8       0x58 ./SDK/platform/drivers/src/adc/adc_driver.o
                0x000006f8                ADC_DRV_ConfigChan
 .text.ADC_DRV_AutoCalibration
                0x00000750      0x158 ./SDK/platform/drivers/src/adc/adc_driver.o
                0x00000750                ADC_DRV_AutoCalibration
 .text.CLOCK_SYS_GetCurrentRunMode
                0x000008a8       0x24 ./SDK/platform/drivers/src/clock/S32K1xx/clock_S32K1xx.o
 .text.CLOCK_SYS_GetSysOscFreq
                0x000008cc       0x1c ./SDK/platform/drivers/src/clock/S32K1xx/clock_S32K1xx.o
 .text.CLOCK_SYS_ConfigureSOSC
                0x000008e8      0x12c ./SDK/platform/drivers/src/clock/S32K1xx/clock_S32K1xx.o
 .text.CLOCK_SYS_GetSircFreq
                0x00000a14       0x2c ./SDK/platform/drivers/src/clock/S32K1xx/clock_S32K1xx.o
 .text.CLOCK_SYS_ConfigureSIRC
                0x00000a40       0xc4 ./SDK/platform/drivers/src/clock/S32K1xx/clock_S32K1xx.o
 .text.CLOCK_SYS_GetFircFreq
                0x00000b04       0x20 ./SDK/platform/drivers/src/clock/S32K1xx/clock_S32K1xx.o
 .text.CLOCK_SYS_ConfigureFIRC
                0x00000b24       0xb4 ./SDK/platform/drivers/src/clock/S32K1xx/clock_S32K1xx.o
 .text.CLOCK_SYS_GetSysPllFreq
                0x00000bd8       0x44 ./SDK/platform/drivers/src/clock/S32K1xx/clock_S32K1xx.o
 .text.CLOCK_SYS_ConfigureSPLL
                0x00000c1c      0x114 ./SDK/platform/drivers/src/clock/S32K1xx/clock_S32K1xx.o
 .text.CLOCK_SYS_SetSystemClockConfig
                0x00000d30      0x1e4 ./SDK/platform/drivers/src/clock/S32K1xx/clock_S32K1xx.o
 .text.CLOCK_SYS_TransitionSystemClock
                0x00000f14       0x3c ./SDK/platform/drivers/src/clock/S32K1xx/clock_S32K1xx.o
 .text.CLOCK_SYS_GetSystemClockFreq
                0x00000f50       0x78 ./SDK/platform/drivers/src/clock/S32K1xx/clock_S32K1xx.o
 .text.CLOCK_SYS_GetScgClkOutFreq
                0x00000fc8       0x48 ./SDK/platform/drivers/src/clock/S32K1xx/clock_S32K1xx.o
 .text.CLOCK_SYS_GetSysAsyncFreq
                0x00001010       0xdc ./SDK/platform/drivers/src/clock/S32K1xx/clock_S32K1xx.o
 .text.CLOCK_SYS_GetSimRtcClkFreq
                0x000010ec       0x50 ./SDK/platform/drivers/src/clock/S32K1xx/clock_S32K1xx.o
 .text.CLOCK_SYS_GetLpoFreq
                0x0000113c       0x4c ./SDK/platform/drivers/src/clock/S32K1xx/clock_S32K1xx.o
 .text.CLOCK_SYS_GetSimClkOutFreq
                0x00001188       0xac ./SDK/platform/drivers/src/clock/S32K1xx/clock_S32K1xx.o
 .text.CLOCK_SYS_GetSimClockFreq
                0x00001234      0x1b0 ./SDK/platform/drivers/src/clock/S32K1xx/clock_S32K1xx.o
 .text.CLOCK_SYS_GetPeripheralClock
                0x000013e4       0xcc ./SDK/platform/drivers/src/clock/S32K1xx/clock_S32K1xx.o
 .text.CLOCK_DRV_Init
                0x000014b0      0x614 ./SDK/platform/drivers/src/clock/S32K1xx/clock_S32K1xx.o
                0x000014b0                CLOCK_DRV_Init
 .text.CLOCK_DRV_GetFreq
                0x00001ac4      0x230 ./SDK/platform/drivers/src/clock/S32K1xx/clock_S32K1xx.o
                0x00001ac4                CLOCK_DRV_GetFreq
 .text.CLOCK_SYS_GetFreq
                0x00001cf4        0x8 ./SDK/platform/drivers/src/clock/S32K1xx/clock_S32K1xx.o
                0x00001cf4                CLOCK_SYS_GetFreq
 .text.EDMA_DRV_IRQHandler
                0x00001cfc       0x2c ./SDK/platform/drivers/src/edma/edma_driver.o
                0x00001cfc                EDMA_DRV_IRQHandler
 .text.EDMA_DRV_ErrorIRQHandler
                0x00001d28       0x3c ./SDK/platform/drivers/src/edma/edma_driver.o
                0x00001d28                EDMA_DRV_ErrorIRQHandler
 .text.EDMA_DRV_ConfigSingleBlockTransfer
                0x00001d64      0x154 ./SDK/platform/drivers/src/edma/edma_driver.o
                0x00001d64                EDMA_DRV_ConfigSingleBlockTransfer
 .text.EDMA_DRV_ConfigMultiBlockTransfer
                0x00001eb8       0x64 ./SDK/platform/drivers/src/edma/edma_driver.o
                0x00001eb8                EDMA_DRV_ConfigMultiBlockTransfer
 .text.EDMA_DRV_StartChannel
                0x00001f1c       0x18 ./SDK/platform/drivers/src/edma/edma_driver.o
                0x00001f1c                EDMA_DRV_StartChannel
 .text.EDMA_DRV_StopChannel
                0x00001f34       0x18 ./SDK/platform/drivers/src/edma/edma_driver.o
                0x00001f34                EDMA_DRV_StopChannel
 .text.EDMA_DRV_SetChannelRequestAndTrigger
                0x00001f4c       0x44 ./SDK/platform/drivers/src/edma/edma_driver.o
                0x00001f4c                EDMA_DRV_SetChannelRequestAndTrigger
 .text.EDMA_DRV_SetSrcLastAddrAdjustment
                0x00001f90       0x16 ./SDK/platform/drivers/src/edma/edma_driver.o
                0x00001f90                EDMA_DRV_SetSrcLastAddrAdjustment
 *fill*         0x00001fa6        0x2 
 .text.EDMA_DRV_GetDmaRegBaseAddr
                0x00001fa8        0x8 ./SDK/platform/drivers/src/edma/edma_driver.o
                0x00001fa8                EDMA_DRV_GetDmaRegBaseAddr
 .text.EDMA_SetDmaRequestCmd
                0x00001fb0        0xa ./SDK/platform/drivers/src/edma/edma_hw_access.o
                0x00001fb0                EDMA_SetDmaRequestCmd
 .text.EDMA_TCDClearReg
                0x00001fba       0x4a ./SDK/platform/drivers/src/edma/edma_hw_access.o
                0x00001fba                EDMA_TCDClearReg
 .text.EDMA_TCDSetAttribute
                0x00002004       0x30 ./SDK/platform/drivers/src/edma/edma_hw_access.o
                0x00002004                EDMA_TCDSetAttribute
 .text.EDMA_TCDSetNbytes
                0x00002034       0x5c ./SDK/platform/drivers/src/edma/edma_hw_access.o
                0x00002034                EDMA_TCDSetNbytes
 .text.EDMA_TCDSetMajorCount
                0x00002090       0x5e ./SDK/platform/drivers/src/edma/edma_hw_access.o
                0x00002090                EDMA_TCDSetMajorCount
 .text.DMA0_IRQHandler
                0x000020ee        0xa ./SDK/platform/drivers/src/edma/edma_irq.o
                0x000020ee                DMA0_IRQHandler
 .text.DMA1_IRQHandler
                0x000020f8        0xa ./SDK/platform/drivers/src/edma/edma_irq.o
                0x000020f8                DMA1_IRQHandler
 .text.DMA2_IRQHandler
                0x00002102        0xa ./SDK/platform/drivers/src/edma/edma_irq.o
                0x00002102                DMA2_IRQHandler
 .text.DMA3_IRQHandler
                0x0000210c        0xa ./SDK/platform/drivers/src/edma/edma_irq.o
                0x0000210c                DMA3_IRQHandler
 .text.DMA4_IRQHandler
                0x00002116        0xa ./SDK/platform/drivers/src/edma/edma_irq.o
                0x00002116                DMA4_IRQHandler
 .text.DMA5_IRQHandler
                0x00002120        0xa ./SDK/platform/drivers/src/edma/edma_irq.o
                0x00002120                DMA5_IRQHandler
 .text.DMA6_IRQHandler
                0x0000212a        0xa ./SDK/platform/drivers/src/edma/edma_irq.o
                0x0000212a                DMA6_IRQHandler
 .text.DMA7_IRQHandler
                0x00002134        0xa ./SDK/platform/drivers/src/edma/edma_irq.o
                0x00002134                DMA7_IRQHandler
 .text.DMA8_IRQHandler
                0x0000213e        0xa ./SDK/platform/drivers/src/edma/edma_irq.o
                0x0000213e                DMA8_IRQHandler
 .text.DMA9_IRQHandler
                0x00002148        0xa ./SDK/platform/drivers/src/edma/edma_irq.o
                0x00002148                DMA9_IRQHandler
 .text.DMA10_IRQHandler
                0x00002152        0xa ./SDK/platform/drivers/src/edma/edma_irq.o
                0x00002152                DMA10_IRQHandler
 .text.DMA11_IRQHandler
                0x0000215c        0xa ./SDK/platform/drivers/src/edma/edma_irq.o
                0x0000215c                DMA11_IRQHandler
 .text.DMA12_IRQHandler
                0x00002166        0xa ./SDK/platform/drivers/src/edma/edma_irq.o
                0x00002166                DMA12_IRQHandler
 .text.DMA13_IRQHandler
                0x00002170        0xa ./SDK/platform/drivers/src/edma/edma_irq.o
                0x00002170                DMA13_IRQHandler
 .text.DMA14_IRQHandler
                0x0000217a        0xa ./SDK/platform/drivers/src/edma/edma_irq.o
                0x0000217a                DMA14_IRQHandler
 .text.DMA15_IRQHandler
                0x00002184        0xa ./SDK/platform/drivers/src/edma/edma_irq.o
                0x00002184                DMA15_IRQHandler
 .text.DMA_Error_IRQHandler
                0x0000218e       0x28 ./SDK/platform/drivers/src/edma/edma_irq.o
                0x0000218e                DMA_Error_IRQHandler
 *fill*         0x000021b6        0x2 
 .text.INT_SYS_EnableIRQ
                0x000021b8       0x18 ./SDK/platform/drivers/src/interrupt/interrupt_manager.o
                0x000021b8                INT_SYS_EnableIRQ
 .text.INT_SYS_EnableIRQGlobal
                0x000021d0       0x1c ./SDK/platform/drivers/src/interrupt/interrupt_manager.o
                0x000021d0                INT_SYS_EnableIRQGlobal
 .text.INT_SYS_DisableIRQGlobal
                0x000021ec       0x10 ./SDK/platform/drivers/src/interrupt/interrupt_manager.o
                0x000021ec                INT_SYS_DisableIRQGlobal
 .text.LPI2C_DRV_MasterQueueData
                0x000021fc       0x4c ./SDK/platform/drivers/src/lpi2c/lpi2c_driver.o
 .text.LPI2C_DRV_SlaveEndTransfer
                0x00002248       0x4e ./SDK/platform/drivers/src/lpi2c/lpi2c_driver.o
 .text.LPI2C_DRV_MasterEndTransfer
                0x00002296       0x68 ./SDK/platform/drivers/src/lpi2c/lpi2c_driver.o
 .text.LPI2C_DRV_SlaveEndTransferHandler
                0x000022fe       0x3a ./SDK/platform/drivers/src/lpi2c/lpi2c_driver.o
 .text.LPI2C_DRV_ConfigureDmaTransfer
                0x00002338       0x60 ./SDK/platform/drivers/src/lpi2c/lpi2c_driver.o
 .text.LPI2C_DRV_SlaveStartDmaTransfer
                0x00002398       0x9c ./SDK/platform/drivers/src/lpi2c/lpi2c_driver.o
 .text.LPI2C_DRV_MasterSetBaudRate
                0x00002434      0x128 ./SDK/platform/drivers/src/lpi2c/lpi2c_driver.o
                0x00002434                LPI2C_DRV_MasterSetBaudRate
 .text.LPI2C_DRV_MasterReinit
                0x0000255c       0x5c ./SDK/platform/drivers/src/lpi2c/lpi2c_driver.o
 .text.LPI2C_DRV_MasterIRQHandler
                0x000025b8      0x24c ./SDK/platform/drivers/src/lpi2c/lpi2c_driver.o
                0x000025b8                LPI2C_DRV_MasterIRQHandler
 .text.LPI2C_DRV_SlaveInit
                0x00002804      0x14c ./SDK/platform/drivers/src/lpi2c/lpi2c_driver.o
                0x00002804                LPI2C_DRV_SlaveInit
 .text.LPI2C_DRV_SlaveIRQHandler
                0x00002950      0x1cc ./SDK/platform/drivers/src/lpi2c/lpi2c_driver.o
                0x00002950                LPI2C_DRV_SlaveIRQHandler
 .text.LPI2C_Init
                0x00002b1c       0x1e ./SDK/platform/drivers/src/lpi2c/lpi2c_hw_access.o
                0x00002b1c                LPI2C_Init
 .text.LPI2C0_Master_IRQHandler
                0x00002b3a        0xa ./SDK/platform/drivers/src/lpi2c/lpi2c_irq.o
                0x00002b3a                LPI2C0_Master_IRQHandler
 .text.LPI2C0_Slave_IRQHandler
                0x00002b44        0xa ./SDK/platform/drivers/src/lpi2c/lpi2c_irq.o
                0x00002b44                LPI2C0_Slave_IRQHandler
 .text.LPSPI_Init
                0x00002b4e        0xa ./SDK/platform/drivers/src/lpspi/lpspi_hw_access.o
                0x00002b4e                LPSPI_Init
 .text.LPSPI_Disable
                0x00002b58       0x18 ./SDK/platform/drivers/src/lpspi/lpspi_hw_access.o
                0x00002b58                LPSPI_Disable
 .text.LPSPI_SetMasterSlaveMode
                0x00002b70        0xe ./SDK/platform/drivers/src/lpspi/lpspi_hw_access.o
                0x00002b70                LPSPI_SetMasterSlaveMode
 .text.LPSPI_SetFlushFifoCmd
                0x00002b7e        0xe ./SDK/platform/drivers/src/lpspi/lpspi_hw_access.o
                0x00002b7e                LPSPI_SetFlushFifoCmd
 .text.LPSPI_ClearStatusFlag
                0x00002b8c       0x20 ./SDK/platform/drivers/src/lpspi/lpspi_hw_access.o
                0x00002b8c                LPSPI_ClearStatusFlag
 .text.LPSPI_SetPcsPolarityMode
                0x00002bac       0x1c ./SDK/platform/drivers/src/lpspi/lpspi_hw_access.o
                0x00002bac                LPSPI_SetPcsPolarityMode
 .text.LPSPI_SetPinConfigMode
                0x00002bc8       0x22 ./SDK/platform/drivers/src/lpspi/lpspi_hw_access.o
                0x00002bc8                LPSPI_SetPinConfigMode
 .text.LPSPI_SetBaudRateDivisor
                0x00002bea       0x10 ./SDK/platform/drivers/src/lpspi/lpspi_hw_access.o
                0x00002bea                LPSPI_SetBaudRateDivisor
 *fill*         0x00002bfa        0x2 
 .text.LPSPI_SetBaudRate
                0x00002bfc      0x108 ./SDK/platform/drivers/src/lpspi/lpspi_hw_access.o
                0x00002bfc                LPSPI_SetBaudRate
 .text.LPSPI_SetTxCommandReg
                0x00002d04       0x4a ./SDK/platform/drivers/src/lpspi/lpspi_hw_access.o
                0x00002d04                LPSPI_SetTxCommandReg
 .text.LPSPI0_IRQHandler
                0x00002d4e        0xa ./SDK/platform/drivers/src/lpspi/lpspi_irq.o
                0x00002d4e                LPSPI0_IRQHandler
 .text.LPSPI1_IRQHandler
                0x00002d58        0xa ./SDK/platform/drivers/src/lpspi/lpspi_irq.o
                0x00002d58                LPSPI1_IRQHandler
 .text.LPSPI2_IRQHandler
                0x00002d62        0xa ./SDK/platform/drivers/src/lpspi/lpspi_irq.o
                0x00002d62                LPSPI2_IRQHandler
 .text.LPSPI_DRV_MasterCompleteTransfer
                0x00002d6c       0x78 ./SDK/platform/drivers/src/lpspi/lpspi_master_driver.o
 .text.LPSPI_DRV_MasterConfigureBus
                0x00002de4      0x114 ./SDK/platform/drivers/src/lpspi/lpspi_master_driver.o
                0x00002de4                LPSPI_DRV_MasterConfigureBus
 .text.LPSPI_DRV_MasterInit
                0x00002ef8       0x80 ./SDK/platform/drivers/src/lpspi/lpspi_master_driver.o
                0x00002ef8                LPSPI_DRV_MasterInit
 .text.LPSPI_DRV_MasterAbortTransfer
                0x00002f78       0x28 ./SDK/platform/drivers/src/lpspi/lpspi_master_driver.o
                0x00002f78                LPSPI_DRV_MasterAbortTransfer
 .text.LPSPI_DRV_MasterIRQHandler
                0x00002fa0       0xc0 ./SDK/platform/drivers/src/lpspi/lpspi_master_driver.o
                0x00002fa0                LPSPI_DRV_MasterIRQHandler
 .text.LPSPI_DRV_IRQHandler
                0x00003060       0x28 ./SDK/platform/drivers/src/lpspi/lpspi_shared_function.o
                0x00003060                LPSPI_DRV_IRQHandler
 .text.LPSPI_DRV_FillupTxBuffer
                0x00003088       0xb4 ./SDK/platform/drivers/src/lpspi/lpspi_shared_function.o
                0x00003088                LPSPI_DRV_FillupTxBuffer
 .text.LPSPI_DRV_ReadRXBuffer
                0x0000313c       0x8c ./SDK/platform/drivers/src/lpspi/lpspi_shared_function.o
                0x0000313c                LPSPI_DRV_ReadRXBuffer
 .text.LPSPI_DRV_DisableTEIEInterrupts
                0x000031c8       0x30 ./SDK/platform/drivers/src/lpspi/lpspi_shared_function.o
                0x000031c8                LPSPI_DRV_DisableTEIEInterrupts
 .text.LPSPI_DRV_SlaveAbortTransfer
                0x000031f8       0x74 ./SDK/platform/drivers/src/lpspi/lpspi_slave_driver.o
                0x000031f8                LPSPI_DRV_SlaveAbortTransfer
 .text.LPSPI_DRV_SlaveIRQHandler
                0x0000326c       0xd4 ./SDK/platform/drivers/src/lpspi/lpspi_slave_driver.o
                0x0000326c                LPSPI_DRV_SlaveIRQHandler
 .text.PINS_DRV_Init
                0x00003340       0x20 ./SDK/platform/drivers/src/pins/pins_driver.o
                0x00003340                PINS_DRV_Init
 .text.PINS_GetAdcInterleaveVal
                0x00003360       0x6c ./SDK/platform/drivers/src/pins/pins_port_hw_access.o
 .text.PINS_Init
                0x000033cc      0x114 ./SDK/platform/drivers/src/pins/pins_port_hw_access.o
                0x000033cc                PINS_Init
 .text.SysTick_Handler
                0x000034e0       0x10 ./SDK/rtos/osif/osif_baremetal.o
                0x000034e0                SysTick_Handler
 .text.OSIF_SemaPost
                0x000034f0       0x26 ./SDK/rtos/osif/osif_baremetal.o
                0x000034f0                OSIF_SemaPost
 .text.OSIF_SemaCreate
                0x00003516       0x14 ./SDK/rtos/osif/osif_baremetal.o
                0x00003516                OSIF_SemaCreate
 *fill*         0x0000352a        0x2 
 .text.Init_I2C
                0x0000352c       0x1c ./src/main.o
                0x0000352c                Init_I2C
 .text.Init_SPI
                0x00003548       0x18 ./src/main.o
                0x00003548                Init_SPI
 .text.Init_ADC
                0x00003560       0x34 ./src/main.o
                0x00003560                Init_ADC
 .text.main     0x00003594       0x38 ./src/main.o
                0x00003594                main
 *(.rodata)
 *(.rodata*)
 .rodata.s_adcBase
                0x000035cc        0x8 ./SDK/platform/drivers/src/adc/adc_driver.o
 .rodata.clockNameMappings
                0x000035d4       0x9e ./SDK/platform/drivers/src/clock/S32K1xx/clock_S32K1xx.o
                0x000035d4                clockNameMappings
 *fill*         0x00003672        0x2 
 .rodata.maxSysClksInHSRUN.7659
                0x00003674       0x54 ./SDK/platform/drivers/src/clock/S32K1xx/clock_S32K1xx.o
 .rodata.maxSysClksInRUN.7658
                0x000036c8       0x54 ./SDK/platform/drivers/src/clock/S32K1xx/clock_S32K1xx.o
 .rodata.maxSysClksInVLPR.7657
                0x0000371c       0x54 ./SDK/platform/drivers/src/clock/S32K1xx/clock_S32K1xx.o
 .rodata.peripheralFeaturesList
                0x00003770       0x4f ./SDK/platform/drivers/src/clock/S32K1xx/clock_S32K1xx.o
                0x00003770                peripheralFeaturesList
 *fill*         0x000037bf        0x1 
 .rodata.g_lpi2cDMASrc
                0x000037c0        0x2 ./SDK/platform/drivers/src/lpi2c/lpi2c_driver.o
 *fill*         0x000037c2        0x2 
 .rodata.s_baudratePrescaler
                0x000037c4       0x20 ./SDK/platform/drivers/src/lpspi/lpspi_hw_access.o
 .rodata.adc_config_1_ConvConfig0
                0x000037e4        0xb ./board/peripherals_adc_config_1.o
                0x000037e4                adc_config_1_ConvConfig0
 *fill*         0x000037ef        0x1 
 .rodata.lpspi_0_MasterConfig0
                0x000037f0       0x20 ./board/peripherals_lpspi_1.o
                0x000037f0                lpspi_0_MasterConfig0
 *(.init)
 .init          0x00003810        0x4 c:/nxp/s32ds.3.4/s32ds/build_tools/gcc_v6.3/gcc-6.3-arm32-eabi/bin/../lib/gcc/arm-none-eabi/6.3.1/thumb/v7e-m/fpv4-sp/hard/crti.o
                0x00003810                _init
 *(.fini)
 .fini          0x00003814        0x4 c:/nxp/s32ds.3.4/s32ds/build_tools/gcc_v6.3/gcc-6.3-arm32-eabi/bin/../lib/gcc/arm-none-eabi/6.3.1/thumb/v7e-m/fpv4-sp/hard/crti.o
                0x00003814                _fini
 *(.eh_frame)
                0x00003818                . = ALIGN (0x4)

.glue_7         0x00003818        0x0
 .glue_7        0x00003818        0x0 linker stubs

.glue_7t        0x00003818        0x0
 .glue_7t       0x00003818        0x0 linker stubs

.vfp11_veneer   0x00003818        0x0
 .vfp11_veneer  0x00003818        0x0 linker stubs

.v4_bx          0x00003818        0x0
 .v4_bx         0x00003818        0x0 linker stubs

.iplt           0x00003818        0x0
 .iplt          0x00003818        0x0 c:/nxp/s32ds.3.4/s32ds/build_tools/gcc_v6.3/gcc-6.3-arm32-eabi/bin/../lib/gcc/arm-none-eabi/6.3.1/thumb/v7e-m/fpv4-sp/hard/crtbegin.o

.rel.dyn        0x00003818        0x0
 .rel.iplt      0x00003818        0x0 c:/nxp/s32ds.3.4/s32ds/build_tools/gcc_v6.3/gcc-6.3-arm32-eabi/bin/../lib/gcc/arm-none-eabi/6.3.1/thumb/v7e-m/fpv4-sp/hard/crtbegin.o

.ARM            0x00003818        0x0
                0x00003818                __exidx_start = .
 *(.ARM.exidx*)
                0x00003818                __exidx_end = .
                0x00003818                __etext = .
                0x00003818                __DATA_ROM = .

.interrupts_ram
                0x1fff8000      0x400
                0x1fff8000                . = ALIGN (0x4)
                0x1fff8000                __VECTOR_RAM__ = .
                0x1fff8000                __RAM_START = .
                0x1fff8000                __interrupts_ram_start__ = .
 *(.m_interrupts_ram)
                0x1fff8400                . = (. + M_VECTOR_RAM_SIZE)
 *fill*         0x1fff8000      0x400 
                0x1fff8400                . = ALIGN (0x4)
                0x1fff8400                __interrupts_ram_end__ = .
                0x1fff8000                __VECTOR_RAM = DEFINED (__flash_vector_table__)?ORIGIN (m_interrupts):__VECTOR_RAM__
                0x00000400                __RAM_VECTOR_TABLE_SIZE = DEFINED (__flash_vector_table__)?0x0:(__interrupts_ram_end__ - __interrupts_ram_start__)

.data           0x1fff8400      0x370 load address 0x00003818
                0x1fff8400                . = ALIGN (0x4)
                0x1fff8400                __DATA_RAM = .
                0x1fff8400                __data_start__ = .
 *(.data)
 *(.data*)
 .data.peripheralClockConfig.7386
                0x1fff8400       0xa0 ./SDK/platform/drivers/src/clock/S32K1xx/clock_S32K1xx.o
 .data.g_lpspiBase
                0x1fff84a0        0xc ./SDK/platform/drivers/src/lpspi/lpspi_shared_function.o
                0x1fff84a0                g_lpspiBase
 .data.g_lpspiIrqId
                0x1fff84ac        0x3 ./SDK/platform/drivers/src/lpspi/lpspi_shared_function.o
                0x1fff84ac                g_lpspiIrqId
 *fill*         0x1fff84af        0x1 
 .data.clockMan1_InitConfig0
                0x1fff84b0       0x88 ./board/clock_config.o
                0x1fff84b0                clockMan1_InitConfig0
 .data.peripheralClockConfig0
                0x1fff8538       0xa0 ./board/clock_config.o
                0x1fff8538                peripheralClockConfig0
 .data.adc_config_1_ChnConfig0
                0x1fff85d8        0x4 ./board/peripherals_adc_config_1.o
                0x1fff85d8                adc_config_1_ChnConfig0
 .data.adc_config_1_ChnConfig1
                0x1fff85dc        0x4 ./board/peripherals_adc_config_1.o
                0x1fff85dc                adc_config_1_ChnConfig1
 .data.lpi2c0_SlaveConfig0
                0x1fff85e0       0x10 ./board/peripherals_lpi2c_config_1.o
                0x1fff85e0                lpi2c0_SlaveConfig0
 .data.g_pin_mux_InitConfigArr0
                0x1fff85f0      0x180 ./board/pin_mux.o
                0x1fff85f0                g_pin_mux_InitConfigArr0
                0x1fff8770                . = ALIGN (0x4)
                0x1fff8770                __data_end__ = .
                0x00003b88                __DATA_END = (__DATA_ROM + (__data_end__ - __data_start__))
                0x00003b88                __CODE_ROM = __DATA_END

.igot.plt       0x1fff8770        0x0 load address 0x00003b88
 .igot.plt      0x1fff8770        0x0 c:/nxp/s32ds.3.4/s32ds/build_tools/gcc_v6.3/gcc-6.3-arm32-eabi/bin/../lib/gcc/arm-none-eabi/6.3.1/thumb/v7e-m/fpv4-sp/hard/crtbegin.o

.code           0x1fff8770        0x0 load address 0x00003b88
                0x1fff8770                . = ALIGN (0x4)
                0x1fff8770                __CODE_RAM = .
                0x1fff8770                __code_start__ = .
                0x1fff8770                __code_ram_start__ = .
 *(.code_ram)
                0x1fff8770                . = ALIGN (0x4)
                0x1fff8770                __code_end__ = .
                0x1fff8770                __code_ram_end__ = .
                0x00003b88                __CODE_END = (__CODE_ROM + (__code_end__ - __code_start__))
                0x00003b88                __CUSTOM_ROM = __CODE_END

.customSectionBlock
                0x20000000        0x0 load address 0x00003b88
                0x20000000                __customSection_start__ = .
 *(.customSection)
                0x20000000                __customSection_end__ = .
                0x00003b88                __CUSTOM_END = (__CUSTOM_ROM + (__customSection_end__ - __customSection_start__))
                0x00003b88                __rom_end = __CUSTOM_END

.bss            0x20000000       0x6c
                0x20000000                . = ALIGN (0x4)
                0x20000000                __BSS_START = .
                0x20000000                __bss_start__ = .
 *(.bss)
 *(.bss*)
 .bss.g_RtcClkInFreq
                0x20000000        0x4 ./SDK/platform/drivers/src/clock/S32K1xx/clock_S32K1xx.o
                0x20000000                g_RtcClkInFreq
 .bss.g_TClkFreq
                0x20000004        0xc ./SDK/platform/drivers/src/clock/S32K1xx/clock_S32K1xx.o
                0x20000004                g_TClkFreq
 .bss.g_xtal0ClkFreq
                0x20000010        0x4 ./SDK/platform/drivers/src/clock/S32K1xx/clock_S32K1xx.o
                0x20000010                g_xtal0ClkFreq
 .bss.s_virtEdmaState
                0x20000014        0x4 ./SDK/platform/drivers/src/edma/edma_driver.o
 .bss.g_interruptDisableCount
                0x20000018        0x4 ./SDK/platform/drivers/src/interrupt/interrupt_manager.o
 .bss.g_lpi2cMasterStatePtr
                0x2000001c        0x4 ./SDK/platform/drivers/src/lpi2c/lpi2c_driver.o
 .bss.g_lpi2cSlaveStatePtr
                0x20000020        0x4 ./SDK/platform/drivers/src/lpi2c/lpi2c_driver.o
 .bss.g_lpspiStatePtr
                0x20000024        0xc ./SDK/platform/drivers/src/lpspi/lpspi_shared_function.o
                0x20000024                g_lpspiStatePtr
 .bss.s_osif_tick_cnt
                0x20000030        0x4 ./SDK/rtos/osif/osif_baremetal.o
 .bss.lpspi_1State
                0x20000034       0x34 ./board/peripherals_lpspi_1.o
                0x20000034                lpspi_1State
 .bss.exit_code
                0x20000068        0x4 ./src/main.o
                0x20000068                exit_code
 *(COMMON)
                0x2000006c                . = ALIGN (0x4)
                0x2000006c                __bss_end__ = .
                0x2000006c                __BSS_END = .

.heap           0x2000006c      0x404
                0x20000070                . = ALIGN (0x8)
 *fill*         0x2000006c        0x4 
                0x20000070                __end__ = .
                0x20000070                __heap_start__ = .
                [!provide]                PROVIDE (end, .)
                [!provide]                PROVIDE (_end, .)
                [!provide]                PROVIDE (__end, .)
                0x20000070                __HeapBase = .
                0x20000470                . = (. + HEAP_SIZE)
 *fill*         0x20000070      0x400 
                0x20000470                __HeapLimit = .
                0x20000470                __heap_limit = .
                0x20000470                __heap_end__ = .
                0x20007000                __StackTop = (ORIGIN (m_data_2) + LENGTH (m_data_2))
                0x20006c00                __StackLimit = (__StackTop - STACK_SIZE)
                0x20007000                PROVIDE (__stack, __StackTop)
                0x20007000                __RAM_END = __StackTop

.stack          0x20006c00      0x400
                0x20006c00                . = ALIGN (0x8)
                0x20006c00                __stack_start__ = .
                0x20007000                . = (. + STACK_SIZE)
 *fill*         0x20006c00      0x400 
                0x20007000                __stack_end__ = .

.ARM.attributes
                0x00000000       0x30
 *(.ARM.attributes)
 .ARM.attributes
                0x00000000       0x22 c:/nxp/s32ds.3.4/s32ds/build_tools/gcc_v6.3/gcc-6.3-arm32-eabi/bin/../lib/gcc/arm-none-eabi/6.3.1/thumb/v7e-m/fpv4-sp/hard/crti.o
 .ARM.attributes
                0x00000022       0x1f ./Project_Settings/Startup_Code/startup_S32K144.o
 .ARM.attributes
                0x00000041       0x39 ./SDK/platform/devices/S32K144/startup/system_S32K144.o
 .ARM.attributes
                0x0000007a       0x39 ./SDK/platform/devices/startup.o
 .ARM.attributes
                0x000000b3       0x39 ./SDK/platform/drivers/src/adc/adc_driver.o
 .ARM.attributes
                0x000000ec       0x39 ./SDK/platform/drivers/src/clock/S32K1xx/clock_S32K1xx.o
 .ARM.attributes
                0x00000125       0x39 ./SDK/platform/drivers/src/edma/edma_driver.o
 .ARM.attributes
                0x0000015e       0x39 ./SDK/platform/drivers/src/edma/edma_hw_access.o
 .ARM.attributes
                0x00000197       0x39 ./SDK/platform/drivers/src/edma/edma_irq.o
 .ARM.attributes
                0x000001d0       0x39 ./SDK/platform/drivers/src/interrupt/interrupt_manager.o
 .ARM.attributes
                0x00000209       0x39 ./SDK/platform/drivers/src/lpi2c/lpi2c_driver.o
 .ARM.attributes
                0x00000242       0x39 ./SDK/platform/drivers/src/lpi2c/lpi2c_hw_access.o
 .ARM.attributes
                0x0000027b       0x39 ./SDK/platform/drivers/src/lpi2c/lpi2c_irq.o
 .ARM.attributes
                0x000002b4       0x39 ./SDK/platform/drivers/src/lpspi/lpspi_hw_access.o
 .ARM.attributes
                0x000002ed       0x39 ./SDK/platform/drivers/src/lpspi/lpspi_irq.o
 .ARM.attributes
                0x00000326       0x39 ./SDK/platform/drivers/src/lpspi/lpspi_master_driver.o
 .ARM.attributes
                0x0000035f       0x39 ./SDK/platform/drivers/src/lpspi/lpspi_shared_function.o
 .ARM.attributes
                0x00000398       0x39 ./SDK/platform/drivers/src/lpspi/lpspi_slave_driver.o
 .ARM.attributes
                0x000003d1       0x39 ./SDK/platform/drivers/src/pins/pins_driver.o
 .ARM.attributes
                0x0000040a       0x39 ./SDK/platform/drivers/src/pins/pins_port_hw_access.o
 .ARM.attributes
                0x00000443       0x39 ./SDK/rtos/osif/osif_baremetal.o
 .ARM.attributes
                0x0000047c       0x39 ./board/clock_config.o
 .ARM.attributes
                0x000004b5       0x39 ./board/peripherals_adc_config_1.o
 .ARM.attributes
                0x000004ee       0x39 ./board/peripherals_lpi2c_config_1.o
 .ARM.attributes
                0x00000527       0x39 ./board/peripherals_lpspi_1.o
 .ARM.attributes
                0x00000560       0x39 ./board/pin_mux.o
 .ARM.attributes
                0x00000599       0x39 ./src/main.o
                0x00000001                ASSERT ((__rom_end <= (ORIGIN (m_text) + LENGTH (m_text))), Region m_text overflowed!)
                0x00000001                ASSERT ((__StackLimit >= __HeapLimit), region m_data_2 overflowed with stack and heap)
OUTPUT(I2c_example.elf elf32-littlearm)

.debug_line     0x00000000     0x7138
 .debug_line    0x00000000       0x82 ./Project_Settings/Startup_Code/startup_S32K144.o
 .debug_line    0x00000082      0x25b ./SDK/platform/devices/S32K144/startup/system_S32K144.o
 .debug_line    0x000002dd      0x16d ./SDK/platform/devices/startup.o
 .debug_line    0x0000044a      0x76e ./SDK/platform/drivers/src/adc/adc_driver.o
 .debug_line    0x00000bb8     0x1184 ./SDK/platform/drivers/src/clock/S32K1xx/clock_S32K1xx.o
 .debug_line    0x00001d3c      0x88a ./SDK/platform/drivers/src/edma/edma_driver.o
 .debug_line    0x000025c6      0x347 ./SDK/platform/drivers/src/edma/edma_hw_access.o
 .debug_line    0x0000290d      0x2df ./SDK/platform/drivers/src/edma/edma_irq.o
 .debug_line    0x00002bec      0x33a ./SDK/platform/drivers/src/interrupt/interrupt_manager.o
 .debug_line    0x00002f26      0xe1d ./SDK/platform/drivers/src/lpi2c/lpi2c_driver.o
 .debug_line    0x00003d43      0x1c9 ./SDK/platform/drivers/src/lpi2c/lpi2c_hw_access.o
 .debug_line    0x00003f0c       0x9e ./SDK/platform/drivers/src/lpi2c/lpi2c_irq.o
 .debug_line    0x00003faa      0x43c ./SDK/platform/drivers/src/lpspi/lpspi_hw_access.o
 .debug_line    0x000043e6      0x2d5 ./SDK/platform/drivers/src/lpspi/lpspi_irq.o
 .debug_line    0x000046bb      0x716 ./SDK/platform/drivers/src/lpspi/lpspi_master_driver.o
 .debug_line    0x00004dd1      0x3b3 ./SDK/platform/drivers/src/lpspi/lpspi_shared_function.o
 .debug_line    0x00005184      0x60f ./SDK/platform/drivers/src/lpspi/lpspi_slave_driver.o
 .debug_line    0x00005793      0x49f ./SDK/platform/drivers/src/pins/pins_driver.o
 .debug_line    0x00005c32      0x2ca ./SDK/platform/drivers/src/pins/pins_port_hw_access.o
 .debug_line    0x00005efc      0x3d0 ./SDK/rtos/osif/osif_baremetal.o
 .debug_line    0x000062cc      0x227 ./board/clock_config.o
 .debug_line    0x000064f3      0x165 ./board/peripherals_adc_config_1.o
 .debug_line    0x00006658      0x1c2 ./board/peripherals_lpi2c_config_1.o
 .debug_line    0x0000681a      0x2db ./board/peripherals_lpspi_1.o
 .debug_line    0x00006af5      0x1a9 ./board/pin_mux.o
 .debug_line    0x00006c9e      0x49a ./src/main.o

.debug_info     0x00000000    0x22fda
 .debug_info    0x00000000       0x26 ./Project_Settings/Startup_Code/startup_S32K144.o
 .debug_info    0x00000026      0x521 ./SDK/platform/devices/S32K144/startup/system_S32K144.o
 .debug_info    0x00000547      0x2ad ./SDK/platform/devices/startup.o
 .debug_info    0x000007f4     0x2eca ./SDK/platform/drivers/src/adc/adc_driver.o
 .debug_info    0x000036be     0x5dd2 ./SDK/platform/drivers/src/clock/S32K1xx/clock_S32K1xx.o
 .debug_info    0x00009490     0x3770 ./SDK/platform/drivers/src/edma/edma_driver.o
 .debug_info    0x0000cc00      0x95d ./SDK/platform/drivers/src/edma/edma_hw_access.o
 .debug_info    0x0000d55d      0x6da ./SDK/platform/drivers/src/edma/edma_irq.o
 .debug_info    0x0000dc37      0x997 ./SDK/platform/drivers/src/interrupt/interrupt_manager.o
 .debug_info    0x0000e5ce     0x5874 ./SDK/platform/drivers/src/lpi2c/lpi2c_driver.o
 .debug_info    0x00013e42      0x432 ./SDK/platform/drivers/src/lpi2c/lpi2c_hw_access.o
 .debug_info    0x00014274       0xdc ./SDK/platform/drivers/src/lpi2c/lpi2c_irq.o
 .debug_info    0x00014350     0x13a6 ./SDK/platform/drivers/src/lpspi/lpspi_hw_access.o
 .debug_info    0x000156f6      0x788 ./SDK/platform/drivers/src/lpspi/lpspi_irq.o
 .debug_info    0x00015e7e     0x2a39 ./SDK/platform/drivers/src/lpspi/lpspi_master_driver.o
 .debug_info    0x000188b7      0xb93 ./SDK/platform/drivers/src/lpspi/lpspi_shared_function.o
 .debug_info    0x0001944a     0x23f1 ./SDK/platform/drivers/src/lpspi/lpspi_slave_driver.o
 .debug_info    0x0001b83b     0x13d5 ./SDK/platform/drivers/src/pins/pins_driver.o
 .debug_info    0x0001cc10      0x8a8 ./SDK/platform/drivers/src/pins/pins_port_hw_access.o
 .debug_info    0x0001d4b8      0xac5 ./SDK/rtos/osif/osif_baremetal.o
 .debug_info    0x0001df7d     0x12b5 ./board/clock_config.o
 .debug_info    0x0001f232      0x39c ./board/peripherals_adc_config_1.o
 .debug_info    0x0001f5ce      0x1e1 ./board/peripherals_lpi2c_config_1.o
 .debug_info    0x0001f7af      0xa5d ./board/peripherals_lpspi_1.o
 .debug_info    0x0002020c      0x405 ./board/pin_mux.o
 .debug_info    0x00020611     0x29c9 ./src/main.o

.debug_abbrev   0x00000000     0x3593
 .debug_abbrev  0x00000000       0x14 ./Project_Settings/Startup_Code/startup_S32K144.o
 .debug_abbrev  0x00000014      0x140 ./SDK/platform/devices/S32K144/startup/system_S32K144.o
 .debug_abbrev  0x00000154       0xe0 ./SDK/platform/devices/startup.o
 .debug_abbrev  0x00000234      0x397 ./SDK/platform/drivers/src/adc/adc_driver.o
 .debug_abbrev  0x000005cb      0x3e3 ./SDK/platform/drivers/src/clock/S32K1xx/clock_S32K1xx.o
 .debug_abbrev  0x000009ae      0x422 ./SDK/platform/drivers/src/edma/edma_driver.o
 .debug_abbrev  0x00000dd0      0x205 ./SDK/platform/drivers/src/edma/edma_hw_access.o
 .debug_abbrev  0x00000fd5      0x1b8 ./SDK/platform/drivers/src/edma/edma_irq.o
 .debug_abbrev  0x0000118d      0x1f4 ./SDK/platform/drivers/src/interrupt/interrupt_manager.o
 .debug_abbrev  0x00001381      0x43e ./SDK/platform/drivers/src/lpi2c/lpi2c_driver.o
 .debug_abbrev  0x000017bf      0x16e ./SDK/platform/drivers/src/lpi2c/lpi2c_hw_access.o
 .debug_abbrev  0x0000192d       0x6c ./SDK/platform/drivers/src/lpi2c/lpi2c_irq.o
 .debug_abbrev  0x00001999      0x2a7 ./SDK/platform/drivers/src/lpspi/lpspi_hw_access.o
 .debug_abbrev  0x00001c40      0x15d ./SDK/platform/drivers/src/lpspi/lpspi_irq.o
 .debug_abbrev  0x00001d9d      0x3c5 ./SDK/platform/drivers/src/lpspi/lpspi_master_driver.o
 .debug_abbrev  0x00002162      0x277 ./SDK/platform/drivers/src/lpspi/lpspi_shared_function.o
 .debug_abbrev  0x000023d9      0x3ad ./SDK/platform/drivers/src/lpspi/lpspi_slave_driver.o
 .debug_abbrev  0x00002786      0x2db ./SDK/platform/drivers/src/pins/pins_driver.o
 .debug_abbrev  0x00002a61      0x1f5 ./SDK/platform/drivers/src/pins/pins_port_hw_access.o
 .debug_abbrev  0x00002c56      0x2c6 ./SDK/rtos/osif/osif_baremetal.o
 .debug_abbrev  0x00002f1c      0x122 ./board/clock_config.o
 .debug_abbrev  0x0000303e       0xbe ./board/peripherals_adc_config_1.o
 .debug_abbrev  0x000030fc       0xa5 ./board/peripherals_lpi2c_config_1.o
 .debug_abbrev  0x000031a1      0x124 ./board/peripherals_lpspi_1.o
 .debug_abbrev  0x000032c5       0xca ./board/pin_mux.o
 .debug_abbrev  0x0000338f      0x204 ./src/main.o

.debug_aranges  0x00000000      0xb08
 .debug_aranges
                0x00000000       0x20 ./Project_Settings/Startup_Code/startup_S32K144.o
 .debug_aranges
                0x00000020       0x30 ./SDK/platform/devices/S32K144/startup/system_S32K144.o
 .debug_aranges
                0x00000050       0x20 ./SDK/platform/devices/startup.o
 .debug_aranges
                0x00000070       0xe0 ./SDK/platform/drivers/src/adc/adc_driver.o
 .debug_aranges
                0x00000150      0x128 ./SDK/platform/drivers/src/clock/S32K1xx/clock_S32K1xx.o
 .debug_aranges
                0x00000278      0x138 ./SDK/platform/drivers/src/edma/edma_driver.o
 .debug_aranges
                0x000003b0       0x88 ./SDK/platform/drivers/src/edma/edma_hw_access.o
 .debug_aranges
                0x00000438       0xa0 ./SDK/platform/drivers/src/edma/edma_irq.o
 .debug_aranges
                0x000004d8       0x70 ./SDK/platform/drivers/src/interrupt/interrupt_manager.o
 .debug_aranges
                0x00000548      0x148 ./SDK/platform/drivers/src/lpi2c/lpi2c_driver.o
 .debug_aranges
                0x00000690       0x20 ./SDK/platform/drivers/src/lpi2c/lpi2c_hw_access.o
 .debug_aranges
                0x000006b0       0x28 ./SDK/platform/drivers/src/lpi2c/lpi2c_irq.o
 .debug_aranges
                0x000006d8       0x70 ./SDK/platform/drivers/src/lpspi/lpspi_hw_access.o
 .debug_aranges
                0x00000748       0x30 ./SDK/platform/drivers/src/lpspi/lpspi_irq.o
 .debug_aranges
                0x00000778       0x90 ./SDK/platform/drivers/src/lpspi/lpspi_master_driver.o
 .debug_aranges
                0x00000808       0x38 ./SDK/platform/drivers/src/lpspi/lpspi_shared_function.o
 .debug_aranges
                0x00000840       0x60 ./SDK/platform/drivers/src/lpspi/lpspi_slave_driver.o
 .debug_aranges
                0x000008a0       0xe0 ./SDK/platform/drivers/src/pins/pins_driver.o
 .debug_aranges
                0x00000980       0x40 ./SDK/platform/drivers/src/pins/pins_port_hw_access.o
 .debug_aranges
                0x000009c0       0x70 ./SDK/rtos/osif/osif_baremetal.o
 .debug_aranges
                0x00000a30       0x18 ./board/clock_config.o
 .debug_aranges
                0x00000a48       0x18 ./board/peripherals_adc_config_1.o
 .debug_aranges
                0x00000a60       0x18 ./board/peripherals_lpi2c_config_1.o
 .debug_aranges
                0x00000a78       0x18 ./board/peripherals_lpspi_1.o
 .debug_aranges
                0x00000a90       0x18 ./board/pin_mux.o
 .debug_aranges
                0x00000aa8       0x60 ./src/main.o

.debug_str      0x00000000     0xa96f
 .debug_str     0x00000000       0x7e ./Project_Settings/Startup_Code/startup_S32K144.o
 .debug_str     0x0000007e      0x3db ./SDK/platform/devices/S32K144/startup/system_S32K144.o
                                0x467 (size before relaxing)
 .debug_str     0x00000459      0x20c ./SDK/platform/devices/startup.o
                                0x456 (size before relaxing)
 .debug_str     0x00000665     0x22b7 ./SDK/platform/drivers/src/adc/adc_driver.o
                               0x25d6 (size before relaxing)
 .debug_str     0x0000291c     0x2971 ./SDK/platform/drivers/src/clock/S32K1xx/clock_S32K1xx.o
                               0x3a42 (size before relaxing)
 .debug_str     0x0000528d     0x18a0 ./SDK/platform/drivers/src/edma/edma_driver.o
                               0x2a54 (size before relaxing)
 .debug_str     0x00006b2d       0x46 ./SDK/platform/drivers/src/edma/edma_hw_access.o
                                0x818 (size before relaxing)
 .debug_str     0x00006b73      0x162 ./SDK/platform/drivers/src/edma/edma_irq.o
                                0x52d (size before relaxing)
 .debug_str     0x00006cd5      0x17a ./SDK/platform/drivers/src/interrupt/interrupt_manager.o
                                0xbac (size before relaxing)
 .debug_str     0x00006e4f     0x1848 ./SDK/platform/drivers/src/lpi2c/lpi2c_driver.o
                               0x346e (size before relaxing)
 .debug_str     0x00008697       0x6f ./SDK/platform/drivers/src/lpi2c/lpi2c_hw_access.o
                                0x3fc (size before relaxing)
 .debug_str     0x00008706       0x5f ./SDK/platform/drivers/src/lpi2c/lpi2c_irq.o
                                0x2be (size before relaxing)
 .debug_str     0x00008765      0x7cc ./SDK/platform/drivers/src/lpspi/lpspi_hw_access.o
                               0x1d35 (size before relaxing)
 .debug_str     0x00008f31       0x79 ./SDK/platform/drivers/src/lpspi/lpspi_irq.o
                                0xb34 (size before relaxing)
 .debug_str     0x00008faa      0x817 ./SDK/platform/drivers/src/lpspi/lpspi_master_driver.o
                               0x2266 (size before relaxing)
 .debug_str     0x000097c1       0xe4 ./SDK/platform/drivers/src/lpspi/lpspi_shared_function.o
                                0xd78 (size before relaxing)
 .debug_str     0x000098a5      0x169 ./SDK/platform/drivers/src/lpspi/lpspi_slave_driver.o
                               0x20d2 (size before relaxing)
 .debug_str     0x00009a0e      0x967 ./SDK/platform/drivers/src/pins/pins_driver.o
                               0x1472 (size before relaxing)
 .debug_str     0x0000a375      0x192 ./SDK/platform/drivers/src/pins/pins_port_hw_access.o
                                0x95a (size before relaxing)
 .debug_str     0x0000a507      0x18c ./SDK/rtos/osif/osif_baremetal.o
                               0x110e (size before relaxing)
 .debug_str     0x0000a693       0x71 ./board/clock_config.o
                               0x236e (size before relaxing)
 .debug_str     0x0000a704       0x6d ./board/peripherals_adc_config_1.o
                                0x81f (size before relaxing)
 .debug_str     0x0000a771       0x3a ./board/peripherals_lpi2c_config_1.o
                                0x42b (size before relaxing)
 .debug_str     0x0000a7ab       0x42 ./board/peripherals_lpspi_1.o
                               0x101c (size before relaxing)
 .debug_str     0x0000a7ed       0x2c ./board/pin_mux.o
                                0x61e (size before relaxing)
 .debug_str     0x0000a819      0x156 ./src/main.o
                               0x3d9b (size before relaxing)

.debug_loc      0x00000000    0x10f31
 .debug_loc     0x00000000      0x10a ./SDK/platform/devices/S32K144/startup/system_S32K144.o
 .debug_loc     0x0000010a       0xec ./SDK/platform/devices/startup.o
 .debug_loc     0x000001f6     0x140b ./SDK/platform/drivers/src/adc/adc_driver.o
 .debug_loc     0x00001601     0x519d ./SDK/platform/drivers/src/clock/S32K1xx/clock_S32K1xx.o
 .debug_loc     0x0000679e     0x28d9 ./SDK/platform/drivers/src/edma/edma_driver.o
 .debug_loc     0x00009077      0x6fa ./SDK/platform/drivers/src/edma/edma_hw_access.o
 .debug_loc     0x00009771       0x50 ./SDK/platform/drivers/src/edma/edma_irq.o
 .debug_loc     0x000097c1      0x252 ./SDK/platform/drivers/src/interrupt/interrupt_manager.o
 .debug_loc     0x00009a13     0x3b66 ./SDK/platform/drivers/src/lpi2c/lpi2c_driver.o
 .debug_loc     0x0000d579       0x94 ./SDK/platform/drivers/src/lpi2c/lpi2c_hw_access.o
 .debug_loc     0x0000d60d      0x821 ./SDK/platform/drivers/src/lpspi/lpspi_hw_access.o
 .debug_loc     0x0000de2e      0xfd8 ./SDK/platform/drivers/src/lpspi/lpspi_master_driver.o
 .debug_loc     0x0000ee06      0x365 ./SDK/platform/drivers/src/lpspi/lpspi_shared_function.o
 .debug_loc     0x0000f16b      0xb2c ./SDK/platform/drivers/src/lpspi/lpspi_slave_driver.o
 .debug_loc     0x0000fc97      0x77f ./SDK/platform/drivers/src/pins/pins_driver.o
 .debug_loc     0x00010416      0x56a ./SDK/platform/drivers/src/pins/pins_port_hw_access.o
 .debug_loc     0x00010980      0x275 ./SDK/rtos/osif/osif_baremetal.o
 .debug_loc     0x00010bf5      0x33c ./src/main.o

.debug_ranges   0x00000000      0xfe8
 .debug_ranges  0x00000000       0x20 ./SDK/platform/devices/S32K144/startup/system_S32K144.o
 .debug_ranges  0x00000020       0x10 ./SDK/platform/devices/startup.o
 .debug_ranges  0x00000030      0x170 ./SDK/platform/drivers/src/adc/adc_driver.o
 .debug_ranges  0x000001a0      0x488 ./SDK/platform/drivers/src/clock/S32K1xx/clock_S32K1xx.o
 .debug_ranges  0x00000628      0x158 ./SDK/platform/drivers/src/edma/edma_driver.o
 .debug_ranges  0x00000780       0x90 ./SDK/platform/drivers/src/edma/edma_hw_access.o
 .debug_ranges  0x00000810       0x90 ./SDK/platform/drivers/src/edma/edma_irq.o
 .debug_ranges  0x000008a0       0x98 ./SDK/platform/drivers/src/interrupt/interrupt_manager.o
 .debug_ranges  0x00000938      0x318 ./SDK/platform/drivers/src/lpi2c/lpi2c_driver.o
 .debug_ranges  0x00000c50       0x10 ./SDK/platform/drivers/src/lpi2c/lpi2c_hw_access.o
 .debug_ranges  0x00000c60       0x18 ./SDK/platform/drivers/src/lpi2c/lpi2c_irq.o
 .debug_ranges  0x00000c78       0x78 ./SDK/platform/drivers/src/lpspi/lpspi_hw_access.o
 .debug_ranges  0x00000cf0       0x20 ./SDK/platform/drivers/src/lpspi/lpspi_irq.o
 .debug_ranges  0x00000d10       0x80 ./SDK/platform/drivers/src/lpspi/lpspi_master_driver.o
 .debug_ranges  0x00000d90       0x28 ./SDK/platform/drivers/src/lpspi/lpspi_shared_function.o
 .debug_ranges  0x00000db8       0x50 ./SDK/platform/drivers/src/lpspi/lpspi_slave_driver.o
 .debug_ranges  0x00000e08       0xd0 ./SDK/platform/drivers/src/pins/pins_driver.o
 .debug_ranges  0x00000ed8       0x30 ./SDK/platform/drivers/src/pins/pins_port_hw_access.o
 .debug_ranges  0x00000f08       0x90 ./SDK/rtos/osif/osif_baremetal.o
 .debug_ranges  0x00000f98       0x50 ./src/main.o

.comment        0x00000000       0xa0
 .comment       0x00000000       0xa0 ./SDK/platform/devices/S32K144/startup/system_S32K144.o
                                 0xa1 (size before relaxing)
 .comment       0x000000a0       0xa1 ./SDK/platform/devices/startup.o
 .comment       0x000000a0       0xa1 ./SDK/platform/drivers/src/adc/adc_driver.o
 .comment       0x000000a0       0xa1 ./SDK/platform/drivers/src/clock/S32K1xx/clock_S32K1xx.o
 .comment       0x000000a0       0xa1 ./SDK/platform/drivers/src/edma/edma_driver.o
 .comment       0x000000a0       0xa1 ./SDK/platform/drivers/src/edma/edma_hw_access.o
 .comment       0x000000a0       0xa1 ./SDK/platform/drivers/src/edma/edma_irq.o
 .comment       0x000000a0       0xa1 ./SDK/platform/drivers/src/interrupt/interrupt_manager.o
 .comment       0x000000a0       0xa1 ./SDK/platform/drivers/src/lpi2c/lpi2c_driver.o
 .comment       0x000000a0       0xa1 ./SDK/platform/drivers/src/lpi2c/lpi2c_hw_access.o
 .comment       0x000000a0       0xa1 ./SDK/platform/drivers/src/lpi2c/lpi2c_irq.o
 .comment       0x000000a0       0xa1 ./SDK/platform/drivers/src/lpspi/lpspi_hw_access.o
 .comment       0x000000a0       0xa1 ./SDK/platform/drivers/src/lpspi/lpspi_irq.o
 .comment       0x000000a0       0xa1 ./SDK/platform/drivers/src/lpspi/lpspi_master_driver.o
 .comment       0x000000a0       0xa1 ./SDK/platform/drivers/src/lpspi/lpspi_shared_function.o
 .comment       0x000000a0       0xa1 ./SDK/platform/drivers/src/lpspi/lpspi_slave_driver.o
 .comment       0x000000a0       0xa1 ./SDK/platform/drivers/src/pins/pins_driver.o
 .comment       0x000000a0       0xa1 ./SDK/platform/drivers/src/pins/pins_port_hw_access.o
 .comment       0x000000a0       0xa1 ./SDK/rtos/osif/osif_baremetal.o
 .comment       0x000000a0       0xa1 ./board/clock_config.o
 .comment       0x000000a0       0xa1 ./board/peripherals_adc_config_1.o
 .comment       0x000000a0       0xa1 ./board/peripherals_lpi2c_config_1.o
 .comment       0x000000a0       0xa1 ./board/peripherals_lpspi_1.o
 .comment       0x000000a0       0xa1 ./board/pin_mux.o
 .comment       0x000000a0       0xa1 ./src/main.o

.debug_frame    0x00000000     0x1b30
 .debug_frame   0x00000000       0x40 ./SDK/platform/devices/S32K144/startup/system_S32K144.o
 .debug_frame   0x00000040       0x2c ./SDK/platform/devices/startup.o
 .debug_frame   0x0000006c      0x22c ./SDK/platform/drivers/src/adc/adc_driver.o
 .debug_frame   0x00000298      0x398 ./SDK/platform/drivers/src/clock/S32K1xx/clock_S32K1xx.o
 .debug_frame   0x00000630      0x388 ./SDK/platform/drivers/src/edma/edma_driver.o
 .debug_frame   0x000009b8      0x144 ./SDK/platform/drivers/src/edma/edma_hw_access.o
 .debug_frame   0x00000afc      0x1ac ./SDK/platform/drivers/src/edma/edma_irq.o
 .debug_frame   0x00000ca8       0xd8 ./SDK/platform/drivers/src/interrupt/interrupt_manager.o
 .debug_frame   0x00000d80      0x420 ./SDK/platform/drivers/src/lpi2c/lpi2c_driver.o
 .debug_frame   0x000011a0       0x20 ./SDK/platform/drivers/src/lpi2c/lpi2c_hw_access.o
 .debug_frame   0x000011c0       0x40 ./SDK/platform/drivers/src/lpi2c/lpi2c_irq.o
 .debug_frame   0x00001200       0xf4 ./SDK/platform/drivers/src/lpspi/lpspi_hw_access.o
 .debug_frame   0x000012f4       0x58 ./SDK/platform/drivers/src/lpspi/lpspi_irq.o
 .debug_frame   0x0000134c      0x1bc ./SDK/platform/drivers/src/lpspi/lpspi_master_driver.o
 .debug_frame   0x00001508       0x90 ./SDK/platform/drivers/src/lpspi/lpspi_shared_function.o
 .debug_frame   0x00001598      0x120 ./SDK/platform/drivers/src/lpspi/lpspi_slave_driver.o
 .debug_frame   0x000016b8      0x1e4 ./SDK/platform/drivers/src/pins/pins_driver.o
 .debug_frame   0x0000189c       0x98 ./SDK/platform/drivers/src/pins/pins_port_hw_access.o
 .debug_frame   0x00001934       0xf8 ./SDK/rtos/osif/osif_baremetal.o
 .debug_frame   0x00001a2c      0x104 ./src/main.o
