Archive member included to satisfy reference by file (symbol)

C:/NXP/S32DS.3.4/S32DS/build_tools/gcc_v6.3/gcc-6.3-arm32-eabi/arm-none-eabi/newlib/lib/thumb/v7e-m/fpv4-sp/hard\libc_nano.a(lib_a-exit.o)
                              C:/NXP/S32DS.3.4/S32DS/build_tools/gcc_v6.3/gcc-6.3-arm32-eabi/arm-none-eabi/newlib/lib/thumb/v7e-m/fpv4-sp/hard/crt0.o (exit)
C:/NXP/S32DS.3.4/S32DS/build_tools/gcc_v6.3/gcc-6.3-arm32-eabi/arm-none-eabi/newlib/lib/thumb/v7e-m/fpv4-sp/hard\libc_nano.a(lib_a-impure.o)
                              C:/NXP/S32DS.3.4/S32DS/build_tools/gcc_v6.3/gcc-6.3-arm32-eabi/arm-none-eabi/newlib/lib/thumb/v7e-m/fpv4-sp/hard\libc_nano.a(lib_a-exit.o) (_global_impure_ptr)
C:/NXP/S32DS.3.4/S32DS/build_tools/gcc_v6.3/gcc-6.3-arm32-eabi/arm-none-eabi/newlib/lib/thumb/v7e-m/fpv4-sp/hard\libc_nano.a(lib_a-init.o)
                              C:/NXP/S32DS.3.4/S32DS/build_tools/gcc_v6.3/gcc-6.3-arm32-eabi/arm-none-eabi/newlib/lib/thumb/v7e-m/fpv4-sp/hard/crt0.o (__libc_init_array)
C:/NXP/S32DS.3.4/S32DS/build_tools/gcc_v6.3/gcc-6.3-arm32-eabi/arm-none-eabi/newlib/lib/thumb/v7e-m/fpv4-sp/hard\libc_nano.a(lib_a-memset.o)
                              C:/NXP/S32DS.3.4/S32DS/build_tools/gcc_v6.3/gcc-6.3-arm32-eabi/arm-none-eabi/newlib/lib/thumb/v7e-m/fpv4-sp/hard/crt0.o (memset)
C:/NXP/S32DS.3.4/S32DS/build_tools/gcc_v6.3/gcc-6.3-arm32-eabi/arm-none-eabi/newlib/lib/thumb/v7e-m/fpv4-sp/hard\libc_nano.a(lib_a-printf.o)
                              ./src/main.o (printf)
C:/NXP/S32DS.3.4/S32DS/build_tools/gcc_v6.3/gcc-6.3-arm32-eabi/arm-none-eabi/newlib/lib/thumb/v7e-m/fpv4-sp/hard\libc_nano.a(lib_a-sprintf.o)
                              ./src/main.o (sprintf)
C:/NXP/S32DS.3.4/S32DS/build_tools/gcc_v6.3/gcc-6.3-arm32-eabi/arm-none-eabi/newlib/lib/thumb/v7e-m/fpv4-sp/hard\libc_nano.a(lib_a-strlen.o)
                              ./src/main.o (strlen)
C:/NXP/S32DS.3.4/S32DS/build_tools/gcc_v6.3/gcc-6.3-arm32-eabi/arm-none-eabi/newlib/lib/thumb/v7e-m/fpv4-sp/hard\libc_nano.a(lib_a-findfp.o)
                              C:/NXP/S32DS.3.4/S32DS/build_tools/gcc_v6.3/gcc-6.3-arm32-eabi/arm-none-eabi/newlib/lib/thumb/v7e-m/fpv4-sp/hard\libc_nano.a(lib_a-printf.o) (__sinit)
C:/NXP/S32DS.3.4/S32DS/build_tools/gcc_v6.3/gcc-6.3-arm32-eabi/arm-none-eabi/newlib/lib/thumb/v7e-m/fpv4-sp/hard\libc_nano.a(lib_a-fwalk.o)
                              C:/NXP/S32DS.3.4/S32DS/build_tools/gcc_v6.3/gcc-6.3-arm32-eabi/arm-none-eabi/newlib/lib/thumb/v7e-m/fpv4-sp/hard\libc_nano.a(lib_a-findfp.o) (_fwalk_reent)
C:/NXP/S32DS.3.4/S32DS/build_tools/gcc_v6.3/gcc-6.3-arm32-eabi/arm-none-eabi/newlib/lib/thumb/v7e-m/fpv4-sp/hard\libc_nano.a(lib_a-nano-mallocr.o)
                              C:/NXP/S32DS.3.4/S32DS/build_tools/gcc_v6.3/gcc-6.3-arm32-eabi/arm-none-eabi/newlib/lib/thumb/v7e-m/fpv4-sp/hard\libc_nano.a(lib_a-findfp.o) (_malloc_r)
C:/NXP/S32DS.3.4/S32DS/build_tools/gcc_v6.3/gcc-6.3-arm32-eabi/arm-none-eabi/newlib/lib/thumb/v7e-m/fpv4-sp/hard\libc_nano.a(lib_a-nano-svfprintf.o)
                              C:/NXP/S32DS.3.4/S32DS/build_tools/gcc_v6.3/gcc-6.3-arm32-eabi/arm-none-eabi/newlib/lib/thumb/v7e-m/fpv4-sp/hard\libc_nano.a(lib_a-sprintf.o) (_svfprintf_r)
C:/NXP/S32DS.3.4/S32DS/build_tools/gcc_v6.3/gcc-6.3-arm32-eabi/arm-none-eabi/newlib/lib/thumb/v7e-m/fpv4-sp/hard\libc_nano.a(lib_a-nano-vfprintf_i.o)
                              C:/NXP/S32DS.3.4/S32DS/build_tools/gcc_v6.3/gcc-6.3-arm32-eabi/arm-none-eabi/newlib/lib/thumb/v7e-m/fpv4-sp/hard\libc_nano.a(lib_a-nano-svfprintf.o) (_printf_i)
C:/NXP/S32DS.3.4/S32DS/build_tools/gcc_v6.3/gcc-6.3-arm32-eabi/arm-none-eabi/newlib/lib/thumb/v7e-m/fpv4-sp/hard\libc_nano.a(lib_a-nano-vfprintf.o)
                              C:/NXP/S32DS.3.4/S32DS/build_tools/gcc_v6.3/gcc-6.3-arm32-eabi/arm-none-eabi/newlib/lib/thumb/v7e-m/fpv4-sp/hard\libc_nano.a(lib_a-printf.o) (_vfprintf_r)
C:/NXP/S32DS.3.4/S32DS/build_tools/gcc_v6.3/gcc-6.3-arm32-eabi/arm-none-eabi/newlib/lib/thumb/v7e-m/fpv4-sp/hard\libc_nano.a(lib_a-sbrkr.o)
                              C:/NXP/S32DS.3.4/S32DS/build_tools/gcc_v6.3/gcc-6.3-arm32-eabi/arm-none-eabi/newlib/lib/thumb/v7e-m/fpv4-sp/hard\libc_nano.a(lib_a-nano-mallocr.o) (_sbrk_r)
C:/NXP/S32DS.3.4/S32DS/build_tools/gcc_v6.3/gcc-6.3-arm32-eabi/arm-none-eabi/newlib/lib/thumb/v7e-m/fpv4-sp/hard\libc_nano.a(lib_a-stdio.o)
                              C:/NXP/S32DS.3.4/S32DS/build_tools/gcc_v6.3/gcc-6.3-arm32-eabi/arm-none-eabi/newlib/lib/thumb/v7e-m/fpv4-sp/hard\libc_nano.a(lib_a-findfp.o) (__sread)
C:/NXP/S32DS.3.4/S32DS/build_tools/gcc_v6.3/gcc-6.3-arm32-eabi/arm-none-eabi/newlib/lib/thumb/v7e-m/fpv4-sp/hard\libc_nano.a(lib_a-wbuf.o)
                              C:/NXP/S32DS.3.4/S32DS/build_tools/gcc_v6.3/gcc-6.3-arm32-eabi/arm-none-eabi/newlib/lib/thumb/v7e-m/fpv4-sp/hard\libc_nano.a(lib_a-nano-vfprintf.o) (__swbuf_r)
C:/NXP/S32DS.3.4/S32DS/build_tools/gcc_v6.3/gcc-6.3-arm32-eabi/arm-none-eabi/newlib/lib/thumb/v7e-m/fpv4-sp/hard\libc_nano.a(lib_a-writer.o)
[...]
Memory Configuration

Name             Origin             Length             Attributes
m_interrupts     0x00000000         0x00000400         xr
m_flash_config   0x00000400         0x00000010         xr
m_text           0x00000410         0x0007fbf0         xr
m_data           0x1fff8000         0x00008000         rw
m_data_2         0x20000000         0x00007000         rw
*default*        0x00000000         0xffffffff

Linker script and memory map

LOAD c:/nxp/s32ds.3.4/s32ds/build_tools/gcc_v6.3/gcc-6.3-arm32-eabi/bin/../lib/gcc/arm-none-eabi/6.3.1/thumb/v7e-m/fpv4-sp/hard/crti.o
LOAD c:/nxp/s32ds.3.4/s32ds/build_tools/gcc_v6.3/gcc-6.3-arm32-eabi/bin/../lib/gcc/arm-none-eabi/6.3.1/thumb/v7e-m/fpv4-sp/hard/crtbegin.o
LOAD C:/NXP/S32DS.3.4/S32DS/build_tools/gcc_v6.3/gcc-6.3-arm32-eabi/arm-none-eabi/newlib/lib/thumb/v7e-m/fpv4-sp/hard/crt0.o
LOAD ./Project_Settings/Startup_Code/startup_S32K144.o
LOAD ./SDK/platform/devices/S32K144/startup/system_S32K144.o
LOAD ./SDK/platform/devices/startup.o
LOAD ./SDK/platform/drivers/src/adc/adc_driver.o
LOAD ./SDK/platform/drivers/src/clock/S32K1xx/clock_S32K1xx.o
LOAD ./SDK/platform/drivers/src/edma/edma_driver.o
LOAD ./SDK/platform/drivers/src/edma/edma_hw_access.o
LOAD ./SDK/platform/drivers/src/edma/edma_irq.o
LOAD ./SDK/platform/drivers/src/interrupt/interrupt_manager.o
LOAD ./SDK/platform/drivers/src/lpi2c/lpi2c_driver.o
LOAD ./SDK/platform/drivers/src/lpi2c/lpi2c_hw_access.o
LOAD ./SDK/platform/drivers/src/lpi2c/lpi2c_irq.o
LOAD ./SDK/platform/drivers/src/lpspi/lpspi_hw_access.o
LOAD ./SDK/platform/drivers/src/lpspi/lpspi_irq.o
LOAD ./SDK/platform/drivers/src/lpspi/lpspi_master_driver.o
LOAD ./SDK/platform/drivers/src/lpspi/lpspi_shared_function.o
LOAD ./SDK/platform/drivers/src/lpspi/lpspi_slave_driver.o
LOAD ./SDK/platform/drivers/src/lpuart/lpuart_driver.o
LOAD ./SDK/platform/drivers/src/lpuart/lpuart_hw_access.o
LOAD ./SDK/platform/drivers/src/lpuart/lpuart_irq.o
LOAD ./SDK/platform/drivers/src/pins/pins_driver.o
LOAD ./SDK/platform/drivers/src/pins/pins_port_hw_access.o
LOAD ./SDK/rtos/osif/osif_baremetal.o
LOAD ./board/clock_config.o
LOAD ./board/peripherals_adc_config_1.o
LOAD ./board/peripherals_edma_config_1.o
LOAD ./board/peripherals_lpi2c_config_1.o
LOAD ./board/peripherals_lpspi_1.o
LOAD ./board/peripherals_lpuart_1.o
LOAD ./board/pin_mux.o
LOAD ./src/main.o
START GROUP
LOAD c:/nxp/s32ds.3.4/s32ds/build_tools/gcc_v6.3/gcc-6.3-arm32-eabi/bin/../lib/gcc/arm-none-eabi/6.3.1/thumb/v7e-m/fpv4-sp/hard\libgcc.a
LOAD C:/NXP/S32DS.3.4/S32DS/build_tools/gcc_v6.3/gcc-6.3-arm32-eabi/arm-none-eabi/newlib/lib/thumb/v7e-m/fpv4-sp/hard\libc_nano.a
END GROUP
START GROUP
LOAD c:/nxp/s32ds.3.4/s32ds/build_tools/gcc_v6.3/gcc-6.3-arm32-eabi/bin/../lib/gcc/arm-none-eabi/6.3.1/thumb/v7e-m/fpv4-sp/hard\libgcc.a
LOAD C:/NXP/S32DS.3.4/S32DS/build_tools/gcc_v6.3/gcc-6.3-arm32-eabi/arm-none-eabi/newlib/lib/thumb/v7e-m/fpv4-sp/hard\libc_nano.a
LOAD C:/NXP/S32DS.3.4/S32DS/build_tools/gcc_v6.3/gcc-6.3-arm32-eabi/arm-none-eabi/newlib/lib/thumb/v7e-m/fpv4-sp/hard\libnosys.a
END GROUP
START GROUP
LOAD c:/nxp/s32ds.3.4/s32ds/build_tools/gcc_v6.3/gcc-6.3-arm32-eabi/bin/../lib/gcc/arm-none-eabi/6.3.1/thumb/v7e-m/fpv4-sp/hard\libgcc.a
LOAD C:/NXP/S32DS.3.4/S32DS/build_tools/gcc_v6.3/gcc-6.3-arm32-eabi/arm-none-eabi/newlib/lib/thumb/v7e-m/fpv4-sp/hard\libc_nano.a
LOAD C:/NXP/S32DS.3.4/S32DS/build_tools/gcc_v6.3/gcc-6.3-arm32-eabi/arm-none-eabi/newlib/lib/thumb/v7e-m/fpv4-sp/hard\libnosys.a
END GROUP
LOAD c:/nxp/s32ds.3.4/s32ds/build_tools/gcc_v6.3/gcc-6.3-arm32-eabi/bin/../lib/gcc/arm-none-eabi/6.3.1/thumb/v7e-m/fpv4-sp/hard/crtend.o
LOAD c:/nxp/s32ds.3.4/s32ds/build_tools/gcc_v6.3/gcc-6.3-arm32-eabi/bin/../lib/gcc/arm-none-eabi/6.3.1/thumb/v7e-m/fpv4-sp/hard/crtn.o
                0x00000400                HEAP_SIZE = DEFINED (__heap_size__)?__heap_size__:0x400
                0x00000400                STACK_SIZE = DEFINED (__stack_size__)?__stack_size__:0x400
                0x00000400                M_VECTOR_RAM_SIZE = DEFINED (__flash_vector_table__)?0x0:0x400

.interrupts     0x00000000      0x400
                0x00000000                __VECTOR_TABLE = .
                0x00000000                __interrupts_start__ = .
                0x00000000                . = ALIGN (0x4)
 *(.isr_vector)
 .isr_vector    0x00000000      0x400 ./Project_Settings/Startup_Code/startup_S32K144.o
                0x00000000                __isr_vector
                0x00000400                __interrupts_end__ = .
                0x00000400                . = ALIGN (0x4)

.flash_config   0x00000400       0x10
                0x00000400                . = ALIGN (0x4)
 *(.FlashConfig)
 .FlashConfig   0x00000400       0x10 ./Project_Settings/Startup_Code/startup_S32K144.o
                0x00000410                . = ALIGN (0x4)

.text           0x00000410     0x51b4
                0x00000410                . = ALIGN (0x4)
 *(.text)
 .text          0x00000410       0x4c ./Project_Settings/Startup_Code/startup_S32K144.o
                0x00000410                Reset_Handler
                0x00000458                DebugMon_Handler
                0x00000458                Reserved88_IRQHandler
                0x00000458                CAN0_ORed_IRQHandler
                0x00000458                HardFault_Handler
                0x00000458                Reserved86_IRQHandler
                0x00000458                Reserved103_IRQHandler
                0x00000458                FTM2_Ovf_Reload_IRQHandler
                0x00000458                Reserved50_IRQHandler
                0x00000458                FTFC_Fault_IRQHandler
                0x00000458                FTM0_Ch6_Ch7_IRQHandler
                0x00000458                Reserved114_IRQHandler
                0x00000458                PendSV_Handler
                0x00000458                NMI_Handler
                0x00000458                Reserved89_IRQHandler
                0x00000458                ERM_double_fault_IRQHandler
                0x00000458                Reserved59_IRQHandler
                0x00000458                LPIT0_Ch0_IRQHandler
                0x00000458                Reserved99_IRQHandler
                0x00000458                FTM3_Ch6_Ch7_IRQHandler
                0x00000458                CAN2_ORed_0_15_MB_IRQHandler
                0x00000458                LPIT0_Ch3_IRQHandler
                0x00000458                Reserved92_IRQHandler
                0x00000458                FTM0_Ch4_Ch5_IRQHandler
                0x00000458                CAN1_Error_IRQHandler
                0x00000458                FTM3_Ch0_Ch1_IRQHandler
                0x00000458                SWI_IRQHandler
                0x00000458                ADC0_IRQHandler
                0x00000458                FTM2_Ch4_Ch5_IRQHandler
                0x00000458                UsageFault_Handler
                0x00000458                FTM0_Ovf_Reload_IRQHandler
                0x00000458                DefaultISR
                0x00000458                Reserved58_IRQHandler
                0x00000458                CAN1_ORed_0_15_MB_IRQHandler
                0x00000458                FTM1_Ch2_Ch3_IRQHandler
                0x00000458                Reserved82_IRQHandler
                0x00000458                CAN0_ORed_16_31_MB_IRQHandler
                0x00000458                Reserved71_IRQHandler
                0x00000458                PORTD_IRQHandler
                0x00000458                Reserved69_IRQHandler
                0x00000458                PORTB_IRQHandler
                0x00000458                Reserved70_IRQHandler
                0x00000458                ADC1_IRQHandler
                0x00000458                FTM2_Ch2_Ch3_IRQHandler
                0x00000458                Reserved53_IRQHandler
                0x00000458                RTC_IRQHandler
                0x00000458                PDB0_IRQHandler
                0x00000458                Reserved54_IRQHandler
                0x00000458                FTM2_Ch6_Ch7_IRQHandler
                0x00000458                FTM3_Ch2_Ch3_IRQHandler
                0x00000458                FTM2_Ch0_Ch1_IRQHandler
                0x00000458                LPUART1_RxTx_IRQHandler
                0x00000458                RTC_Seconds_IRQHandler
                0x00000458                CAN2_ORed_IRQHandler
                0x00000458                Reserved72_IRQHandler
                0x00000458                Reserved110_IRQHandler
                0x00000458                Reserved107_IRQHandler
                0x00000458                Read_Collision_IRQHandler
                0x00000458                CAN2_Error_IRQHandler
                0x00000458                FTFC_IRQHandler
                0x00000458                FTM1_Ch6_Ch7_IRQHandler
                0x00000458                Reserved105_IRQHandler
                0x00000458                LPIT0_Ch1_IRQHandler
                0x00000458                FTM1_Ch4_Ch5_IRQHandler
                0x00000458                FTM3_Ovf_Reload_IRQHandler
                0x00000458                LPUART2_RxTx_IRQHandler
                0x00000458                WDOG_EWM_IRQHandler
                0x00000458                MemManage_Handler
                0x00000458                Reserved90_IRQHandler
                0x00000458                Reserved83_IRQHandler
                0x00000458                FTM0_Fault_IRQHandler
                0x00000458                Reserved48_IRQHandler
                0x00000458                SVC_Handler
                0x00000458                ERM_single_fault_IRQHandler
                0x00000458                FTM2_Fault_IRQHandler
                0x00000458                FTM0_Ch2_Ch3_IRQHandler
                0x00000458                FTM0_Ch0_Ch1_IRQHandler
                0x00000458                FTM3_Fault_IRQHandler
                0x00000458                RCM_IRQHandler
                0x00000458                Reserved100_IRQHandler
                0x00000458                Reserved91_IRQHandler
                0x00000458                CAN1_ORed_IRQHandler
                0x00000458                SCG_IRQHandler
                0x00000458                PDB1_IRQHandler
                0x00000458                Reserved81_IRQHandler
                0x00000458                Reserved46_IRQHandler
                0x00000458                Reserved45_IRQHandler
                0x00000458                CAN0_Error_IRQHandler
                0x00000458                Reserved112_IRQHandler
                0x00000458                FTM1_Fault_IRQHandler
                0x00000458                Reserved106_IRQHandler
                0x00000458                LVD_LVW_IRQHandler
                0x00000458                LPIT0_Ch2_IRQHandler
                0x00000458                PORTA_IRQHandler
                0x00000458                MCM_IRQHandler
                0x00000458                FTM3_Ch4_Ch5_IRQHandler
                0x00000458                CAN0_ORed_0_15_MB_IRQHandler
                0x00000458                PORTE_IRQHandler
                0x00000458                LPUART0_RxTx_IRQHandler
                0x00000458                LPTMR0_IRQHandler
                0x00000458                BusFault_Handler
                0x00000458                Reserved87_IRQHandler
                0x00000458                FTM1_Ovf_Reload_IRQHandler
                0x00000458                Reserved93_IRQHandler
                0x00000458                CAN0_Wake_Up_IRQHandler
                0x00000458                CMP0_IRQHandler
                0x00000458                Reserved52_IRQHandler
                0x00000458                PORTC_IRQHandler
                0x00000458                FTM1_Ch0_Ch1_IRQHandler
                0x00000458                FLEXIO_IRQHandler
                0x00000458                Reserved113_IRQHandler
 .text          0x0000045c       0x10 C:/NXP/S32DS.3.4/S32DS/build_tools/gcc_v6.3/gcc-6.3-arm32-eabi/arm-none-eabi/newlib/lib/thumb/v7e-m/fpv4-sp/hard\libc_nano.a(lib_a-strlen.o)
                0x0000045c                strlen
 *fill*         0x0000046c        0x4 
 .text          0x00000470       0xa0 C:/NXP/S32DS.3.4/S32DS/build_tools/gcc_v6.3/gcc-6.3-arm32-eabi/arm-none-eabi/newlib/lib/thumb/v7e-m/fpv4-sp/hard\libc_nano.a(lib_a-memchr.o)
                0x00000470                memchr
 *(.text*)
 .text.SystemInit
                0x00000510       0x3c ./SDK/platform/devices/S32K144/startup/system_S32K144.o
                0x00000510                SystemInit
 .text.init_data_bss
                0x0000054c       0xd8 ./SDK/platform/devices/startup.o
                0x0000054c                init_data_bss
 .text.ADC_DRV_ConfigConverter
                0x00000624      0x188 ./SDK/platform/drivers/src/adc/adc_driver.o
                0x00000624                ADC_DRV_ConfigConverter
 .text.ADC_DRV_ConfigChan
                0x000007ac       0x58 ./SDK/platform/drivers/src/adc/adc_driver.o
                0x000007ac                ADC_DRV_ConfigChan
 .text.ADC_DRV_AutoCalibration
                0x00000804      0x158 ./SDK/platform/drivers/src/adc/adc_driver.o
                0x00000804                ADC_DRV_AutoCalibration
 .text.CLOCK_SYS_GetCurrentRunMode
                0x0000095c       0x24 ./SDK/platform/drivers/src/clock/S32K1xx/clock_S32K1xx.o
 .text.CLOCK_SYS_GetSysOscFreq
                0x00000980       0x1c ./SDK/platform/drivers/src/clock/S32K1xx/clock_S32K1xx.o
 .text.CLOCK_SYS_ConfigureSOSC
                0x0000099c      0x12c ./SDK/platform/drivers/src/clock/S32K1xx/clock_S32K1xx.o
 .text.CLOCK_SYS_GetSircFreq
                0x00000ac8       0x2c ./SDK/platform/drivers/src/clock/S32K1xx/clock_S32K1xx.o
 .text.CLOCK_SYS_ConfigureSIRC
                0x00000af4       0xc4 ./SDK/platform/drivers/src/clock/S32K1xx/clock_S32K1xx.o
 .text.CLOCK_SYS_GetFircFreq
                0x00000bb8       0x20 ./SDK/platform/drivers/src/clock/S32K1xx/clock_S32K1xx.o
 .text.CLOCK_SYS_ConfigureFIRC
                0x00000bd8       0xb4 ./SDK/platform/drivers/src/clock/S32K1xx/clock_S32K1xx.o
 .text.CLOCK_SYS_GetSysPllFreq
                0x00000c8c       0x44 ./SDK/platform/drivers/src/clock/S32K1xx/clock_S32K1xx.o
 .text.CLOCK_SYS_ConfigureSPLL
                0x00000cd0      0x114 ./SDK/platform/drivers/src/clock/S32K1xx/clock_S32K1xx.o
 .text.CLOCK_SYS_SetSystemClockConfig
                0x00000de4      0x1e4 ./SDK/platform/drivers/src/clock/S32K1xx/clock_S32K1xx.o
 .text.CLOCK_SYS_TransitionSystemClock
                0x00000fc8       0x3c ./SDK/platform/drivers/src/clock/S32K1xx/clock_S32K1xx.o
 .text.CLOCK_SYS_GetSystemClockFreq
                0x00001004       0x78 ./SDK/platform/drivers/src/clock/S32K1xx/clock_S32K1xx.o
 .text.CLOCK_SYS_GetScgClkOutFreq
                0x0000107c       0x48 ./SDK/platform/drivers/src/clock/S32K1xx/clock_S32K1xx.o
 .text.CLOCK_SYS_GetSysAsyncFreq
                0x000010c4       0xdc ./SDK/platform/drivers/src/clock/S32K1xx/clock_S32K1xx.o
 .text.CLOCK_SYS_GetSimRtcClkFreq
                0x000011a0       0x50 ./SDK/platform/drivers/src/clock/S32K1xx/clock_S32K1xx.o
 .text.CLOCK_SYS_GetLpoFreq
                0x000011f0       0x4c ./SDK/platform/drivers/src/clock/S32K1xx/clock_S32K1xx.o
 .text.CLOCK_SYS_GetSimClkOutFreq
                0x0000123c       0xac ./SDK/platform/drivers/src/clock/S32K1xx/clock_S32K1xx.o
 .text.CLOCK_SYS_GetSimClockFreq
                0x000012e8      0x1b0 ./SDK/platform/drivers/src/clock/S32K1xx/clock_S32K1xx.o
 .text.CLOCK_SYS_GetPeripheralClock
                0x00001498       0xcc ./SDK/platform/drivers/src/clock/S32K1xx/clock_S32K1xx.o
 .text.CLOCK_DRV_Init
                0x00001564      0x614 ./SDK/platform/drivers/src/clock/S32K1xx/clock_S32K1xx.o
                0x00001564                CLOCK_DRV_Init
 .text.CLOCK_DRV_GetFreq
                0x00001b78      0x230 ./SDK/platform/drivers/src/clock/S32K1xx/clock_S32K1xx.o
                0x00001b78                CLOCK_DRV_GetFreq
 .text.CLOCK_SYS_Init
                0x00001da8       0x1c ./SDK/platform/drivers/src/clock/S32K1xx/clock_S32K1xx.o
                0x00001da8                CLOCK_SYS_Init
 .text.CLOCK_SYS_UpdateConfiguration
                0x00001dc4       0xf8 ./SDK/platform/drivers/src/clock/S32K1xx/clock_S32K1xx.o
                0x00001dc4                CLOCK_SYS_UpdateConfiguration
 .text.CLOCK_SYS_GetFreq
                0x00001ebc        0x8 ./SDK/platform/drivers/src/clock/S32K1xx/clock_S32K1xx.o
                0x00001ebc                CLOCK_SYS_GetFreq
 .text.EDMA_DRV_InstallCallback
                0x00001ec4       0x20 ./SDK/platform/drivers/src/edma/edma_driver.o
                0x00001ec4                EDMA_DRV_InstallCallback
 .text.EDMA_DRV_IRQHandler
                0x00001ee4       0x2c ./SDK/platform/drivers/src/edma/edma_driver.o
                0x00001ee4                EDMA_DRV_IRQHandler
 .text.EDMA_DRV_ErrorIRQHandler
                0x00001f10       0x3c ./SDK/platform/drivers/src/edma/edma_driver.o
                0x00001f10                EDMA_DRV_ErrorIRQHandler
 .text.EDMA_DRV_ConfigSingleBlockTransfer
                0x00001f4c      0x154 ./SDK/platform/drivers/src/edma/edma_driver.o
                0x00001f4c                EDMA_DRV_ConfigSingleBlockTransfer
 .text.EDMA_DRV_ConfigMultiBlockTransfer
                0x000020a0       0x64 ./SDK/platform/drivers/src/edma/edma_driver.o
                0x000020a0                EDMA_DRV_ConfigMultiBlockTransfer
 .text.EDMA_DRV_StartChannel
                0x00002104       0x18 ./SDK/platform/drivers/src/edma/edma_driver.o
                0x00002104                EDMA_DRV_StartChannel
 .text.EDMA_DRV_StopChannel
                0x0000211c       0x18 ./SDK/platform/drivers/src/edma/edma_driver.o
                0x0000211c                EDMA_DRV_StopChannel
 .text.EDMA_DRV_SetChannelRequestAndTrigger
                0x00002134       0x44 ./SDK/platform/drivers/src/edma/edma_driver.o
                0x00002134                EDMA_DRV_SetChannelRequestAndTrigger
 .text.EDMA_DRV_SetSrcAddr
                0x00002178       0x14 ./SDK/platform/drivers/src/edma/edma_driver.o
                0x00002178                EDMA_DRV_SetSrcAddr
 .text.EDMA_DRV_SetSrcLastAddrAdjustment
                0x0000218c       0x16 ./SDK/platform/drivers/src/edma/edma_driver.o
                0x0000218c                EDMA_DRV_SetSrcLastAddrAdjustment
 *fill*         0x000021a2        0x2 
 .text.EDMA_DRV_SetMajorLoopIterationCount
                0x000021a4       0x14 ./SDK/platform/drivers/src/edma/edma_driver.o
                0x000021a4                EDMA_DRV_SetMajorLoopIterationCount
 .text.EDMA_DRV_GetDmaRegBaseAddr
                0x000021b8        0x8 ./SDK/platform/drivers/src/edma/edma_driver.o
                0x000021b8                EDMA_DRV_GetDmaRegBaseAddr
 .text.EDMA_SetDmaRequestCmd
                0x000021c0        0xa ./SDK/platform/drivers/src/edma/edma_hw_access.o
                0x000021c0                EDMA_SetDmaRequestCmd
 .text.EDMA_TCDClearReg
                0x000021ca       0x4a ./SDK/platform/drivers/src/edma/edma_hw_access.o
                0x000021ca                EDMA_TCDClearReg
 .text.EDMA_TCDSetAttribute
                0x00002214       0x30 ./SDK/platform/drivers/src/edma/edma_hw_access.o
                0x00002214                EDMA_TCDSetAttribute
 .text.EDMA_TCDSetNbytes
                0x00002244       0x5c ./SDK/platform/drivers/src/edma/edma_hw_access.o
                0x00002244                EDMA_TCDSetNbytes
 .text.EDMA_TCDSetMajorCount
                0x000022a0       0x5e ./SDK/platform/drivers/src/edma/edma_hw_access.o
                0x000022a0                EDMA_TCDSetMajorCount
 .text.DMA0_IRQHandler
                0x000022fe        0xa ./SDK/platform/drivers/src/edma/edma_irq.o
                0x000022fe                DMA0_IRQHandler
 .text.DMA1_IRQHandler
                0x00002308        0xa ./SDK/platform/drivers/src/edma/edma_irq.o
                0x00002308                DMA1_IRQHandler
 .text.DMA2_IRQHandler
                0x00002312        0xa ./SDK/platform/drivers/src/edma/edma_irq.o
                0x00002312                DMA2_IRQHandler
 .text.DMA3_IRQHandler
                0x0000231c        0xa ./SDK/platform/drivers/src/edma/edma_irq.o
                0x0000231c                DMA3_IRQHandler
 .text.DMA4_IRQHandler
                0x00002326        0xa ./SDK/platform/drivers/src/edma/edma_irq.o
                0x00002326                DMA4_IRQHandler
 .text.DMA5_IRQHandler
                0x00002330        0xa ./SDK/platform/drivers/src/edma/edma_irq.o
                0x00002330                DMA5_IRQHandler
 .text.DMA6_IRQHandler
                0x0000233a        0xa ./SDK/platform/drivers/src/edma/edma_irq.o
                0x0000233a                DMA6_IRQHandler
 .text.DMA7_IRQHandler
                0x00002344        0xa ./SDK/platform/drivers/src/edma/edma_irq.o
                0x00002344                DMA7_IRQHandler
 .text.DMA8_IRQHandler
                0x0000234e        0xa ./SDK/platform/drivers/src/edma/edma_irq.o
                0x0000234e                DMA8_IRQHandler
 .text.DMA9_IRQHandler
                0x00002358        0xa ./SDK/platform/drivers/src/edma/edma_irq.o
                0x00002358                DMA9_IRQHandler
 .text.DMA10_IRQHandler
                0x00002362        0xa ./SDK/platform/drivers/src/edma/edma_irq.o
                0x00002362                DMA10_IRQHandler
 .text.DMA11_IRQHandler
                0x0000236c        0xa ./SDK/platform/drivers/src/edma/edma_irq.o
                0x0000236c                DMA11_IRQHandler
 .text.DMA12_IRQHandler
                0x00002376        0xa ./SDK/platform/drivers/src/edma/edma_irq.o
                0x00002376                DMA12_IRQHandler
 .text.DMA13_IRQHandler
                0x00002380        0xa ./SDK/platform/drivers/src/edma/edma_irq.o
                0x00002380                DMA13_IRQHandler
 .text.DMA14_IRQHandler
                0x0000238a        0xa ./SDK/platform/drivers/src/edma/edma_irq.o
                0x0000238a                DMA14_IRQHandler
 .text.DMA15_IRQHandler
                0x00002394        0xa ./SDK/platform/drivers/src/edma/edma_irq.o
                0x00002394                DMA15_IRQHandler
 .text.DMA_Error_IRQHandler
                0x0000239e       0x28 ./SDK/platform/drivers/src/edma/edma_irq.o
                0x0000239e                DMA_Error_IRQHandler
 *fill*         0x000023c6        0x2 
 .text.INT_SYS_InstallHandler
                0x000023c8       0x40 ./SDK/platform/drivers/src/interrupt/interrupt_manager.o
                0x000023c8                INT_SYS_InstallHandler
 .text.INT_SYS_EnableIRQ
                0x00002408       0x18 ./SDK/platform/drivers/src/interrupt/interrupt_manager.o
                0x00002408                INT_SYS_EnableIRQ
 .text.INT_SYS_EnableIRQGlobal
                0x00002420       0x1c ./SDK/platform/drivers/src/interrupt/interrupt_manager.o
                0x00002420                INT_SYS_EnableIRQGlobal
 .text.INT_SYS_DisableIRQGlobal
                0x0000243c       0x10 ./SDK/platform/drivers/src/interrupt/interrupt_manager.o
                0x0000243c                INT_SYS_DisableIRQGlobal
 .text.LPI2C_DRV_MasterQueueData
                0x0000244c       0x4c ./SDK/platform/drivers/src/lpi2c/lpi2c_driver.o
 .text.LPI2C_DRV_SlaveEndTransfer
                0x00002498       0x4e ./SDK/platform/drivers/src/lpi2c/lpi2c_driver.o
 .text.LPI2C_DRV_MasterEndTransfer
                0x000024e6       0x68 ./SDK/platform/drivers/src/lpi2c/lpi2c_driver.o
 .text.LPI2C_DRV_SlaveEndTransferHandler
                0x0000254e       0x3a ./SDK/platform/drivers/src/lpi2c/lpi2c_driver.o
 .text.LPI2C_DRV_ConfigureDmaTransfer
                0x00002588       0x60 ./SDK/platform/drivers/src/lpi2c/lpi2c_driver.o
 .text.LPI2C_DRV_SlaveStartDmaTransfer
                0x000025e8       0x9c ./SDK/platform/drivers/src/lpi2c/lpi2c_driver.o
 .text.LPI2C_DRV_MasterSetBaudRate
                0x00002684      0x128 ./SDK/platform/drivers/src/lpi2c/lpi2c_driver.o
                0x00002684                LPI2C_DRV_MasterSetBaudRate
 .text.LPI2C_DRV_MasterReinit
                0x000027ac       0x5c ./SDK/platform/drivers/src/lpi2c/lpi2c_driver.o
 .text.LPI2C_DRV_MasterIRQHandler
                0x00002808      0x24c ./SDK/platform/drivers/src/lpi2c/lpi2c_driver.o
                0x00002808                LPI2C_DRV_MasterIRQHandler
 .text.LPI2C_DRV_SlaveInit
                0x00002a54      0x14c ./SDK/platform/drivers/src/lpi2c/lpi2c_driver.o
                0x00002a54                LPI2C_DRV_SlaveInit
 .text.LPI2C_DRV_SlaveIRQHandler
                0x00002ba0      0x1cc ./SDK/platform/drivers/src/lpi2c/lpi2c_driver.o
                0x00002ba0                LPI2C_DRV_SlaveIRQHandler
 .text.LPI2C_Init
                0x00002d6c       0x1e ./SDK/platform/drivers/src/lpi2c/lpi2c_hw_access.o
                0x00002d6c                LPI2C_Init
 .text.LPI2C0_Master_IRQHandler
                0x00002d8a        0xa ./SDK/platform/drivers/src/lpi2c/lpi2c_irq.o
                0x00002d8a                LPI2C0_Master_IRQHandler
 .text.LPI2C0_Slave_IRQHandler
                0x00002d94        0xa ./SDK/platform/drivers/src/lpi2c/lpi2c_irq.o
                0x00002d94                LPI2C0_Slave_IRQHandler
 .text.LPSPI_Init
                0x00002d9e        0xa ./SDK/platform/drivers/src/lpspi/lpspi_hw_access.o
                0x00002d9e                LPSPI_Init
 .text.LPSPI_Disable
                0x00002da8       0x18 ./SDK/platform/drivers/src/lpspi/lpspi_hw_access.o
                0x00002da8                LPSPI_Disable
 .text.LPSPI_SetMasterSlaveMode
                0x00002dc0        0xe ./SDK/platform/drivers/src/lpspi/lpspi_hw_access.o
                0x00002dc0                LPSPI_SetMasterSlaveMode
 .text.LPSPI_SetFlushFifoCmd
                0x00002dce        0xe ./SDK/platform/drivers/src/lpspi/lpspi_hw_access.o
                0x00002dce                LPSPI_SetFlushFifoCmd
 .text.LPSPI_ClearStatusFlag
                0x00002ddc       0x20 ./SDK/platform/drivers/src/lpspi/lpspi_hw_access.o
                0x00002ddc                LPSPI_ClearStatusFlag
 .text.LPSPI_SetPcsPolarityMode
                0x00002dfc       0x1c ./SDK/platform/drivers/src/lpspi/lpspi_hw_access.o
                0x00002dfc                LPSPI_SetPcsPolarityMode
 .text.LPSPI_SetPinConfigMode
                0x00002e18       0x22 ./SDK/platform/drivers/src/lpspi/lpspi_hw_access.o
                0x00002e18                LPSPI_SetPinConfigMode
 .text.LPSPI_SetBaudRateDivisor
                0x00002e3a       0x10 ./SDK/platform/drivers/src/lpspi/lpspi_hw_access.o
                0x00002e3a                LPSPI_SetBaudRateDivisor
 *fill*         0x00002e4a        0x2 
 .text.LPSPI_SetBaudRate
                0x00002e4c      0x108 ./SDK/platform/drivers/src/lpspi/lpspi_hw_access.o
                0x00002e4c                LPSPI_SetBaudRate
 .text.LPSPI_SetTxCommandReg
                0x00002f54       0x4a ./SDK/platform/drivers/src/lpspi/lpspi_hw_access.o
                0x00002f54                LPSPI_SetTxCommandReg
 .text.LPSPI0_IRQHandler
                0x00002f9e        0xa ./SDK/platform/drivers/src/lpspi/lpspi_irq.o
                0x00002f9e                LPSPI0_IRQHandler
 .text.LPSPI1_IRQHandler
                0x00002fa8        0xa ./SDK/platform/drivers/src/lpspi/lpspi_irq.o
                0x00002fa8                LPSPI1_IRQHandler
 .text.LPSPI2_IRQHandler
                0x00002fb2        0xa ./SDK/platform/drivers/src/lpspi/lpspi_irq.o
                0x00002fb2                LPSPI2_IRQHandler
 .text.LPSPI_DRV_MasterCompleteTransfer
                0x00002fbc       0x78 ./SDK/platform/drivers/src/lpspi/lpspi_master_driver.o
 .text.LPSPI_DRV_MasterConfigureBus
                0x00003034      0x114 ./SDK/platform/drivers/src/lpspi/lpspi_master_driver.o
                0x00003034                LPSPI_DRV_MasterConfigureBus
 .text.LPSPI_DRV_MasterInit
                0x00003148       0x80 ./SDK/platform/drivers/src/lpspi/lpspi_master_driver.o
                0x00003148                LPSPI_DRV_MasterInit
 .text.LPSPI_DRV_MasterAbortTransfer
                0x000031c8       0x28 ./SDK/platform/drivers/src/lpspi/lpspi_master_driver.o
                0x000031c8                LPSPI_DRV_MasterAbortTransfer
 .text.LPSPI_DRV_MasterIRQHandler
                0x000031f0       0xc0 ./SDK/platform/drivers/src/lpspi/lpspi_master_driver.o
                0x000031f0                LPSPI_DRV_MasterIRQHandler
 .text.LPSPI_DRV_IRQHandler
                0x000032b0       0x28 ./SDK/platform/drivers/src/lpspi/lpspi_shared_function.o
                0x000032b0                LPSPI_DRV_IRQHandler
 .text.LPSPI_DRV_FillupTxBuffer
                0x000032d8       0xb4 ./SDK/platform/drivers/src/lpspi/lpspi_shared_function.o
                0x000032d8                LPSPI_DRV_FillupTxBuffer
 .text.LPSPI_DRV_ReadRXBuffer
                0x0000338c       0x8c ./SDK/platform/drivers/src/lpspi/lpspi_shared_function.o
                0x0000338c                LPSPI_DRV_ReadRXBuffer
 .text.LPSPI_DRV_DisableTEIEInterrupts
                0x00003418       0x30 ./SDK/platform/drivers/src/lpspi/lpspi_shared_function.o
                0x00003418                LPSPI_DRV_DisableTEIEInterrupts
 .text.LPSPI_DRV_SlaveAbortTransfer
                0x00003448       0x74 ./SDK/platform/drivers/src/lpspi/lpspi_slave_driver.o
                0x00003448                LPSPI_DRV_SlaveAbortTransfer
 .text.LPSPI_DRV_SlaveIRQHandler
                0x000034bc       0xd4 ./SDK/platform/drivers/src/lpspi/lpspi_slave_driver.o
                0x000034bc                LPSPI_DRV_SlaveIRQHandler
 .text.LPUART_DRV_StartSendDataUsingInt
                0x00003590       0x54 ./SDK/platform/drivers/src/lpuart/lpuart_driver.o
 .text.LPUART_DRV_StartSendDataUsingDma
                0x000035e4       0x88 ./SDK/platform/drivers/src/lpuart/lpuart_driver.o
 .text.LPUART_DRV_CompleteSendDataUsingInt
                0x0000366c       0x6c ./SDK/platform/drivers/src/lpuart/lpuart_driver.o
 .text.LPUART_DRV_StopTxDma
                0x000036d8       0x74 ./SDK/platform/drivers/src/lpuart/lpuart_driver.o
 .text.LPUART_DRV_TxDmaCallback
                0x0000374c       0x74 ./SDK/platform/drivers/src/lpuart/lpuart_driver.o
 .text.LPUART_DRV_PutData
                0x000037c0       0x44 ./SDK/platform/drivers/src/lpuart/lpuart_driver.o
 .text.LPUART_DRV_CompleteReceiveDataUsingInt
                0x00003804       0x6c ./SDK/platform/drivers/src/lpuart/lpuart_driver.o
 .text.LPUART_DRV_StopRxDma
                0x00003870       0x74 ./SDK/platform/drivers/src/lpuart/lpuart_driver.o
 .text.LPUART_DRV_GetData
                0x000038e4       0x5c ./SDK/platform/drivers/src/lpuart/lpuart_driver.o
 .text.LPUART_DRV_SendDataBlocking
                0x00003940       0x5c ./SDK/platform/drivers/src/lpuart/lpuart_driver.o
                0x00003940                LPUART_DRV_SendDataBlocking
 .text.LPUART_DRV_SetBaudRate
                0x0000399c       0xf0 ./SDK/platform/drivers/src/lpuart/lpuart_driver.o
                0x0000399c                LPUART_DRV_SetBaudRate
 .text.LPUART_DRV_Init
                0x00003a8c       0xe0 ./SDK/platform/drivers/src/lpuart/lpuart_driver.o
                0x00003a8c                LPUART_DRV_Init
 .text.LPUART_DRV_IRQHandler
                0x00003b6c      0x284 ./SDK/platform/drivers/src/lpuart/lpuart_driver.o
                0x00003b6c                LPUART_DRV_IRQHandler
 .text.LPUART_Init
                0x00003df0       0x24 ./SDK/platform/drivers/src/lpuart/lpuart_hw_access.o
                0x00003df0                LPUART_Init
 .text.LPUART_SetBitCountPerChar
                0x00003e14       0x30 ./SDK/platform/drivers/src/lpuart/lpuart_hw_access.o
                0x00003e14                LPUART_SetBitCountPerChar
 .text.LPUART_SetParityMode
                0x00003e44       0x1e ./SDK/platform/drivers/src/lpuart/lpuart_hw_access.o
                0x00003e44                LPUART_SetParityMode
 .text.LPUART_Putchar9
                0x00003e62       0x16 ./SDK/platform/drivers/src/lpuart/lpuart_hw_access.o
                0x00003e62                LPUART_Putchar9
 .text.LPUART_Putchar10
                0x00003e78       0x22 ./SDK/platform/drivers/src/lpuart/lpuart_hw_access.o
                0x00003e78                LPUART_Putchar10
 .text.LPUART_Getchar9
                0x00003e9a       0x12 ./SDK/platform/drivers/src/lpuart/lpuart_hw_access.o
                0x00003e9a                LPUART_Getchar9
 .text.LPUART_Getchar10
                0x00003eac       0x1e ./SDK/platform/drivers/src/lpuart/lpuart_hw_access.o
                0x00003eac                LPUART_Getchar10
 .text.LPUART_SetIntMode
                0x00003eca       0x70 ./SDK/platform/drivers/src/lpuart/lpuart_hw_access.o
                0x00003eca                LPUART_SetIntMode
 .text.LPUART_GetIntMode
                0x00003f3a       0x4a ./SDK/platform/drivers/src/lpuart/lpuart_hw_access.o
                0x00003f3a                LPUART_GetIntMode
 .text.LPUART_GetStatusFlag
                0x00003f84       0x4a ./SDK/platform/drivers/src/lpuart/lpuart_hw_access.o
                0x00003f84                LPUART_GetStatusFlag
 *fill*         0x00003fce        0x2 
 .text.LPUART_SetErrorInterrupts
                0x00003fd0       0x40 ./SDK/platform/drivers/src/lpuart/lpuart_hw_access.o
                0x00003fd0                LPUART_SetErrorInterrupts
 .text.LPUART0_IrqHandler
                0x00004010        0xa ./SDK/platform/drivers/src/lpuart/lpuart_irq.o
                0x00004010                LPUART0_IrqHandler
 .text.LPUART1_IrqHandler
                0x0000401a        0xa ./SDK/platform/drivers/src/lpuart/lpuart_irq.o
                0x0000401a                LPUART1_IrqHandler
 .text.LPUART2_IrqHandler
                0x00004024        0xa ./SDK/platform/drivers/src/lpuart/lpuart_irq.o
                0x00004024                LPUART2_IrqHandler
 .text.PINS_DRV_Init
                0x0000402e       0x20 ./SDK/platform/drivers/src/pins/pins_driver.o
                0x0000402e                PINS_DRV_Init
 *fill*         0x0000404e        0x2 
 .text.PINS_GetAdcInterleaveVal
                0x00004050       0x6c ./SDK/platform/drivers/src/pins/pins_port_hw_access.o
 .text.PINS_Init
                0x000040bc      0x114 ./SDK/platform/drivers/src/pins/pins_port_hw_access.o
                0x000040bc                PINS_Init
 .text.SysTick_Handler
                0x000041d0       0x10 ./SDK/rtos/osif/osif_baremetal.o
                0x000041d0                SysTick_Handler
 .text.OSIF_SemaWait
                0x000041e0       0x84 ./SDK/rtos/osif/osif_baremetal.o
                0x000041e0                OSIF_SemaWait
 .text.OSIF_SemaPost
                0x00004264       0x26 ./SDK/rtos/osif/osif_baremetal.o
                0x00004264                OSIF_SemaPost
 .text.OSIF_SemaCreate
                0x0000428a       0x14 ./SDK/rtos/osif/osif_baremetal.o
                0x0000428a                OSIF_SemaCreate
 .text.UART_Send_Data
                0x0000429e       0x1e ./src/main.o
                0x0000429e                UART_Send_Data
 .text.Init_I2C
                0x000042bc       0x34 ./src/main.o
                0x000042bc                Init_I2C
 .text.Init_SPI
                0x000042f0       0x34 ./src/main.o
                0x000042f0                Init_SPI
 .text.Init_ADC
                0x00004324       0x50 ./src/main.o
                0x00004324                Init_ADC
 .text.Init_UART
                0x00004374       0x34 ./src/main.o
                0x00004374                Init_UART
 .text.main     0x000043a8       0x4c ./src/main.o
                0x000043a8                main
 .text.memset   0x000043f4       0x10 C:/NXP/S32DS.3.4/S32DS/build_tools/gcc_v6.3/gcc-6.3-arm32-eabi/arm-none-eabi/newlib/lib/thumb/v7e-m/fpv4-sp/hard\libc_nano.a(lib_a-memset.o)
                0x000043f4                memset
 .text.printf   0x00004404       0x30 C:/NXP/S32DS.3.4/S32DS/build_tools/gcc_v6.3/gcc-6.3-arm32-eabi/arm-none-eabi/newlib/lib/thumb/v7e-m/fpv4-sp/hard\libc_nano.a(lib_a-printf.o)
                0x00004404                iprintf
                0x00004404                printf
 .text._cleanup_r
                0x00004434        0xc C:/NXP/S32DS.3.4/S32DS/build_tools/gcc_v6.3/gcc-6.3-arm32-eabi/arm-none-eabi/newlib/lib/thumb/v7e-m/fpv4-sp/hard\libc_nano.a(lib_a-findfp.o)
                0x00004434                _cleanup_r
 .text.std.isra.0
                0x00004440       0x48 C:/NXP/S32DS.3.4/S32DS/build_tools/gcc_v6.3/gcc-6.3-arm32-eabi/arm-none-eabi/newlib/lib/thumb/v7e-m/fpv4-sp/hard\libc_nano.a(lib_a-findfp.o)
 .text.__sfmoreglue
                0x00004488       0x2c C:/NXP/S32DS.3.4/S32DS/build_tools/gcc_v6.3/gcc-6.3-arm32-eabi/arm-none-eabi/newlib/lib/thumb/v7e-m/fpv4-sp/hard\libc_nano.a(lib_a-findfp.o)
                0x00004488                __sfmoreglue
 .text.__sinit  0x000044b4       0x60 C:/NXP/S32DS.3.4/S32DS/build_tools/gcc_v6.3/gcc-6.3-arm32-eabi/arm-none-eabi/newlib/lib/thumb/v7e-m/fpv4-sp/hard\libc_nano.a(lib_a-findfp.o)
                0x000044b4                __sinit
 .text.__sfp    0x00004514       0x78 C:/NXP/S32DS.3.4/S32DS/build_tools/gcc_v6.3/gcc-6.3-arm32-eabi/arm-none-eabi/newlib/lib/thumb/v7e-m/fpv4-sp/hard\libc_nano.a(lib_a-findfp.o)
                0x00004514                __sfp
 .text._fwalk_reent
                0x0000458c       0x3c C:/NXP/S32DS.3.4/S32DS/build_tools/gcc_v6.3/gcc-6.3-arm32-eabi/arm-none-eabi/newlib/lib/thumb/v7e-m/fpv4-sp/hard\libc_nano.a(lib_a-fwalk.o)
                0x0000458c                _fwalk_reent
 .text._malloc_r
                0x000045c8       0xbc C:/NXP/S32DS.3.4/S32DS/build_tools/gcc_v6.3/gcc-6.3-arm32-eabi/arm-none-eabi/newlib/lib/thumb/v7e-m/fpv4-sp/hard\libc_nano.a(lib_a-nano-mallocr.o)
                0x000045c8                _malloc_r
 .text._printf_common
                0x00004684       0xec C:/NXP/S32DS.3.4/S32DS/build_tools/gcc_v6.3/gcc-6.3-arm32-eabi/arm-none-eabi/newlib/lib/thumb/v7e-m/fpv4-sp/hard\libc_nano.a(lib_a-nano-vfprintf_i.o)
                0x00004684                _printf_common
 .text._printf_i
                0x00004770      0x240 C:/NXP/S32DS.3.4/S32DS/build_tools/gcc_v6.3/gcc-6.3-arm32-eabi/arm-none-eabi/newlib/lib/thumb/v7e-m/fpv4-sp/hard\libc_nano.a(lib_a-nano-vfprintf_i.o)
                0x00004770                _printf_i
 .text.__sfputc_r
                0x000049b0       0x30 C:/NXP/S32DS.3.4/S32DS/build_tools/gcc_v6.3/gcc-6.3-arm32-eabi/arm-none-eabi/newlib/lib/thumb/v7e-m/fpv4-sp/hard\libc_nano.a(lib_a-nano-vfprintf.o)
 .text.__sfputs_r
                0x000049e0       0x24 C:/NXP/S32DS.3.4/S32DS/build_tools/gcc_v6.3/gcc-6.3-arm32-eabi/arm-none-eabi/newlib/lib/thumb/v7e-m/fpv4-sp/hard\libc_nano.a(lib_a-nano-vfprintf.o)
                0x000049e0                __sfputs_r
 .text._vfprintf_r
                0x00004a04      0x22c C:/NXP/S32DS.3.4/S32DS/build_tools/gcc_v6.3/gcc-6.3-arm32-eabi/arm-none-eabi/newlib/lib/thumb/v7e-m/fpv4-sp/hard\libc_nano.a(lib_a-nano-vfprintf.o)
                0x00004a04                _vfprintf_r
                0x00004a04                _vfiprintf_r
 .text._sbrk_r  0x00004c30       0x20 C:/NXP/S32DS.3.4/S32DS/build_tools/gcc_v6.3/gcc-6.3-arm32-eabi/arm-none-eabi/newlib/lib/thumb/v7e-m/fpv4-sp/hard\libc_nano.a(lib_a-sbrkr.o)
                0x00004c30                _sbrk_r
 .text.__sread  0x00004c50       0x22 C:/NXP/S32DS.3.4/S32DS/build_tools/gcc_v6.3/gcc-6.3-arm32-eabi/arm-none-eabi/newlib/lib/thumb/v7e-m/fpv4-sp/hard\libc_nano.a(lib_a-stdio.o)
                0x00004c50                __sread
 .text.__swrite
                0x00004c72       0x38 C:/NXP/S32DS.3.4/S32DS/build_tools/gcc_v6.3/gcc-6.3-arm32-eabi/arm-none-eabi/newlib/lib/thumb/v7e-m/fpv4-sp/hard\libc_nano.a(lib_a-stdio.o)
                0x00004c72                __swrite
 .text.__sseek  0x00004caa       0x24 C:/NXP/S32DS.3.4/S32DS/build_tools/gcc_v6.3/gcc-6.3-arm32-eabi/arm-none-eabi/newlib/lib/thumb/v7e-m/fpv4-sp/hard\libc_nano.a(lib_a-stdio.o)
                0x00004caa                __sseek
 .text.__sclose
                0x00004cce        0x8 C:/NXP/S32DS.3.4/S32DS/build_tools/gcc_v6.3/gcc-6.3-arm32-eabi/arm-none-eabi/newlib/lib/thumb/v7e-m/fpv4-sp/hard\libc_nano.a(lib_a-stdio.o)
                0x00004cce                __sclose
 *fill*         0x00004cd6        0x2 
 .text.__swbuf_r
                0x00004cd8       0xa4 C:/NXP/S32DS.3.4/S32DS/build_tools/gcc_v6.3/gcc-6.3-arm32-eabi/arm-none-eabi/newlib/lib/thumb/v7e-m/fpv4-sp/hard\libc_nano.a(lib_a-wbuf.o)
                0x00004cd8                __swbuf_r
 .text._write_r
                0x00004d7c       0x24 C:/NXP/S32DS.3.4/S32DS/build_tools/gcc_v6.3/gcc-6.3-arm32-eabi/arm-none-eabi/newlib/lib/thumb/v7e-m/fpv4-sp/hard\libc_nano.a(lib_a-writer.o)
                0x00004d7c                _write_r
 .text.__swsetup_r
                0x00004da0       0xdc C:/NXP/S32DS.3.4/S32DS/build_tools/gcc_v6.3/gcc-6.3-arm32-eabi/arm-none-eabi/newlib/lib/thumb/v7e-m/fpv4-sp/hard\libc_nano.a(lib_a-wsetup.o)
                0x00004da0                __swsetup_r
 .text._close_r
                0x00004e7c       0x20 C:/NXP/S32DS.3.4/S32DS/build_tools/gcc_v6.3/gcc-6.3-arm32-eabi/arm-none-eabi/newlib/lib/thumb/v7e-m/fpv4-sp/hard\libc_nano.a(lib_a-closer.o)
                0x00004e7c                _close_r
 .text.__sflush_r
                0x00004e9c      0x110 C:/NXP/S32DS.3.4/S32DS/build_tools/gcc_v6.3/gcc-6.3-arm32-eabi/arm-none-eabi/newlib/lib/thumb/v7e-m/fpv4-sp/hard\libc_nano.a(lib_a-fflush.o)
                0x00004e9c                __sflush_r
 .text._fflush_r
                0x00004fac       0x54 C:/NXP/S32DS.3.4/S32DS/build_tools/gcc_v6.3/gcc-6.3-arm32-eabi/arm-none-eabi/newlib/lib/thumb/v7e-m/fpv4-sp/hard\libc_nano.a(lib_a-fflush.o)
                0x00004fac                _fflush_r
 .text._lseek_r
                0x00005000       0x24 C:/NXP/S32DS.3.4/S32DS/build_tools/gcc_v6.3/gcc-6.3-arm32-eabi/arm-none-eabi/newlib/lib/thumb/v7e-m/fpv4-sp/hard\libc_nano.a(lib_a-lseekr.o)
                0x00005000                _lseek_r
 .text.__swhatbuf_r
                0x00005024       0x48 C:/NXP/S32DS.3.4/S32DS/build_tools/gcc_v6.3/gcc-6.3-arm32-eabi/arm-none-eabi/newlib/lib/thumb/v7e-m/fpv4-sp/hard\libc_nano.a(lib_a-makebuf.o)
                0x00005024                __swhatbuf_r
 .text.__smakebuf_r
                0x0000506c       0x80 C:/NXP/S32DS.3.4/S32DS/build_tools/gcc_v6.3/gcc-6.3-arm32-eabi/arm-none-eabi/newlib/lib/thumb/v7e-m/fpv4-sp/hard\libc_nano.a(lib_a-makebuf.o)
                0x0000506c                __smakebuf_r
 .text.__malloc_lock
                0x000050ec        0x2 C:/NXP/S32DS.3.4/S32DS/build_tools/gcc_v6.3/gcc-6.3-arm32-eabi/arm-none-eabi/newlib/lib/thumb/v7e-m/fpv4-sp/hard\libc_nano.a(lib_a-mlock.o)
                0x000050ec                __malloc_lock
 .text.__malloc_unlock
                0x000050ee        0x2 C:/NXP/S32DS.3.4/S32DS/build_tools/gcc_v6.3/gcc-6.3-arm32-eabi/arm-none-eabi/newlib/lib/thumb/v7e-m/fpv4-sp/hard\libc_nano.a(lib_a-mlock.o)
                0x000050ee                __malloc_unlock
 .text._free_r  0x000050f0       0x9c C:/NXP/S32DS.3.4/S32DS/build_tools/gcc_v6.3/gcc-6.3-arm32-eabi/arm-none-eabi/newlib/lib/thumb/v7e-m/fpv4-sp/hard\libc_nano.a(lib_a-nano-freer.o)
                0x000050f0                _free_r
 .text._read_r  0x0000518c       0x24 C:/NXP/S32DS.3.4/S32DS/build_tools/gcc_v6.3/gcc-6.3-arm32-eabi/arm-none-eabi/newlib/lib/thumb/v7e-m/fpv4-sp/hard\libc_nano.a(lib_a-readr.o)
                0x0000518c                _read_r
 .text._fstat_r
                0x000051b0       0x24 C:/NXP/S32DS.3.4/S32DS/build_tools/gcc_v6.3/gcc-6.3-arm32-eabi/arm-none-eabi/newlib/lib/thumb/v7e-m/fpv4-sp/hard\libc_nano.a(lib_a-fstatr.o)
                0x000051b0                _fstat_r
 .text._isatty_r
                0x000051d4       0x20 C:/NXP/S32DS.3.4/S32DS/build_tools/gcc_v6.3/gcc-6.3-arm32-eabi/arm-none-eabi/newlib/lib/thumb/v7e-m/fpv4-sp/hard\libc_nano.a(lib_a-isattyr.o)
                0x000051d4                _isatty_r
 .text._close   0x000051f4       0x10 C:/NXP/S32DS.3.4/S32DS/build_tools/gcc_v6.3/gcc-6.3-arm32-eabi/arm-none-eabi/newlib/lib/thumb/v7e-m/fpv4-sp/hard\libnosys.a(close.o)
                0x000051f4                _close
 .text._fstat   0x00005204       0x10 C:/NXP/S32DS.3.4/S32DS/build_tools/gcc_v6.3/gcc-6.3-arm32-eabi/arm-none-eabi/newlib/lib/thumb/v7e-m/fpv4-sp/hard\libnosys.a(fstat.o)
                0x00005204                _fstat
 .text._isatty  0x00005214       0x10 C:/NXP/S32DS.3.4/S32DS/build_tools/gcc_v6.3/gcc-6.3-arm32-eabi/arm-none-eabi/newlib/lib/thumb/v7e-m/fpv4-sp/hard\libnosys.a(isatty.o)
                0x00005214                _isatty
 .text._lseek   0x00005224       0x10 C:/NXP/S32DS.3.4/S32DS/build_tools/gcc_v6.3/gcc-6.3-arm32-eabi/arm-none-eabi/newlib/lib/thumb/v7e-m/fpv4-sp/hard\libnosys.a(lseek.o)
                0x00005224                _lseek
 .text._read    0x00005234       0x10 C:/NXP/S32DS.3.4/S32DS/build_tools/gcc_v6.3/gcc-6.3-arm32-eabi/arm-none-eabi/newlib/lib/thumb/v7e-m/fpv4-sp/hard\libnosys.a(read.o)
                0x00005234                _read
 .text._sbrk    0x00005244       0x1c C:/NXP/S32DS.3.4/S32DS/build_tools/gcc_v6.3/gcc-6.3-arm32-eabi/arm-none-eabi/newlib/lib/thumb/v7e-m/fpv4-sp/hard\libnosys.a(sbrk.o)
                0x00005244                _sbrk
 .text._write   0x00005260       0x10 C:/NXP/S32DS.3.4/S32DS/build_tools/gcc_v6.3/gcc-6.3-arm32-eabi/arm-none-eabi/newlib/lib/thumb/v7e-m/fpv4-sp/hard\libnosys.a(write.o)
                0x00005260                _write
 *(.rodata)
 *(.rodata*)
 .rodata.s_adcBase
                0x00005270        0x8 ./SDK/platform/drivers/src/adc/adc_driver.o
 .rodata.clockNameMappings
                0x00005278       0x9e ./SDK/platform/drivers/src/clock/S32K1xx/clock_S32K1xx.o
                0x00005278                clockNameMappings
 *fill*         0x00005316        0x2 
 .rodata.maxSysClksInHSRUN.7659
                0x00005318       0x54 ./SDK/platform/drivers/src/clock/S32K1xx/clock_S32K1xx.o
 .rodata.maxSysClksInRUN.7658
                0x0000536c       0x54 ./SDK/platform/drivers/src/clock/S32K1xx/clock_S32K1xx.o
 .rodata.maxSysClksInVLPR.7657
                0x000053c0       0x54 ./SDK/platform/drivers/src/clock/S32K1xx/clock_S32K1xx.o
 .rodata.peripheralFeaturesList
                0x00005414       0x4f ./SDK/platform/drivers/src/clock/S32K1xx/clock_S32K1xx.o
                0x00005414                peripheralFeaturesList
 *fill*         0x00005463        0x1 
 .rodata.g_lpi2cDMASrc
                0x00005464        0x2 ./SDK/platform/drivers/src/lpi2c/lpi2c_driver.o
 *fill*         0x00005466        0x2 
 .rodata.s_baudratePrescaler
                0x00005468       0x20 ./SDK/platform/drivers/src/lpspi/lpspi_hw_access.o
 .rodata.s_lpuartBase
                0x00005488        0xc ./SDK/platform/drivers/src/lpuart/lpuart_driver.o
 .rodata.s_lpuartClkNames
                0x00005494        0x3 ./SDK/platform/drivers/src/lpuart/lpuart_driver.o
 *fill*         0x00005497        0x1 
 .rodata.s_lpuartRxTxIrqId
                0x00005498        0x3 ./SDK/platform/drivers/src/lpuart/lpuart_driver.o
 *fill*         0x0000549b        0x1 
 .rodata.adc_config_1_ConvConfig0
                0x0000549c        0xb ./board/peripherals_adc_config_1.o
                0x0000549c                adc_config_1_ConvConfig0
 *fill*         0x000054a7        0x1 
 .rodata.lpspi_0_MasterConfig0
                0x000054a8       0x20 ./board/peripherals_lpspi_1.o
                0x000054a8                lpspi_0_MasterConfig0
 .rodata.lpuart_1_InitConfig0
                0x000054c8        0xc ./board/peripherals_lpuart_1.o
                0x000054c8                lpuart_1_InitConfig0
 .rodata.Init_ADC.str1.4
                0x000054d4       0x11 ./src/main.o
 *fill*         0x000054e5        0x3 
 .rodata.Init_I2C.str1.4
                0x000054e8       0x11 ./src/main.o
 *fill*         0x000054f9        0x3 
 .rodata.Init_SPI.str1.4
                0x000054fc       0x11 ./src/main.o
 *fill*         0x0000550d        0x3 
 .rodata.Init_UART.str1.4
                0x00005510       0x14 ./src/main.o
                                 0x12 (size before relaxing)
 .rodata._global_impure_ptr
                0x00005524        0x4 C:/NXP/S32DS.3.4/S32DS/build_tools/gcc_v6.3/gcc-6.3-arm32-eabi/arm-none-eabi/newlib/lib/thumb/v7e-m/fpv4-sp/hard\libc_nano.a(lib_a-impure.o)
                0x00005524                _global_impure_ptr
 .rodata.__sf_fake_stderr
                0x00005528       0x20 C:/NXP/S32DS.3.4/S32DS/build_tools/gcc_v6.3/gcc-6.3-arm32-eabi/arm-none-eabi/newlib/lib/thumb/v7e-m/fpv4-sp/hard\libc_nano.a(lib_a-findfp.o)
                0x00005528                __sf_fake_stderr
 .rodata.__sf_fake_stdin
                0x00005548       0x20 C:/NXP/S32DS.3.4/S32DS/build_tools/gcc_v6.3/gcc-6.3-arm32-eabi/arm-none-eabi/newlib/lib/thumb/v7e-m/fpv4-sp/hard\libc_nano.a(lib_a-findfp.o)
                0x00005548                __sf_fake_stdin
 .rodata.__sf_fake_stdout
                0x00005568       0x20 C:/NXP/S32DS.3.4/S32DS/build_tools/gcc_v6.3/gcc-6.3-arm32-eabi/arm-none-eabi/newlib/lib/thumb/v7e-m/fpv4-sp/hard\libc_nano.a(lib_a-findfp.o)
                0x00005568                __sf_fake_stdout
 .rodata._printf_i.str1.1
                0x00005588       0x22 C:/NXP/S32DS.3.4/S32DS/build_tools/gcc_v6.3/gcc-6.3-arm32-eabi/arm-none-eabi/newlib/lib/thumb/v7e-m/fpv4-sp/hard\libc_nano.a(lib_a-nano-vfprintf_i.o)
 .rodata._vfprintf_r.str1.1
                0x000055aa       0x11 C:/NXP/S32DS.3.4/S32DS/build_tools/gcc_v6.3/gcc-6.3-arm32-eabi/arm-none-eabi/newlib/lib/thumb/v7e-m/fpv4-sp/hard\libc_nano.a(lib_a-nano-vfprintf.o)
 *(.init)
 *fill*         0x000055bb        0x1 
 .init          0x000055bc        0x4 c:/nxp/s32ds.3.4/s32ds/build_tools/gcc_v6.3/gcc-6.3-arm32-eabi/bin/../lib/gcc/arm-none-eabi/6.3.1/thumb/v7e-m/fpv4-sp/hard/crti.o
                0x000055bc                _init
 *(.fini)
 .fini          0x000055c0        0x4 c:/nxp/s32ds.3.4/s32ds/build_tools/gcc_v6.3/gcc-6.3-arm32-eabi/bin/../lib/gcc/arm-none-eabi/6.3.1/thumb/v7e-m/fpv4-sp/hard/crti.o
                0x000055c0                _fini
 *(.eh_frame)
                0x000055c4                . = ALIGN (0x4)

.glue_7         0x000055c4        0x0
 .glue_7        0x000055c4        0x0 linker stubs

.glue_7t        0x000055c4        0x0
 .glue_7t       0x000055c4        0x0 linker stubs

.vfp11_veneer   0x000055c4        0x0
 .vfp11_veneer  0x000055c4        0x0 linker stubs

.v4_bx          0x000055c4        0x0
 .v4_bx         0x000055c4        0x0 linker stubs

.iplt           0x000055c4        0x0
 .iplt          0x000055c4        0x0 c:/nxp/s32ds.3.4/s32ds/build_tools/gcc_v6.3/gcc-6.3-arm32-eabi/bin/../lib/gcc/arm-none-eabi/6.3.1/thumb/v7e-m/fpv4-sp/hard/crtbegin.o

.rel.dyn        0x000055c4        0x0
 .rel.iplt      0x000055c4        0x0 c:/nxp/s32ds.3.4/s32ds/build_tools/gcc_v6.3/gcc-6.3-arm32-eabi/bin/../lib/gcc/arm-none-eabi/6.3.1/thumb/v7e-m/fpv4-sp/hard/crtbegin.o

.ARM            0x000055c4        0x0
                0x000055c4                __exidx_start = .
 *(.ARM.exidx*)
                0x000055c4                __exidx_end = .
                0x000055c4                __etext = .
                0x000055c4                __DATA_ROM = .

.interrupts_ram
                0x1fff8000      0x400
                0x1fff8000                . = ALIGN (0x4)
                0x1fff8000                __VECTOR_RAM__ = .
                0x1fff8000                __RAM_START = .
                0x1fff8000                __interrupts_ram_start__ = .
 *(.m_interrupts_ram)
                0x1fff8400                . = (. + M_VECTOR_RAM_SIZE)
 *fill*         0x1fff8000      0x400 
                0x1fff8400                . = ALIGN (0x4)
                0x1fff8400                __interrupts_ram_end__ = .
                0x1fff8000                __VECTOR_RAM = DEFINED (__flash_vector_table__)?ORIGIN (m_interrupts):__VECTOR_RAM__
                0x00000400                __RAM_VECTOR_TABLE_SIZE = DEFINED (__flash_vector_table__)?0x0:(__interrupts_ram_end__ - __interrupts_ram_start__)

.data           0x1fff8400      0x418 load address 0x000055c4
                0x1fff8400                . = ALIGN (0x4)
                0x1fff8400                __DATA_RAM = .
                0x1fff8400                __data_start__ = .
 *(.data)
 *(.data*)
 .data.peripheralClockConfig.7386
                0x1fff8400       0xa0 ./SDK/platform/drivers/src/clock/S32K1xx/clock_S32K1xx.o
 .data.g_lpspiBase
                0x1fff84a0        0xc ./SDK/platform/drivers/src/lpspi/lpspi_shared_function.o
                0x1fff84a0                g_lpspiBase
 .data.g_lpspiIrqId
                0x1fff84ac        0x3 ./SDK/platform/drivers/src/lpspi/lpspi_shared_function.o
                0x1fff84ac                g_lpspiIrqId
 *fill*         0x1fff84af        0x1 
 .data.g_lpuartIsr
                0x1fff84b0        0xc ./SDK/platform/drivers/src/lpuart/lpuart_irq.o
                0x1fff84b0                g_lpuartIsr
 .data.first_init.6877
                0x1fff84bc        0x1 ./SDK/rtos/osif/osif_baremetal.o
 *fill*         0x1fff84bd        0x3 
 .data.clockMan1_InitConfig0
                0x1fff84c0       0x88 ./board/clock_config.o
                0x1fff84c0                clockMan1_InitConfig0
 .data.g_clockManConfigsArr
                0x1fff8548        0x4 ./board/clock_config.o
                0x1fff8548                g_clockManConfigsArr
 .data.peripheralClockConfig0
                0x1fff854c       0xa0 ./board/clock_config.o
                0x1fff854c                peripheralClockConfig0
 .data.adc_config_1_ChnConfig0
                0x1fff85ec        0x4 ./board/peripherals_adc_config_1.o
                0x1fff85ec                adc_config_1_ChnConfig0
 .data.adc_config_1_ChnConfig1
                0x1fff85f0        0x4 ./board/peripherals_adc_config_1.o
                0x1fff85f0                adc_config_1_ChnConfig1
 .data.lpi2c0_SlaveConfig0
                0x1fff85f4       0x10 ./board/peripherals_lpi2c_config_1.o
                0x1fff85f4                lpi2c0_SlaveConfig0
 .data.g_pin_mux_InitConfigArr0
                0x1fff8604      0x1b0 ./board/pin_mux.o
                0x1fff8604                g_pin_mux_InitConfigArr0
 .data._impure_ptr
                0x1fff87b4        0x4 C:/NXP/S32DS.3.4/S32DS/build_tools/gcc_v6.3/gcc-6.3-arm32-eabi/arm-none-eabi/newlib/lib/thumb/v7e-m/fpv4-sp/hard\libc_nano.a(lib_a-impure.o)
                0x1fff87b4                _impure_ptr
 .data.impure_data
                0x1fff87b8       0x60 C:/NXP/S32DS.3.4/S32DS/build_tools/gcc_v6.3/gcc-6.3-arm32-eabi/arm-none-eabi/newlib/lib/thumb/v7e-m/fpv4-sp/hard\libc_nano.a(lib_a-impure.o)
                0x1fff8818                . = ALIGN (0x4)
                0x1fff8818                __data_end__ = .
                0x000059dc                __DATA_END = (__DATA_ROM + (__data_end__ - __data_start__))
                0x000059dc                __CODE_ROM = __DATA_END

.igot.plt       0x1fff8818        0x0 load address 0x000059dc
 .igot.plt      0x1fff8818        0x0 c:/nxp/s32ds.3.4/s32ds/build_tools/gcc_v6.3/gcc-6.3-arm32-eabi/bin/../lib/gcc/arm-none-eabi/6.3.1/thumb/v7e-m/fpv4-sp/hard/crtbegin.o

.code           0x1fff8818        0x0 load address 0x000059dc
                0x1fff8818                . = ALIGN (0x4)
                0x1fff8818                __CODE_RAM = .
                0x1fff8818                __code_start__ = .
                0x1fff8818                __code_ram_start__ = .
 *(.code_ram)
                0x1fff8818                . = ALIGN (0x4)
                0x1fff8818                __code_end__ = .
                0x1fff8818                __code_ram_end__ = .
                0x000059dc                __CODE_END = (__CODE_ROM + (__code_end__ - __code_start__))
                0x000059dc                __CUSTOM_ROM = __CODE_END

.customSectionBlock
                0x20000000        0x0 load address 0x000059dc
                0x20000000                __customSection_start__ = .
 *(.customSection)
                0x20000000                __customSection_end__ = .
                0x000059dc                __CUSTOM_END = (__CUSTOM_ROM + (__customSection_end__ - __customSection_start__))
                0x000059dc                __rom_end = __CUSTOM_END

.bss            0x20000000      0x1d0
                0x20000000                . = ALIGN (0x4)
                0x20000000                __BSS_START = .
                0x20000000                __bss_start__ = .
 *(.bss)
 *(.bss*)
 .bss.g_RtcClkInFreq
                0x20000000        0x4 ./SDK/platform/drivers/src/clock/S32K1xx/clock_S32K1xx.o
                0x20000000                g_RtcClkInFreq
 .bss.g_TClkFreq
                0x20000004        0xc ./SDK/platform/drivers/src/clock/S32K1xx/clock_S32K1xx.o
                0x20000004                g_TClkFreq
 .bss.g_clockState
                0x20000010       0x10 ./SDK/platform/drivers/src/clock/S32K1xx/clock_S32K1xx.o
 .bss.g_xtal0ClkFreq
                0x20000020        0x4 ./SDK/platform/drivers/src/clock/S32K1xx/clock_S32K1xx.o
                0x20000020                g_xtal0ClkFreq
 .bss.s_virtEdmaState
                0x20000024        0x4 ./SDK/platform/drivers/src/edma/edma_driver.o
 .bss.g_interruptDisableCount
                0x20000028        0x4 ./SDK/platform/drivers/src/interrupt/interrupt_manager.o
 .bss.g_lpi2cMasterStatePtr
                0x2000002c        0x4 ./SDK/platform/drivers/src/lpi2c/lpi2c_driver.o
 .bss.g_lpi2cSlaveStatePtr
                0x20000030        0x4 ./SDK/platform/drivers/src/lpi2c/lpi2c_driver.o
 .bss.g_lpspiStatePtr
                0x20000034        0xc ./SDK/platform/drivers/src/lpspi/lpspi_shared_function.o
                0x20000034                g_lpspiStatePtr
 .bss.s_lpuartStatePtr
                0x20000040        0xc ./SDK/platform/drivers/src/lpuart/lpuart_driver.o
 .bss.s_osif_tick_cnt
                0x2000004c        0x4 ./SDK/rtos/osif/osif_baremetal.o
 .bss.g_clockManCallbacksArr
                0x20000050        0x4 ./board/clock_config.o
                0x20000050                g_clockManCallbacksArr
 .bss.lpspi_1State
                0x20000054       0x34 ./board/peripherals_lpspi_1.o
                0x20000054                lpspi_1State
 .bss.lpUartState1
                0x20000088       0x34 ./board/peripherals_lpuart_1.o
                0x20000088                lpUartState1
 .bss.bufferUART
                0x200000bc      0x100 ./src/main.o
                0x200000bc                bufferUART
 .bss.exit_code
                0x200001bc        0x4 ./src/main.o
                0x200001bc                exit_code
 .bss.__malloc_free_list
                0x200001c0        0x4 C:/NXP/S32DS.3.4/S32DS/build_tools/gcc_v6.3/gcc-6.3-arm32-eabi/arm-none-eabi/newlib/lib/thumb/v7e-m/fpv4-sp/hard\libc_nano.a(lib_a-nano-mallocr.o)
                0x200001c0                __malloc_free_list
 .bss.__malloc_sbrk_start
                0x200001c4        0x4 C:/NXP/S32DS.3.4/S32DS/build_tools/gcc_v6.3/gcc-6.3-arm32-eabi/arm-none-eabi/newlib/lib/thumb/v7e-m/fpv4-sp/hard\libc_nano.a(lib_a-nano-mallocr.o)
                0x200001c4                __malloc_sbrk_start
 .bss.heap_end.5365
                0x200001c8        0x4 C:/NXP/S32DS.3.4/S32DS/build_tools/gcc_v6.3/gcc-6.3-arm32-eabi/arm-none-eabi/newlib/lib/thumb/v7e-m/fpv4-sp/hard\libnosys.a(sbrk.o)
 *(COMMON)
 COMMON         0x200001cc        0x4 C:/NXP/S32DS.3.4/S32DS/build_tools/gcc_v6.3/gcc-6.3-arm32-eabi/arm-none-eabi/newlib/lib/thumb/v7e-m/fpv4-sp/hard\libc_nano.a(lib_a-reent.o)
                0x200001cc                errno
                0x200001d0                . = ALIGN (0x4)
                0x200001d0                __bss_end__ = .
                0x200001d0                __BSS_END = .

.heap           0x200001d0      0x400
                0x200001d0                . = ALIGN (0x8)
                0x200001d0                __end__ = .
                0x200001d0                __heap_start__ = .
                0x200001d0                PROVIDE (end, .)
                [!provide]                PROVIDE (_end, .)
                [!provide]                PROVIDE (__end, .)
                0x200001d0                __HeapBase = .
                0x200005d0                . = (. + HEAP_SIZE)
 *fill*         0x200001d0      0x400 
                0x200005d0                __HeapLimit = .
                0x200005d0                __heap_limit = .
                0x200005d0                __heap_end__ = .
                0x20007000                __StackTop = (ORIGIN (m_data_2) + LENGTH (m_data_2))
                0x20006c00                __StackLimit = (__StackTop - STACK_SIZE)
                0x20007000                PROVIDE (__stack, __StackTop)
                0x20007000                __RAM_END = __StackTop

.stack          0x20006c00      0x400
                0x20006c00                . = ALIGN (0x8)
                0x20006c00                __stack_start__ = .
                0x20007000                . = (. + STACK_SIZE)
 *fill*         0x20006c00      0x400 
                0x20007000                __stack_end__ = .

.ARM.attributes
                0x00000000       0x30
 *(.ARM.attributes)
 .ARM.attributes
                0x00000000       0x22 c:/nxp/s32ds.3.4/s32ds/build_tools/gcc_v6.3/gcc-6.3-arm32-eabi/bin/../lib/gcc/arm-none-eabi/6.3.1/thumb/v7e-m/fpv4-sp/hard/crti.o
 .ARM.attributes
                0x00000022       0x1f ./Project_Settings/Startup_Code/startup_S32K144.o
 .ARM.attributes
                0x00000041       0x39 ./SDK/platform/devices/S32K144/startup/system_S32K144.o
 .ARM.attributes
                0x0000007a       0x39 ./SDK/platform/devices/startup.o
 .ARM.attributes
                0x000000b3       0x39 ./SDK/platform/drivers/src/adc/adc_driver.o
 .ARM.attributes
                0x000000ec       0x39 ./SDK/platform/drivers/src/clock/S32K1xx/clock_S32K1xx.o
 .ARM.attributes
                0x00000125       0x39 ./SDK/platform/drivers/src/edma/edma_driver.o
 .ARM.attributes
                0x0000015e       0x39 ./SDK/platform/drivers/src/edma/edma_hw_access.o
 .ARM.attributes
                0x00000197       0x39 ./SDK/platform/drivers/src/edma/edma_irq.o
 .ARM.attributes
                0x000001d0       0x39 ./SDK/platform/drivers/src/interrupt/interrupt_manager.o
 .ARM.attributes
                0x00000209       0x39 ./SDK/platform/drivers/src/lpi2c/lpi2c_driver.o
 .ARM.attributes
                0x00000242       0x39 ./SDK/platform/drivers/src/lpi2c/lpi2c_hw_access.o
 .ARM.attributes
                0x0000027b       0x39 ./SDK/platform/drivers/src/lpi2c/lpi2c_irq.o
 .ARM.attributes
                0x000002b4       0x39 ./SDK/platform/drivers/src/lpspi/lpspi_hw_access.o
 .ARM.attributes
                0x000002ed       0x39 ./SDK/platform/drivers/src/lpspi/lpspi_irq.o
 .ARM.attributes
                0x00000326       0x39 ./SDK/platform/drivers/src/lpspi/lpspi_master_driver.o
 .ARM.attributes
                0x0000035f       0x39 ./SDK/platform/drivers/src/lpspi/lpspi_shared_function.o
 .ARM.attributes
                0x00000398       0x39 ./SDK/platform/drivers/src/lpspi/lpspi_slave_driver.o
 .ARM.attributes
                0x000003d1       0x39 ./SDK/platform/drivers/src/lpuart/lpuart_driver.o
 .ARM.attributes
                0x0000040a       0x39 ./SDK/platform/drivers/src/lpuart/lpuart_hw_access.o
 .ARM.attributes
                0x00000443       0x39 ./SDK/platform/drivers/src/lpuart/lpuart_irq.o
 .ARM.attributes
                0x0000047c       0x39 ./SDK/platform/drivers/src/pins/pins_driver.o
 .ARM.attributes
                0x000004b5       0x39 ./SDK/platform/drivers/src/pins/pins_port_hw_access.o
 .ARM.attributes
                0x000004ee       0x39 ./SDK/rtos/osif/osif_baremetal.o
 .ARM.attributes
                0x00000527       0x39 ./board/clock_config.o
 .ARM.attributes
                0x00000560       0x39 ./board/peripherals_adc_config_1.o
 .ARM.attributes
                0x00000599       0x39 ./board/peripherals_lpi2c_config_1.o
 .ARM.attributes
                0x000005d2       0x39 ./board/peripherals_lpspi_1.o
 .ARM.attributes
                0x0000060b       0x39 ./board/peripherals_lpuart_1.o
 .ARM.attributes
                0x00000644       0x39 ./board/pin_mux.o
 .ARM.attributes
                0x0000067d       0x39 ./src/main.o
 .ARM.attributes
                0x000006b6       0x34 C:/NXP/S32DS.3.4/S32DS/build_tools/gcc_v6.3/gcc-6.3-arm32-eabi/arm-none-eabi/newlib/lib/thumb/v7e-m/fpv4-sp/hard\libc_nano.a(lib_a-impure.o)
 .ARM.attributes
                0x000006ea       0x34 C:/NXP/S32DS.3.4/S32DS/build_tools/gcc_v6.3/gcc-6.3-arm32-eabi/arm-none-eabi/newlib/lib/thumb/v7e-m/fpv4-sp/hard\libc_nano.a(lib_a-memset.o)
 .ARM.attributes
                0x0000071e       0x34 C:/NXP/S32DS.3.4/S32DS/build_tools/gcc_v6.3/gcc-6.3-arm32-eabi/arm-none-eabi/newlib/lib/thumb/v7e-m/fpv4-sp/hard\libc_nano.a(lib_a-printf.o)
 .ARM.attributes
                0x00000752       0x1b C:/NXP/S32DS.3.4/S32DS/build_tools/gcc_v6.3/gcc-6.3-arm32-eabi/arm-none-eabi/newlib/lib/thumb/v7e-m/fpv4-sp/hard\libc_nano.a(lib_a-strlen.o)
 .ARM.attributes
                0x0000076d       0x34 C:/NXP/S32DS.3.4/S32DS/build_tools/gcc_v6.3/gcc-6.3-arm32-eabi/arm-none-eabi/newlib/lib/thumb/v7e-m/fpv4-sp/hard\libc_nano.a(lib_a-findfp.o)
 .ARM.attributes
                0x000007a1       0x34 C:/NXP/S32DS.3.4/S32DS/build_tools/gcc_v6.3/gcc-6.3-arm32-eabi/arm-none-eabi/newlib/lib/thumb/v7e-m/fpv4-sp/hard\libc_nano.a(lib_a-fwalk.o)
 .ARM.attributes
                0x000007d5       0x34 C:/NXP/S32DS.3.4/S32DS/build_tools/gcc_v6.3/gcc-6.3-arm32-eabi/arm-none-eabi/newlib/lib/thumb/v7e-m/fpv4-sp/hard\libc_nano.a(lib_a-nano-mallocr.o)
 .ARM.attributes
                0x00000809       0x34 C:/NXP/S32DS.3.4/S32DS/build_tools/gcc_v6.3/gcc-6.3-arm32-eabi/arm-none-eabi/newlib/lib/thumb/v7e-m/fpv4-sp/hard\libc_nano.a(lib_a-nano-vfprintf_i.o)
 .ARM.attributes
                0x0000083d       0x34 C:/NXP/S32DS.3.4/S32DS/build_tools/gcc_v6.3/gcc-6.3-arm32-eabi/arm-none-eabi/newlib/lib/thumb/v7e-m/fpv4-sp/hard\libc_nano.a(lib_a-nano-vfprintf.o)
 .ARM.attributes
                0x00000871       0x34 C:/NXP/S32DS.3.4/S32DS/build_tools/gcc_v6.3/gcc-6.3-arm32-eabi/arm-none-eabi/newlib/lib/thumb/v7e-m/fpv4-sp/hard\libc_nano.a(lib_a-sbrkr.o)
 .ARM.attributes
                0x000008a5       0x34 C:/NXP/S32DS.3.4/S32DS/build_tools/gcc_v6.3/gcc-6.3-arm32-eabi/arm-none-eabi/newlib/lib/thumb/v7e-m/fpv4-sp/hard\libc_nano.a(lib_a-stdio.o)
 .ARM.attributes
                0x000008d9       0x34 C:/NXP/S32DS.3.4/S32DS/build_tools/gcc_v6.3/gcc-6.3-arm32-eabi/arm-none-eabi/newlib/lib/thumb/v7e-m/fpv4-sp/hard\libc_nano.a(lib_a-wbuf.o)
 .ARM.attributes
                0x0000090d       0x34 C:/NXP/S32DS.3.4/S32DS/build_tools/gcc_v6.3/gcc-6.3-arm32-eabi/arm-none-eabi/newlib/lib/thumb/v7e-m/fpv4-sp/hard\libc_nano.a(lib_a-writer.o)
 .ARM.attributes
                0x00000941       0x34 C:/NXP/S32DS.3.4/S32DS/build_tools/gcc_v6.3/gcc-6.3-arm32-eabi/arm-none-eabi/newlib/lib/thumb/v7e-m/fpv4-sp/hard\libc_nano.a(lib_a-wsetup.o)
 .ARM.attributes
                0x00000975       0x34 C:/NXP/S32DS.3.4/S32DS/build_tools/gcc_v6.3/gcc-6.3-arm32-eabi/arm-none-eabi/newlib/lib/thumb/v7e-m/fpv4-sp/hard\libc_nano.a(lib_a-closer.o)
 .ARM.attributes
                0x000009a9       0x34 C:/NXP/S32DS.3.4/S32DS/build_tools/gcc_v6.3/gcc-6.3-arm32-eabi/arm-none-eabi/newlib/lib/thumb/v7e-m/fpv4-sp/hard\libc_nano.a(lib_a-fflush.o)
 .ARM.attributes
                0x000009dd       0x34 C:/NXP/S32DS.3.4/S32DS/build_tools/gcc_v6.3/gcc-6.3-arm32-eabi/arm-none-eabi/newlib/lib/thumb/v7e-m/fpv4-sp/hard\libc_nano.a(lib_a-lseekr.o)
 .ARM.attributes
                0x00000a11       0x34 C:/NXP/S32DS.3.4/S32DS/build_tools/gcc_v6.3/gcc-6.3-arm32-eabi/arm-none-eabi/newlib/lib/thumb/v7e-m/fpv4-sp/hard\libc_nano.a(lib_a-makebuf.o)
 .ARM.attributes
                0x00000a45       0x20 C:/NXP/S32DS.3.4/S32DS/build_tools/gcc_v6.3/gcc-6.3-arm32-eabi/arm-none-eabi/newlib/lib/thumb/v7e-m/fpv4-sp/hard\libc_nano.a(lib_a-memchr.o)
 .ARM.attributes
                0x00000a65       0x34 C:/NXP/S32DS.3.4/S32DS/build_tools/gcc_v6.3/gcc-6.3-arm32-eabi/arm-none-eabi/newlib/lib/thumb/v7e-m/fpv4-sp/hard\libc_nano.a(lib_a-mlock.o)
 .ARM.attributes
                0x00000a99       0x34 C:/NXP/S32DS.3.4/S32DS/build_tools/gcc_v6.3/gcc-6.3-arm32-eabi/arm-none-eabi/newlib/lib/thumb/v7e-m/fpv4-sp/hard\libc_nano.a(lib_a-nano-freer.o)
 .ARM.attributes
                0x00000acd       0x34 C:/NXP/S32DS.3.4/S32DS/build_tools/gcc_v6.3/gcc-6.3-arm32-eabi/arm-none-eabi/newlib/lib/thumb/v7e-m/fpv4-sp/hard\libc_nano.a(lib_a-readr.o)
 .ARM.attributes
                0x00000b01       0x34 C:/NXP/S32DS.3.4/S32DS/build_tools/gcc_v6.3/gcc-6.3-arm32-eabi/arm-none-eabi/newlib/lib/thumb/v7e-m/fpv4-sp/hard\libc_nano.a(lib_a-reent.o)
 .ARM.attributes
                0x00000b35       0x34 C:/NXP/S32DS.3.4/S32DS/build_tools/gcc_v6.3/gcc-6.3-arm32-eabi/arm-none-eabi/newlib/lib/thumb/v7e-m/fpv4-sp/hard\libc_nano.a(lib_a-fstatr.o)
 .ARM.attributes
                0x00000b69       0x34 C:/NXP/S32DS.3.4/S32DS/build_tools/gcc_v6.3/gcc-6.3-arm32-eabi/arm-none-eabi/newlib/lib/thumb/v7e-m/fpv4-sp/hard\libc_nano.a(lib_a-isattyr.o)
 .ARM.attributes
                0x00000b9d       0x34 C:/NXP/S32DS.3.4/S32DS/build_tools/gcc_v6.3/gcc-6.3-arm32-eabi/arm-none-eabi/newlib/lib/thumb/v7e-m/fpv4-sp/hard\libnosys.a(close.o)
 .ARM.attributes
                0x00000bd1       0x34 C:/NXP/S32DS.3.4/S32DS/build_tools/gcc_v6.3/gcc-6.3-arm32-eabi/arm-none-eabi/newlib/lib/thumb/v7e-m/fpv4-sp/hard\libnosys.a(fstat.o)
 .ARM.attributes
                0x00000c05       0x34 C:/NXP/S32DS.3.4/S32DS/build_tools/gcc_v6.3/gcc-6.3-arm32-eabi/arm-none-eabi/newlib/lib/thumb/v7e-m/fpv4-sp/hard\libnosys.a(isatty.o)
 .ARM.attributes
                0x00000c39       0x34 C:/NXP/S32DS.3.4/S32DS/build_tools/gcc_v6.3/gcc-6.3-arm32-eabi/arm-none-eabi/newlib/lib/thumb/v7e-m/fpv4-sp/hard\libnosys.a(lseek.o)
 .ARM.attributes
                0x00000c6d       0x34 C:/NXP/S32DS.3.4/S32DS/build_tools/gcc_v6.3/gcc-6.3-arm32-eabi/arm-none-eabi/newlib/lib/thumb/v7e-m/fpv4-sp/hard\libnosys.a(read.o)
 .ARM.attributes
                0x00000ca1       0x34 C:/NXP/S32DS.3.4/S32DS/build_tools/gcc_v6.3/gcc-6.3-arm32-eabi/arm-none-eabi/newlib/lib/thumb/v7e-m/fpv4-sp/hard\libnosys.a(sbrk.o)
 .ARM.attributes
                0x00000cd5       0x34 C:/NXP/S32DS.3.4/S32DS/build_tools/gcc_v6.3/gcc-6.3-arm32-eabi/arm-none-eabi/newlib/lib/thumb/v7e-m/fpv4-sp/hard\libnosys.a(write.o)
                0x00000001                ASSERT ((__rom_end <= (ORIGIN (m_text) + LENGTH (m_text))), Region m_text overflowed!)
                0x00000001                ASSERT ((__StackLimit >= __HeapLimit), region m_data_2 overflowed with stack and heap)
OUTPUT(I2c_example.elf elf32-littlearm)

.debug_line     0x00000000     0x81fb
 .debug_line    0x00000000       0x82 ./Project_Settings/Startup_Code/startup_S32K144.o
 .debug_line    0x00000082      0x259 ./SDK/platform/devices/S32K144/startup/system_S32K144.o
 .debug_line    0x000002db      0x16d ./SDK/platform/devices/startup.o
 .debug_line    0x00000448      0x76a ./SDK/platform/drivers/src/adc/adc_driver.o
 .debug_line    0x00000bb2     0x1180 ./SDK/platform/drivers/src/clock/S32K1xx/clock_S32K1xx.o
 .debug_line    0x00001d32      0x886 ./SDK/platform/drivers/src/edma/edma_driver.o
 .debug_line    0x000025b8      0x345 ./SDK/platform/drivers/src/edma/edma_hw_access.o
 .debug_line    0x000028fd      0x2dd ./SDK/platform/drivers/src/edma/edma_irq.o
 .debug_line    0x00002bda      0x336 ./SDK/platform/drivers/src/interrupt/interrupt_manager.o
 .debug_line    0x00002f10      0xe19 ./SDK/platform/drivers/src/lpi2c/lpi2c_driver.o
 .debug_line    0x00003d29      0x1c7 ./SDK/platform/drivers/src/lpi2c/lpi2c_hw_access.o
 .debug_line    0x00003ef0       0x9e ./SDK/platform/drivers/src/lpi2c/lpi2c_irq.o
 .debug_line    0x00003f8e      0x438 ./SDK/platform/drivers/src/lpspi/lpspi_hw_access.o
 .debug_line    0x000043c6      0x2d1 ./SDK/platform/drivers/src/lpspi/lpspi_irq.o
 .debug_line    0x00004697      0x712 ./SDK/platform/drivers/src/lpspi/lpspi_master_driver.o
 .debug_line    0x00004da9      0x3af ./SDK/platform/drivers/src/lpspi/lpspi_shared_function.o
 .debug_line    0x00005158      0x60b ./SDK/platform/drivers/src/lpspi/lpspi_slave_driver.o
 .debug_line    0x00005763      0x968 ./SDK/platform/drivers/src/lpuart/lpuart_driver.o
 .debug_line    0x000060cb      0x3b3 ./SDK/platform/drivers/src/lpuart/lpuart_hw_access.o
 .debug_line    0x0000647e       0xc3 ./SDK/platform/drivers/src/lpuart/lpuart_irq.o
 .debug_line    0x00006541      0x49b ./SDK/platform/drivers/src/pins/pins_driver.o
 .debug_line    0x000069dc      0x2c8 ./SDK/platform/drivers/src/pins/pins_port_hw_access.o
 .debug_line    0x00006ca4      0x3cc ./SDK/rtos/osif/osif_baremetal.o
 .debug_line    0x00007070      0x223 ./board/clock_config.o
 .debug_line    0x00007293      0x165 ./board/peripherals_adc_config_1.o
 .debug_line    0x000073f8      0x1c0 ./board/peripherals_lpi2c_config_1.o
 .debug_line    0x000075b8      0x2d7 ./board/peripherals_lpspi_1.o
 .debug_line    0x0000788f      0x1dc ./board/peripherals_lpuart_1.o
 .debug_line    0x00007a6b      0x1a7 ./board/pin_mux.o
 .debug_line    0x00007c12      0x5e9 ./src/main.o

.debug_info     0x00000000    0x27d7d
 .debug_info    0x00000000       0x26 ./Project_Settings/Startup_Code/startup_S32K144.o
 .debug_info    0x00000026      0x521 ./SDK/platform/devices/S32K144/startup/system_S32K144.o
 .debug_info    0x00000547      0x2ad ./SDK/platform/devices/startup.o
 .debug_info    0x000007f4     0x2eca ./SDK/platform/drivers/src/adc/adc_driver.o
 .debug_info    0x000036be     0x5dd2 ./SDK/platform/drivers/src/clock/S32K1xx/clock_S32K1xx.o
 .debug_info    0x00009490     0x3770 ./SDK/platform/drivers/src/edma/edma_driver.o
 .debug_info    0x0000cc00      0x95d ./SDK/platform/drivers/src/edma/edma_hw_access.o
 .debug_info    0x0000d55d      0x6da ./SDK/platform/drivers/src/edma/edma_irq.o
 .debug_info    0x0000dc37      0x997 ./SDK/platform/drivers/src/interrupt/interrupt_manager.o
 .debug_info    0x0000e5ce     0x5874 ./SDK/platform/drivers/src/lpi2c/lpi2c_driver.o
 .debug_info    0x00013e42      0x432 ./SDK/platform/drivers/src/lpi2c/lpi2c_hw_access.o
 .debug_info    0x00014274       0xdc ./SDK/platform/drivers/src/lpi2c/lpi2c_irq.o
 .debug_info    0x00014350     0x13a6 ./SDK/platform/drivers/src/lpspi/lpspi_hw_access.o
 .debug_info    0x000156f6      0x788 ./SDK/platform/drivers/src/lpspi/lpspi_irq.o
 .debug_info    0x00015e7e     0x2a39 ./SDK/platform/drivers/src/lpspi/lpspi_master_driver.o
 .debug_info    0x000188b7      0xb93 ./SDK/platform/drivers/src/lpspi/lpspi_shared_function.o
 .debug_info    0x0001944a     0x23f1 ./SDK/platform/drivers/src/lpspi/lpspi_slave_driver.o
 .debug_info    0x0001b83b     0x3000 ./SDK/platform/drivers/src/lpuart/lpuart_driver.o
 .debug_info    0x0001e83b      0x96c ./SDK/platform/drivers/src/lpuart/lpuart_hw_access.o
 .debug_info    0x0001f1a7      0x127 ./SDK/platform/drivers/src/lpuart/lpuart_irq.o
 .debug_info    0x0001f2ce     0x13d5 ./SDK/platform/drivers/src/pins/pins_driver.o
 .debug_info    0x000206a3      0x8a8 ./SDK/platform/drivers/src/pins/pins_port_hw_access.o
 .debug_info    0x00020f4b      0xac5 ./SDK/rtos/osif/osif_baremetal.o
 .debug_info    0x00021a10     0x12b5 ./board/clock_config.o
 .debug_info    0x00022cc5      0x39c ./board/peripherals_adc_config_1.o
 .debug_info    0x00023061      0x1e1 ./board/peripherals_lpi2c_config_1.o
 .debug_info    0x00023242      0xa5d ./board/peripherals_lpspi_1.o
 .debug_info    0x00023c9f      0x5c9 ./board/peripherals_lpuart_1.o
 .debug_info    0x00024268      0x405 ./board/pin_mux.o
 .debug_info    0x0002466d     0x3710 ./src/main.o

.debug_abbrev   0x00000000     0x3cf1
 .debug_abbrev  0x00000000       0x14 ./Project_Settings/Startup_Code/startup_S32K144.o
 .debug_abbrev  0x00000014      0x140 ./SDK/platform/devices/S32K144/startup/system_S32K144.o
 .debug_abbrev  0x00000154       0xe0 ./SDK/platform/devices/startup.o
 .debug_abbrev  0x00000234      0x397 ./SDK/platform/drivers/src/adc/adc_driver.o
 .debug_abbrev  0x000005cb      0x3e3 ./SDK/platform/drivers/src/clock/S32K1xx/clock_S32K1xx.o
 .debug_abbrev  0x000009ae      0x422 ./SDK/platform/drivers/src/edma/edma_driver.o
 .debug_abbrev  0x00000dd0      0x205 ./SDK/platform/drivers/src/edma/edma_hw_access.o
 .debug_abbrev  0x00000fd5      0x1b8 ./SDK/platform/drivers/src/edma/edma_irq.o
 .debug_abbrev  0x0000118d      0x1f4 ./SDK/platform/drivers/src/interrupt/interrupt_manager.o
 .debug_abbrev  0x00001381      0x43e ./SDK/platform/drivers/src/lpi2c/lpi2c_driver.o
 .debug_abbrev  0x000017bf      0x16e ./SDK/platform/drivers/src/lpi2c/lpi2c_hw_access.o
 .debug_abbrev  0x0000192d       0x6c ./SDK/platform/drivers/src/lpi2c/lpi2c_irq.o
 .debug_abbrev  0x00001999      0x2a7 ./SDK/platform/drivers/src/lpspi/lpspi_hw_access.o
 .debug_abbrev  0x00001c40      0x15d ./SDK/platform/drivers/src/lpspi/lpspi_irq.o
 .debug_abbrev  0x00001d9d      0x3c5 ./SDK/platform/drivers/src/lpspi/lpspi_master_driver.o
 .debug_abbrev  0x00002162      0x277 ./SDK/platform/drivers/src/lpspi/lpspi_shared_function.o
 .debug_abbrev  0x000023d9      0x3ad ./SDK/platform/drivers/src/lpspi/lpspi_slave_driver.o
 .debug_abbrev  0x00002786      0x3a2 ./SDK/platform/drivers/src/lpuart/lpuart_driver.o
 .debug_abbrev  0x00002b28      0x1d0 ./SDK/platform/drivers/src/lpuart/lpuart_hw_access.o
 .debug_abbrev  0x00002cf8       0xb9 ./SDK/platform/drivers/src/lpuart/lpuart_irq.o
 .debug_abbrev  0x00002db1      0x2db ./SDK/platform/drivers/src/pins/pins_driver.o
 .debug_abbrev  0x0000308c      0x1f5 ./SDK/platform/drivers/src/pins/pins_port_hw_access.o
 .debug_abbrev  0x00003281      0x2c6 ./SDK/rtos/osif/osif_baremetal.o
 .debug_abbrev  0x00003547      0x122 ./board/clock_config.o
 .debug_abbrev  0x00003669       0xbe ./board/peripherals_adc_config_1.o
 .debug_abbrev  0x00003727       0xa5 ./board/peripherals_lpi2c_config_1.o
 .debug_abbrev  0x000037cc      0x124 ./board/peripherals_lpspi_1.o
 .debug_abbrev  0x000038f0       0xbc ./board/peripherals_lpuart_1.o
 .debug_abbrev  0x000039ac       0xca ./board/pin_mux.o
 .debug_abbrev  0x00003a76      0x27b ./src/main.o

.debug_aranges  0x00000000      0xcf0
 .debug_aranges
                0x00000000       0x20 ./Project_Settings/Startup_Code/startup_S32K144.o
 .debug_aranges
                0x00000020       0x30 ./SDK/platform/devices/S32K144/startup/system_S32K144.o
 .debug_aranges
                0x00000050       0x20 ./SDK/platform/devices/startup.o
 .debug_aranges
                0x00000070       0xe0 ./SDK/platform/drivers/src/adc/adc_driver.o
 .debug_aranges
                0x00000150      0x128 ./SDK/platform/drivers/src/clock/S32K1xx/clock_S32K1xx.o
 .debug_aranges
                0x00000278      0x138 ./SDK/platform/drivers/src/edma/edma_driver.o
 .debug_aranges
                0x000003b0       0x88 ./SDK/platform/drivers/src/edma/edma_hw_access.o
 .debug_aranges
                0x00000438       0xa0 ./SDK/platform/drivers/src/edma/edma_irq.o
 .debug_aranges
                0x000004d8       0x70 ./SDK/platform/drivers/src/interrupt/interrupt_manager.o
 .debug_aranges
                0x00000548      0x148 ./SDK/platform/drivers/src/lpi2c/lpi2c_driver.o
 .debug_aranges
                0x00000690       0x20 ./SDK/platform/drivers/src/lpi2c/lpi2c_hw_access.o
 .debug_aranges
                0x000006b0       0x28 ./SDK/platform/drivers/src/lpi2c/lpi2c_irq.o
 .debug_aranges
                0x000006d8       0x70 ./SDK/platform/drivers/src/lpspi/lpspi_hw_access.o
 .debug_aranges
                0x00000748       0x30 ./SDK/platform/drivers/src/lpspi/lpspi_irq.o
 .debug_aranges
                0x00000778       0x90 ./SDK/platform/drivers/src/lpspi/lpspi_master_driver.o
 .debug_aranges
                0x00000808       0x38 ./SDK/platform/drivers/src/lpspi/lpspi_shared_function.o
 .debug_aranges
                0x00000840       0x60 ./SDK/platform/drivers/src/lpspi/lpspi_slave_driver.o
 .debug_aranges
                0x000008a0      0x118 ./SDK/platform/drivers/src/lpuart/lpuart_driver.o
 .debug_aranges
                0x000009b8       0x78 ./SDK/platform/drivers/src/lpuart/lpuart_hw_access.o
 .debug_aranges
                0x00000a30       0x30 ./SDK/platform/drivers/src/lpuart/lpuart_irq.o
 .debug_aranges
                0x00000a60       0xe0 ./SDK/platform/drivers/src/pins/pins_driver.o
 .debug_aranges
                0x00000b40       0x40 ./SDK/platform/drivers/src/pins/pins_port_hw_access.o
 .debug_aranges
                0x00000b80       0x70 ./SDK/rtos/osif/osif_baremetal.o
 .debug_aranges
                0x00000bf0       0x18 ./board/clock_config.o
 .debug_aranges
                0x00000c08       0x18 ./board/peripherals_adc_config_1.o
 .debug_aranges
                0x00000c20       0x18 ./board/peripherals_lpi2c_config_1.o
 .debug_aranges
                0x00000c38       0x18 ./board/peripherals_lpspi_1.o
 .debug_aranges
                0x00000c50       0x18 ./board/peripherals_lpuart_1.o
 .debug_aranges
                0x00000c68       0x18 ./board/pin_mux.o
 .debug_aranges
                0x00000c80       0x70 ./src/main.o

.debug_str      0x00000000     0xb829
 .debug_str     0x00000000       0x7c ./Project_Settings/Startup_Code/startup_S32K144.o
 .debug_str     0x0000007c      0x3db ./SDK/platform/devices/S32K144/startup/system_S32K144.o
                                0x465 (size before relaxing)
 .debug_str     0x00000457      0x20c ./SDK/platform/devices/startup.o
                                0x454 (size before relaxing)
 .debug_str     0x00000663     0x22b7 ./SDK/platform/drivers/src/adc/adc_driver.o
                               0x25d4 (size before relaxing)
 .debug_str     0x0000291a     0x2971 ./SDK/platform/drivers/src/clock/S32K1xx/clock_S32K1xx.o
                               0x3a40 (size before relaxing)
 .debug_str     0x0000528b     0x18a0 ./SDK/platform/drivers/src/edma/edma_driver.o
                               0x2a52 (size before relaxing)
 .debug_str     0x00006b2b       0x46 ./SDK/platform/drivers/src/edma/edma_hw_access.o
                                0x816 (size before relaxing)
 .debug_str     0x00006b71      0x162 ./SDK/platform/drivers/src/edma/edma_irq.o
                                0x52b (size before relaxing)
 .debug_str     0x00006cd3      0x17a ./SDK/platform/drivers/src/interrupt/interrupt_manager.o
                                0xbaa (size before relaxing)
 .debug_str     0x00006e4d     0x1848 ./SDK/platform/drivers/src/lpi2c/lpi2c_driver.o
                               0x346c (size before relaxing)
 .debug_str     0x00008695       0x6f ./SDK/platform/drivers/src/lpi2c/lpi2c_hw_access.o
                                0x3fa (size before relaxing)
 .debug_str     0x00008704       0x5f ./SDK/platform/drivers/src/lpi2c/lpi2c_irq.o
                                0x2bc (size before relaxing)
 .debug_str     0x00008763      0x7cc ./SDK/platform/drivers/src/lpspi/lpspi_hw_access.o
                               0x1d33 (size before relaxing)
 .debug_str     0x00008f2f       0x79 ./SDK/platform/drivers/src/lpspi/lpspi_irq.o
                                0xb32 (size before relaxing)
 .debug_str     0x00008fa8      0x817 ./SDK/platform/drivers/src/lpspi/lpspi_master_driver.o
                               0x2264 (size before relaxing)
 .debug_str     0x000097bf       0xe4 ./SDK/platform/drivers/src/lpspi/lpspi_shared_function.o
                                0xd76 (size before relaxing)
 .debug_str     0x000098a3      0x169 ./SDK/platform/drivers/src/lpspi/lpspi_slave_driver.o
                               0x20d0 (size before relaxing)
 .debug_str     0x00009a0c      0xd1c ./SDK/platform/drivers/src/lpuart/lpuart_driver.o
                               0x255d (size before relaxing)
 .debug_str     0x0000a728       0xb9 ./SDK/platform/drivers/src/lpuart/lpuart_hw_access.o
                               0x10a9 (size before relaxing)
 .debug_str     0x0000a7e1       0x69 ./SDK/platform/drivers/src/lpuart/lpuart_irq.o
                                0x2b3 (size before relaxing)
 .debug_str     0x0000a84a      0x967 ./SDK/platform/drivers/src/pins/pins_driver.o
                               0x1470 (size before relaxing)
 .debug_str     0x0000b1b1      0x192 ./SDK/platform/drivers/src/pins/pins_port_hw_access.o
                                0x958 (size before relaxing)
 .debug_str     0x0000b343      0x18c ./SDK/rtos/osif/osif_baremetal.o
                               0x110c (size before relaxing)
 .debug_str     0x0000b4cf       0x71 ./board/clock_config.o
                               0x236c (size before relaxing)
 .debug_str     0x0000b540       0x6d ./board/peripherals_adc_config_1.o
                                0x81d (size before relaxing)
 .debug_str     0x0000b5ad       0x3a ./board/peripherals_lpi2c_config_1.o
                                0x429 (size before relaxing)
 .debug_str     0x0000b5e7       0x42 ./board/peripherals_lpspi_1.o
                               0x101a (size before relaxing)
 .debug_str     0x0000b629       0x42 ./board/peripherals_lpuart_1.o
                                0xdd9 (size before relaxing)
 .debug_str     0x0000b66b       0x2c ./board/pin_mux.o
                                0x61c (size before relaxing)
 .debug_str     0x0000b697      0x192 ./src/main.o
                               0x44f3 (size before relaxing)

.debug_loc      0x00000000    0x13454
 .debug_loc     0x00000000      0x10a ./SDK/platform/devices/S32K144/startup/system_S32K144.o
 .debug_loc     0x0000010a       0xec ./SDK/platform/devices/startup.o
 .debug_loc     0x000001f6     0x140b ./SDK/platform/drivers/src/adc/adc_driver.o
 .debug_loc     0x00001601     0x519d ./SDK/platform/drivers/src/clock/S32K1xx/clock_S32K1xx.o
 .debug_loc     0x0000679e     0x28d9 ./SDK/platform/drivers/src/edma/edma_driver.o
 .debug_loc     0x00009077      0x6fa ./SDK/platform/drivers/src/edma/edma_hw_access.o
 .debug_loc     0x00009771       0x50 ./SDK/platform/drivers/src/edma/edma_irq.o
 .debug_loc     0x000097c1      0x252 ./SDK/platform/drivers/src/interrupt/interrupt_manager.o
 .debug_loc     0x00009a13     0x3b66 ./SDK/platform/drivers/src/lpi2c/lpi2c_driver.o
 .debug_loc     0x0000d579       0x94 ./SDK/platform/drivers/src/lpi2c/lpi2c_hw_access.o
 .debug_loc     0x0000d60d      0x821 ./SDK/platform/drivers/src/lpspi/lpspi_hw_access.o
 .debug_loc     0x0000de2e      0xfd8 ./SDK/platform/drivers/src/lpspi/lpspi_master_driver.o
 .debug_loc     0x0000ee06      0x365 ./SDK/platform/drivers/src/lpspi/lpspi_shared_function.o
 .debug_loc     0x0000f16b      0xb2c ./SDK/platform/drivers/src/lpspi/lpspi_slave_driver.o
 .debug_loc     0x0000fc97     0x1e40 ./SDK/platform/drivers/src/lpuart/lpuart_driver.o
 .debug_loc     0x00011ad7      0x738 ./SDK/platform/drivers/src/lpuart/lpuart_hw_access.o
 .debug_loc     0x0001220f      0x77f ./SDK/platform/drivers/src/pins/pins_driver.o
 .debug_loc     0x0001298e      0x56a ./SDK/platform/drivers/src/pins/pins_port_hw_access.o
 .debug_loc     0x00012ef8      0x275 ./SDK/rtos/osif/osif_baremetal.o
 .debug_loc     0x0001316d      0x2e7 ./src/main.o

.debug_ranges   0x00000000     0x11e8
 .debug_ranges  0x00000000       0x20 ./SDK/platform/devices/S32K144/startup/system_S32K144.o
 .debug_ranges  0x00000020       0x10 ./SDK/platform/devices/startup.o
 .debug_ranges  0x00000030      0x170 ./SDK/platform/drivers/src/adc/adc_driver.o
 .debug_ranges  0x000001a0      0x488 ./SDK/platform/drivers/src/clock/S32K1xx/clock_S32K1xx.o
 .debug_ranges  0x00000628      0x158 ./SDK/platform/drivers/src/edma/edma_driver.o
 .debug_ranges  0x00000780       0x90 ./SDK/platform/drivers/src/edma/edma_hw_access.o
 .debug_ranges  0x00000810       0x90 ./SDK/platform/drivers/src/edma/edma_irq.o
 .debug_ranges  0x000008a0       0x98 ./SDK/platform/drivers/src/interrupt/interrupt_manager.o
 .debug_ranges  0x00000938      0x318 ./SDK/platform/drivers/src/lpi2c/lpi2c_driver.o
 .debug_ranges  0x00000c50       0x10 ./SDK/platform/drivers/src/lpi2c/lpi2c_hw_access.o
 .debug_ranges  0x00000c60       0x18 ./SDK/platform/drivers/src/lpi2c/lpi2c_irq.o
 .debug_ranges  0x00000c78       0x78 ./SDK/platform/drivers/src/lpspi/lpspi_hw_access.o
 .debug_ranges  0x00000cf0       0x20 ./SDK/platform/drivers/src/lpspi/lpspi_irq.o
 .debug_ranges  0x00000d10       0x80 ./SDK/platform/drivers/src/lpspi/lpspi_master_driver.o
 .debug_ranges  0x00000d90       0x28 ./SDK/platform/drivers/src/lpspi/lpspi_shared_function.o
 .debug_ranges  0x00000db8       0x50 ./SDK/platform/drivers/src/lpspi/lpspi_slave_driver.o
 .debug_ranges  0x00000e08      0x168 ./SDK/platform/drivers/src/lpuart/lpuart_driver.o
 .debug_ranges  0x00000f70       0x68 ./SDK/platform/drivers/src/lpuart/lpuart_hw_access.o
 .debug_ranges  0x00000fd8       0x20 ./SDK/platform/drivers/src/lpuart/lpuart_irq.o
 .debug_ranges  0x00000ff8       0xd0 ./SDK/platform/drivers/src/pins/pins_driver.o
 .debug_ranges  0x000010c8       0x30 ./SDK/platform/drivers/src/pins/pins_port_hw_access.o
 .debug_ranges  0x000010f8       0x90 ./SDK/rtos/osif/osif_baremetal.o
 .debug_ranges  0x00001188       0x60 ./src/main.o

.comment        0x00000000       0xa0
 .comment       0x00000000       0xa0 ./SDK/platform/devices/S32K144/startup/system_S32K144.o
                                 0xa1 (size before relaxing)
 .comment       0x000000a0       0xa1 ./SDK/platform/devices/startup.o
 .comment       0x000000a0       0xa1 ./SDK/platform/drivers/src/adc/adc_driver.o
 .comment       0x000000a0       0xa1 ./SDK/platform/drivers/src/clock/S32K1xx/clock_S32K1xx.o
 .comment       0x000000a0       0xa1 ./SDK/platform/drivers/src/edma/edma_driver.o
 .comment       0x000000a0       0xa1 ./SDK/platform/drivers/src/edma/edma_hw_access.o
 .comment       0x000000a0       0xa1 ./SDK/platform/drivers/src/edma/edma_irq.o
 .comment       0x000000a0       0xa1 ./SDK/platform/drivers/src/interrupt/interrupt_manager.o
 .comment       0x000000a0       0xa1 ./SDK/platform/drivers/src/lpi2c/lpi2c_driver.o
 .comment       0x000000a0       0xa1 ./SDK/platform/drivers/src/lpi2c/lpi2c_hw_access.o
 .comment       0x000000a0       0xa1 ./SDK/platform/drivers/src/lpi2c/lpi2c_irq.o
 .comment       0x000000a0       0xa1 ./SDK/platform/drivers/src/lpspi/lpspi_hw_access.o
 .comment       0x000000a0       0xa1 ./SDK/platform/drivers/src/lpspi/lpspi_irq.o
 .comment       0x000000a0       0xa1 ./SDK/platform/drivers/src/lpspi/lpspi_master_driver.o
 .comment       0x000000a0       0xa1 ./SDK/platform/drivers/src/lpspi/lpspi_shared_function.o
 .comment       0x000000a0       0xa1 ./SDK/platform/drivers/src/lpspi/lpspi_slave_driver.o
 .comment       0x000000a0       0xa1 ./SDK/platform/drivers/src/lpuart/lpuart_driver.o
 .comment       0x000000a0       0xa1 ./SDK/platform/drivers/src/lpuart/lpuart_hw_access.o
 .comment       0x000000a0       0xa1 ./SDK/platform/drivers/src/lpuart/lpuart_irq.o
 .comment       0x000000a0       0xa1 ./SDK/platform/drivers/src/pins/pins_driver.o
 .comment       0x000000a0       0xa1 ./SDK/platform/drivers/src/pins/pins_port_hw_access.o
 .comment       0x000000a0       0xa1 ./SDK/rtos/osif/osif_baremetal.o
 .comment       0x000000a0       0xa1 ./board/clock_config.o
 .comment       0x000000a0       0xa1 ./board/peripherals_adc_config_1.o
 .comment       0x000000a0       0xa1 ./board/peripherals_lpi2c_config_1.o
 .comment       0x000000a0       0xa1 ./board/peripherals_lpspi_1.o
 .comment       0x000000a0       0xa1 ./board/peripherals_lpuart_1.o
 .comment       0x000000a0       0xa1 ./board/pin_mux.o
 .comment       0x000000a0       0xa1 ./src/main.o

.debug_frame    0x00000000     0x27a4
 .debug_frame   0x00000000       0x40 ./SDK/platform/devices/S32K144/startup/system_S32K144.o
 .debug_frame   0x00000040       0x2c ./SDK/platform/devices/startup.o
 .debug_frame   0x0000006c      0x22c ./SDK/platform/drivers/src/adc/adc_driver.o
 .debug_frame   0x00000298      0x398 ./SDK/platform/drivers/src/clock/S32K1xx/clock_S32K1xx.o
 .debug_frame   0x00000630      0x388 ./SDK/platform/drivers/src/edma/edma_driver.o
 .debug_frame   0x000009b8      0x144 ./SDK/platform/drivers/src/edma/edma_hw_access.o
 .debug_frame   0x00000afc      0x1ac ./SDK/platform/drivers/src/edma/edma_irq.o
 .debug_frame   0x00000ca8       0xd8 ./SDK/platform/drivers/src/interrupt/interrupt_manager.o
 .debug_frame   0x00000d80      0x420 ./SDK/platform/drivers/src/lpi2c/lpi2c_driver.o
 .debug_frame   0x000011a0       0x20 ./SDK/platform/drivers/src/lpi2c/lpi2c_hw_access.o
 .debug_frame   0x000011c0       0x40 ./SDK/platform/drivers/src/lpi2c/lpi2c_irq.o
 .debug_frame   0x00001200       0xf4 ./SDK/platform/drivers/src/lpspi/lpspi_hw_access.o
 .debug_frame   0x000012f4       0x58 ./SDK/platform/drivers/src/lpspi/lpspi_irq.o
 .debug_frame   0x0000134c      0x1bc ./SDK/platform/drivers/src/lpspi/lpspi_master_driver.o
 .debug_frame   0x00001508       0x90 ./SDK/platform/drivers/src/lpspi/lpspi_shared_function.o
 .debug_frame   0x00001598      0x120 ./SDK/platform/drivers/src/lpspi/lpspi_slave_driver.o
 .debug_frame   0x000016b8      0x398 ./SDK/platform/drivers/src/lpuart/lpuart_driver.o
 .debug_frame   0x00001a50       0xf4 ./SDK/platform/drivers/src/lpuart/lpuart_hw_access.o
 .debug_frame   0x00001b44       0x58 ./SDK/platform/drivers/src/lpuart/lpuart_irq.o
 .debug_frame   0x00001b9c      0x1e4 ./SDK/platform/drivers/src/pins/pins_driver.o
 .debug_frame   0x00001d80       0x98 ./SDK/platform/drivers/src/pins/pins_port_hw_access.o
 .debug_frame   0x00001e18       0xf8 ./SDK/rtos/osif/osif_baremetal.o
 .debug_frame   0x00001f10      0x14c ./src/main.o
 .debug_frame   0x0000205c       0x20 C:/NXP/S32DS.3.4/S32DS/build_tools/gcc_v6.3/gcc-6.3-arm32-eabi/arm-none-eabi/newlib/lib/thumb/v7e-m/fpv4-sp/hard\libc_nano.a(lib_a-memset.o)
 .debug_frame   0x0000207c       0x74 C:/NXP/S32DS.3.4/S32DS/build_tools/gcc_v6.3/gcc-6.3-arm32-eabi/arm-none-eabi/newlib/lib/thumb/v7e-m/fpv4-sp/hard\libc_nano.a(lib_a-printf.o)